Archive member included because of file (symbol)

c:/program files (x86)/atmel/atmel toolchain/arm gcc/native/4.8.1443/arm-gnu-toolchain/bin/../lib/gcc/arm-none-eabi/4.8.4/armv7-m\libgcc.a(_arm_addsubdf3.o)
                              src/Sensor/soundSensor.o (__aeabi_i2d)
c:/program files (x86)/atmel/atmel toolchain/arm gcc/native/4.8.1443/arm-gnu-toolchain/bin/../lib/gcc/arm-none-eabi/4.8.4/armv7-m\libgcc.a(_arm_muldivdf3.o)
                              src/Sensor/soundSensor.o (__aeabi_ddiv)
c:/program files (x86)/atmel/atmel toolchain/arm gcc/native/4.8.1443/arm-gnu-toolchain/bin/../lib/gcc/arm-none-eabi/4.8.4/armv7-m\libgcc.a(_arm_fixdfsi.o)
                              src/Sensor/soundSensor.o (__aeabi_d2iz)
c:/program files (x86)/atmel/atmel toolchain/arm gcc/native/4.8.1443/arm-gnu-toolchain/bin/../lib/gcc/arm-none-eabi/4.8.4/../../../../arm-none-eabi/lib/armv7-m\libc.a(lib_a-exit.o)
                              c:/program files (x86)/atmel/atmel toolchain/arm gcc/native/4.8.1443/arm-gnu-toolchain/bin/../lib/gcc/arm-none-eabi/4.8.4/../../../../arm-none-eabi/lib/armv7-m/crt0.o (exit)
c:/program files (x86)/atmel/atmel toolchain/arm gcc/native/4.8.1443/arm-gnu-toolchain/bin/../lib/gcc/arm-none-eabi/4.8.4/../../../../arm-none-eabi/lib/armv7-m\libc.a(lib_a-impure.o)
                              c:/program files (x86)/atmel/atmel toolchain/arm gcc/native/4.8.1443/arm-gnu-toolchain/bin/../lib/gcc/arm-none-eabi/4.8.4/../../../../arm-none-eabi/lib/armv7-m\libc.a(lib_a-exit.o) (_global_impure_ptr)
c:/program files (x86)/atmel/atmel toolchain/arm gcc/native/4.8.1443/arm-gnu-toolchain/bin/../lib/gcc/arm-none-eabi/4.8.4/../../../../arm-none-eabi/lib/armv7-m\libc.a(lib_a-init.o)
                              c:/program files (x86)/atmel/atmel toolchain/arm gcc/native/4.8.1443/arm-gnu-toolchain/bin/../lib/gcc/arm-none-eabi/4.8.4/../../../../arm-none-eabi/lib/armv7-m/crt0.o (__libc_init_array)
c:/program files (x86)/atmel/atmel toolchain/arm gcc/native/4.8.1443/arm-gnu-toolchain/bin/../lib/gcc/arm-none-eabi/4.8.4/../../../../arm-none-eabi/lib/armv7-m\libc.a(lib_a-iprintf.o)
                              src/ASF/sam/drivers/twi/twi.o (iprintf)
c:/program files (x86)/atmel/atmel toolchain/arm gcc/native/4.8.1443/arm-gnu-toolchain/bin/../lib/gcc/arm-none-eabi/4.8.4/../../../../arm-none-eabi/lib/armv7-m\libc.a(lib_a-memset.o)
                              c:/program files (x86)/atmel/atmel toolchain/arm gcc/native/4.8.1443/arm-gnu-toolchain/bin/../lib/gcc/arm-none-eabi/4.8.4/../../../../arm-none-eabi/lib/armv7-m/crt0.o (memset)
c:/program files (x86)/atmel/atmel toolchain/arm gcc/native/4.8.1443/arm-gnu-toolchain/bin/../lib/gcc/arm-none-eabi/4.8.4/../../../../arm-none-eabi/lib/armv7-m\libc.a(lib_a-setbuf.o)
                              src/ASF/thirdparty/wireless/addons/sio2host/uart/sio2host.o (setbuf)
c:/program files (x86)/atmel/atmel toolchain/arm gcc/native/4.8.1443/arm-gnu-toolchain/bin/../lib/gcc/arm-none-eabi/4.8.4/../../../../arm-none-eabi/lib/armv7-m\libc.a(lib_a-setjmp.o)
                              src/ASF/common/utils/unit_test/suite.o (setjmp)
c:/program files (x86)/atmel/atmel toolchain/arm gcc/native/4.8.1443/arm-gnu-toolchain/bin/../lib/gcc/arm-none-eabi/4.8.4/../../../../arm-none-eabi/lib/armv7-m\libc.a(lib_a-setvbuf.o)
                              c:/program files (x86)/atmel/atmel toolchain/arm gcc/native/4.8.1443/arm-gnu-toolchain/bin/../lib/gcc/arm-none-eabi/4.8.4/../../../../arm-none-eabi/lib/armv7-m\libc.a(lib_a-setbuf.o) (setvbuf)
c:/program files (x86)/atmel/atmel toolchain/arm gcc/native/4.8.1443/arm-gnu-toolchain/bin/../lib/gcc/arm-none-eabi/4.8.4/../../../../arm-none-eabi/lib/armv7-m\libc.a(lib_a-sprintf.o)
                              src/Navigation/Navi.o (sprintf)
c:/program files (x86)/atmel/atmel toolchain/arm gcc/native/4.8.1443/arm-gnu-toolchain/bin/../lib/gcc/arm-none-eabi/4.8.4/../../../../arm-none-eabi/lib/armv7-m\libc.a(lib_a-svfprintf.o)
                              c:/program files (x86)/atmel/atmel toolchain/arm gcc/native/4.8.1443/arm-gnu-toolchain/bin/../lib/gcc/arm-none-eabi/4.8.4/../../../../arm-none-eabi/lib/armv7-m\libc.a(lib_a-sprintf.o) (_svfprintf_r)
c:/program files (x86)/atmel/atmel toolchain/arm gcc/native/4.8.1443/arm-gnu-toolchain/bin/../lib/gcc/arm-none-eabi/4.8.4/../../../../arm-none-eabi/lib/armv7-m\libc.a(lib_a-vfiprintf.o)
                              c:/program files (x86)/atmel/atmel toolchain/arm gcc/native/4.8.1443/arm-gnu-toolchain/bin/../lib/gcc/arm-none-eabi/4.8.4/../../../../arm-none-eabi/lib/armv7-m\libc.a(lib_a-iprintf.o) (_vfiprintf_r)
c:/program files (x86)/atmel/atmel toolchain/arm gcc/native/4.8.1443/arm-gnu-toolchain/bin/../lib/gcc/arm-none-eabi/4.8.4/../../../../arm-none-eabi/lib/armv7-m\libc.a(lib_a-vfprintf.o)
                              src/ASF/common/utils/unit_test/suite.o (vfprintf)
[...]
Memory Configuration

Name             Origin             Length             Attributes
rom              0x00080000         0x00080000         xr
sram0            0x20000000         0x00010000         xrw
sram1            0x20080000         0x00008000         xrw
ram              0x20070000         0x00018000         xrw
*default*        0x00000000         0xffffffff

Linker script and memory map

LOAD c:/program files (x86)/atmel/atmel toolchain/arm gcc/native/4.8.1443/arm-gnu-toolchain/bin/../lib/gcc/arm-none-eabi/4.8.4/armv7-m/crti.o
LOAD c:/program files (x86)/atmel/atmel toolchain/arm gcc/native/4.8.1443/arm-gnu-toolchain/bin/../lib/gcc/arm-none-eabi/4.8.4/armv7-m/crtbegin.o
LOAD c:/program files (x86)/atmel/atmel toolchain/arm gcc/native/4.8.1443/arm-gnu-toolchain/bin/../lib/gcc/arm-none-eabi/4.8.4/../../../../arm-none-eabi/lib/armv7-m/crt0.o
LOAD src/ASF/sam/drivers/twi/twi.o
LOAD src/Twi/Twifunctions.o
LOAD src/ASF/common/services/delay/sam/cycle_counter.o
LOAD src/ASF/common/services/serial/usart_serial.o
LOAD src/ASF/common/utils/stdio/read.o
LOAD src/ASF/common/utils/stdio/write.o
LOAD src/ASF/common/utils/unit_test/suite.o
LOAD src/ASF/sam/drivers/tc/tc.o
LOAD src/ASF/sam/drivers/uart/uart.o
LOAD src/ASF/sam/drivers/usart/usart.o
LOAD src/ASF/thirdparty/wireless/addons/sio2host/uart/sio2host.o
LOAD src/ConsoleFunctions.o
LOAD src/DelayFunctions.o
LOAD src/Navigation/Navi.o
LOAD src/Sensor/Kompass.o
LOAD src/Sensor/Servo.o
LOAD src/Sensor/soundSensor.o
LOAD src/ASF/common/services/clock/sam3x/sysclk.o
LOAD src/ASF/common/utils/interrupt/interrupt_sam_nvic.o
LOAD src/ASF/sam/boards/arduino_due_x/init.o
LOAD src/ASF/sam/drivers/pio/pio.o
LOAD src/ASF/sam/drivers/pio/pio_handler.o
LOAD src/ASF/sam/drivers/pmc/pmc.o
LOAD src/ASF/sam/drivers/pmc/sleep.o
LOAD src/ASF/sam/utils/cmsis/sam3x/source/templates/exceptions.o
LOAD src/ASF/sam/utils/cmsis/sam3x/source/templates/gcc/startup_sam3x.o
LOAD src/ASF/sam/utils/cmsis/sam3x/source/templates/system_sam3x.o
LOAD src/ASF/sam/utils/syscalls/gcc/syscalls.o
LOAD src/main.o
START GROUP
LOAD ../src/ASF/thirdparty/CMSIS/Lib/GCC\libarm_cortexM3l_math.a
LOAD c:/program files (x86)/atmel/atmel toolchain/arm gcc/native/4.8.1443/arm-gnu-toolchain/bin/../lib/gcc/arm-none-eabi/4.8.4/../../../../arm-none-eabi/lib/armv7-m\libm.a
END GROUP
START GROUP
LOAD c:/program files (x86)/atmel/atmel toolchain/arm gcc/native/4.8.1443/arm-gnu-toolchain/bin/../lib/gcc/arm-none-eabi/4.8.4/armv7-m\libgcc.a
LOAD c:/program files (x86)/atmel/atmel toolchain/arm gcc/native/4.8.1443/arm-gnu-toolchain/bin/../lib/gcc/arm-none-eabi/4.8.4/../../../../arm-none-eabi/lib/armv7-m\libc.a
END GROUP
LOAD c:/program files (x86)/atmel/atmel toolchain/arm gcc/native/4.8.1443/arm-gnu-toolchain/bin/../lib/gcc/arm-none-eabi/4.8.4/armv7-m/crtend.o
LOAD c:/program files (x86)/atmel/atmel toolchain/arm gcc/native/4.8.1443/arm-gnu-toolchain/bin/../lib/gcc/arm-none-eabi/4.8.4/armv7-m/crtn.o
                0x00002000                __stack_size__ = DEFINED (__stack_size__)?__stack_size__:0x2000
                0x20087ffc                __ram_end__ = ((ORIGIN (ram) + 0x18000) - 0x4)

.text           0x00080000     0x7838
                0x00080000                . = ALIGN (0x4)
                0x00080000                _sfixed = .
 *(.vectors .vectors.*)
 .vectors       0x00080000       0xf4 src/ASF/sam/utils/cmsis/sam3x/source/templates/gcc/startup_sam3x.o
                0x00080000                exception_table
 *(.text .text.* .gnu.linkonce.t.*)
 .text          0x000800f4       0x54 c:/program files (x86)/atmel/atmel toolchain/arm gcc/native/4.8.1443/arm-gnu-toolchain/bin/../lib/gcc/arm-none-eabi/4.8.4/armv7-m/crtbegin.o
 .text.usart_serial_read_packet
                0x00080148       0xc4 src/ASF/common/services/serial/usart_serial.o
                0x00080148                usart_serial_read_packet
 .text._read    0x0008020c       0x40 src/ASF/common/utils/stdio/read.o
                0x0008020c                _read
 .text._write   0x0008024c       0x54 src/ASF/common/utils/stdio/write.o
                0x0008024c                _write
 .text.test_case_fail
                0x000802a0       0xf4 src/ASF/common/utils/unit_test/suite.o
                0x000802a0                test_case_fail
 .text.tc_init  0x00080394       0x9c src/ASF/sam/drivers/tc/tc.o
                0x00080394                tc_init
 .text.tc_set_block_mode
                0x00080430       0x58 src/ASF/sam/drivers/tc/tc.o
                0x00080430                tc_set_block_mode
 .text.tc_stop  0x00080488       0x90 src/ASF/sam/drivers/tc/tc.o
                0x00080488                tc_stop
 .text.uart_init
                0x00080518       0x38 src/ASF/sam/drivers/uart/uart.o
                0x00080518                uart_init
 .text.uart_write
                0x00080550       0x10 src/ASF/sam/drivers/uart/uart.o
                0x00080550                uart_write
 .text.uart_read
                0x00080560       0x14 src/ASF/sam/drivers/uart/uart.o
                0x00080560                uart_read
 .text.usart_write
                0x00080574       0x14 src/ASF/sam/drivers/usart/usart.o
                0x00080574                usart_write
 .text.usart_read
                0x00080588       0x18 src/ASF/sam/drivers/usart/usart.o
                0x00080588                usart_read
 .text.USART0_Handler
                0x000805a0       0x6c src/ASF/thirdparty/wireless/addons/sio2host/uart/sio2host.o
                0x000805a0                USART0_Handler
 .text.usart_serial_getchar
                0x0008060c       0xa8 src/ConsoleFunctions.o
 .text.usart_serial_putchar
                0x000806b4       0xa8 src/ConsoleFunctions.o
 .text.configureConsole
                0x0008075c       0x94 src/ConsoleFunctions.o
                0x0008075c                configureConsole
 .text.delayInit
                0x000807f0       0x3c src/DelayFunctions.o
                0x000807f0                delayInit
 .text.init_servo
                0x0008082c       0x14 src/Sensor/Servo.o
                0x0008082c                init_servo
 .text.init_sensor
                0x00080840       0x34 src/Sensor/soundSensor.o
                0x00080840                init_sensor
 .text.sysclk_init
                0x00080874       0x64 src/ASF/common/services/clock/sam3x/sysclk.o
                0x00080874                sysclk_init
 .text.board_init
                0x000808d8       0x70 src/ASF/sam/boards/arduino_due_x/init.o
                0x000808d8                board_init
 .text.pio_set_peripheral
                0x00080948       0x40 src/ASF/sam/drivers/pio/pio.o
                0x00080948                pio_set_peripheral
 .text.pio_set_input
                0x00080988       0x34 src/ASF/sam/drivers/pio/pio.o
                0x00080988                pio_set_input
 .text.pio_set_output
                0x000809bc       0x28 src/ASF/sam/drivers/pio/pio.o
                0x000809bc                pio_set_output
 .text.pio_get_interrupt_status
                0x000809e4        0x4 src/ASF/sam/drivers/pio/pio.o
                0x000809e4                pio_get_interrupt_status
 .text.pio_get_interrupt_mask
                0x000809e8        0x4 src/ASF/sam/drivers/pio/pio.o
                0x000809e8                pio_get_interrupt_mask
 .text.pio_configure_pin
                0x000809ec       0xd4 src/ASF/sam/drivers/pio/pio.o
                0x000809ec                pio_configure_pin
 .text.pio_configure_pin_group
                0x00080ac0       0xa0 src/ASF/sam/drivers/pio/pio.o
                0x00080ac0                pio_configure_pin_group
 .text.pio_handler_process
                0x00080b60       0x58 src/ASF/sam/drivers/pio/pio_handler.o
                0x00080b60                pio_handler_process
 .text.PIOA_Handler
                0x00080bb8       0x14 src/ASF/sam/drivers/pio/pio_handler.o
                0x00080bb8                PIOA_Handler
 .text.PIOB_Handler
                0x00080bcc       0x14 src/ASF/sam/drivers/pio/pio_handler.o
                0x00080bcc                PIOB_Handler
 .text.PIOC_Handler
                0x00080be0       0x14 src/ASF/sam/drivers/pio/pio_handler.o
                0x00080be0                PIOC_Handler
 .text.PIOD_Handler
                0x00080bf4       0x14 src/ASF/sam/drivers/pio/pio_handler.o
                0x00080bf4                PIOD_Handler
 .text.pmc_switch_mck_to_pllack
                0x00080c08       0x64 src/ASF/sam/drivers/pmc/pmc.o
                0x00080c08                pmc_switch_mck_to_pllack
 .text.pmc_switch_mainck_to_xtal
                0x00080c6c       0x54 src/ASF/sam/drivers/pmc/pmc.o
                0x00080c6c                pmc_switch_mainck_to_xtal
 .text.pmc_osc_is_ready_mainck
                0x00080cc0       0x10 src/ASF/sam/drivers/pmc/pmc.o
                0x00080cc0                pmc_osc_is_ready_mainck
 .text.pmc_disable_pllack
                0x00080cd0       0x10 src/ASF/sam/drivers/pmc/pmc.o
                0x00080cd0                pmc_disable_pllack
 .text.pmc_is_locked_pllack
                0x00080ce0       0x10 src/ASF/sam/drivers/pmc/pmc.o
                0x00080ce0                pmc_is_locked_pllack
 .text.pmc_enable_periph_clk
                0x00080cf0       0x58 src/ASF/sam/drivers/pmc/pmc.o
                0x00080cf0                pmc_enable_periph_clk
 .text.Dummy_Handler
                0x00080d48        0x4 src/ASF/sam/utils/cmsis/sam3x/source/templates/exceptions.o
                0x00080d48                DACC_Handler
                0x00080d48                DebugMon_Handler
                0x00080d48                DMAC_Handler
                0x00080d48                TRNG_Handler
                0x00080d48                HardFault_Handler
                0x00080d48                TC2_Handler
                0x00080d48                SysTick_Handler
                0x00080d48                USART3_Handler
                0x00080d48                TWI1_Handler
                0x00080d48                PendSV_Handler
                0x00080d48                NMI_Handler
                0x00080d48                TC7_Handler
                0x00080d48                ADC_Handler
                0x00080d48                SMC_Handler
                0x00080d48                RTT_Handler
                0x00080d48                EFC1_Handler
                0x00080d48                RTC_Handler
                0x00080d48                UsageFault_Handler
                0x00080d48                TC6_Handler
                0x00080d48                WDT_Handler
                0x00080d48                CAN0_Handler
                0x00080d48                TC4_Handler
                0x00080d48                TC1_Handler
                0x00080d48                HSMCI_Handler
                0x00080d48                TC3_Handler
                0x00080d48                Dummy_Handler
                0x00080d48                TWI0_Handler
                0x00080d48                USART1_Handler
                0x00080d48                SSC_Handler
                0x00080d48                EFC0_Handler
                0x00080d48                PMC_Handler
                0x00080d48                PWM_Handler
                0x00080d48                CAN1_Handler
                0x00080d48                MemManage_Handler
                0x00080d48                SUPC_Handler
                0x00080d48                SVC_Handler
                0x00080d48                TC8_Handler
                0x00080d48                USART2_Handler
                0x00080d48                EMAC_Handler
                0x00080d48                UART_Handler
                0x00080d48                BusFault_Handler
                0x00080d48                RSTC_Handler
                0x00080d48                TC0_Handler
                0x00080d48                TC5_Handler
                0x00080d48                UOTGHS_Handler
                0x00080d48                SPI0_Handler
 .text.Reset_Handler
                0x00080d4c       0xb0 src/ASF/sam/utils/cmsis/sam3x/source/templates/gcc/startup_sam3x.o
                0x00080d4c                Reset_Handler
 .text.SystemCoreClockUpdate
                0x00080dfc      0x11c src/ASF/sam/utils/cmsis/sam3x/source/templates/system_sam3x.o
                0x00080dfc                SystemCoreClockUpdate
 .text._sbrk    0x00080f18       0x34 src/ASF/sam/utils/syscalls/gcc/syscalls.o
                0x00080f18                _sbrk
 .text._close   0x00080f4c        0x8 src/ASF/sam/utils/syscalls/gcc/syscalls.o
                0x00080f4c                _close
 .text._fstat   0x00080f54        0xc src/ASF/sam/utils/syscalls/gcc/syscalls.o
                0x00080f54                _fstat
 .text._isatty  0x00080f60        0x4 src/ASF/sam/utils/syscalls/gcc/syscalls.o
                0x00080f60                _isatty
 .text._lseek   0x00080f64        0x4 src/ASF/sam/utils/syscalls/gcc/syscalls.o
                0x00080f64                _lseek
 .text.main     0x00080f68       0x70 src/main.o
                0x00080f68                main
 .text          0x00080fd8      0x370 c:/program files (x86)/atmel/atmel toolchain/arm gcc/native/4.8.1443/arm-gnu-toolchain/bin/../lib/gcc/arm-none-eabi/4.8.4/armv7-m\libgcc.a(_arm_addsubdf3.o)
                0x00080fd8                __aeabi_drsub
                0x00080fe0                __aeabi_dsub
                0x00080fe0                __subdf3
                0x00080fe4                __aeabi_dadd
                0x00080fe4                __adddf3
                0x0008125c                __floatunsidf
                0x0008125c                __aeabi_ui2d
                0x0008127c                __floatsidf
                0x0008127c                __aeabi_i2d
                0x000812a0                __aeabi_f2d
                0x000812a0                __extendsfdf2
                0x000812dc                __floatundidf
                0x000812dc                __aeabi_ul2d
                0x000812ec                __floatdidf
                0x000812ec                __aeabi_l2d
 .text          0x00081348      0x424 c:/program files (x86)/atmel/atmel toolchain/arm gcc/native/4.8.1443/arm-gnu-toolchain/bin/../lib/gcc/arm-none-eabi/4.8.4/armv7-m\libgcc.a(_arm_muldivdf3.o)
                0x00081348                __aeabi_dmul
                0x00081348                __muldf3
                0x0008159c                __divdf3
                0x0008159c                __aeabi_ddiv
 .text          0x0008176c       0x50 c:/program files (x86)/atmel/atmel toolchain/arm gcc/native/4.8.1443/arm-gnu-toolchain/bin/../lib/gcc/arm-none-eabi/4.8.4/armv7-m\libgcc.a(_arm_fixdfsi.o)
                0x0008176c                __aeabi_d2iz
                0x0008176c                __fixdfsi
 .text.__libc_init_array
                0x000817bc       0x50 c:/program files (x86)/atmel/atmel toolchain/arm gcc/native/4.8.1443/arm-gnu-toolchain/bin/../lib/gcc/arm-none-eabi/4.8.4/../../../../arm-none-eabi/lib/armv7-m\libc.a(lib_a-init.o)
                0x000817bc                __libc_init_array
 .text.iprintf  0x0008180c       0x28 c:/program files (x86)/atmel/atmel toolchain/arm gcc/native/4.8.1443/arm-gnu-toolchain/bin/../lib/gcc/arm-none-eabi/4.8.4/../../../../arm-none-eabi/lib/armv7-m\libc.a(lib_a-iprintf.o)
                0x0008180c                iprintf
 .text.memset   0x00081834       0x94 c:/program files (x86)/atmel/atmel toolchain/arm gcc/native/4.8.1443/arm-gnu-toolchain/bin/../lib/gcc/arm-none-eabi/4.8.4/../../../../arm-none-eabi/lib/armv7-m\libc.a(lib_a-memset.o)
                0x00081834                memset
 .text.setbuf   0x000818c8       0x10 c:/program files (x86)/atmel/atmel toolchain/arm gcc/native/4.8.1443/arm-gnu-toolchain/bin/../lib/gcc/arm-none-eabi/4.8.4/../../../../arm-none-eabi/lib/armv7-m\libc.a(lib_a-setbuf.o)
                0x000818c8                setbuf
 .text          0x000818d8       0x1c c:/program files (x86)/atmel/atmel toolchain/arm gcc/native/4.8.1443/arm-gnu-toolchain/bin/../lib/gcc/arm-none-eabi/4.8.4/../../../../arm-none-eabi/lib/armv7-m\libc.a(lib_a-setjmp.o)
                0x000818d8                setjmp
                0x000818e4                longjmp
 .text.setvbuf  0x000818f4      0x100 c:/program files (x86)/atmel/atmel toolchain/arm gcc/native/4.8.1443/arm-gnu-toolchain/bin/../lib/gcc/arm-none-eabi/4.8.4/../../../../arm-none-eabi/lib/armv7-m\libc.a(lib_a-setvbuf.o)
                0x000818f4                setvbuf
 .text.__sprint_r.part.0
                0x000819f4       0x78 c:/program files (x86)/atmel/atmel toolchain/arm gcc/native/4.8.1443/arm-gnu-toolchain/bin/../lib/gcc/arm-none-eabi/4.8.4/../../../../arm-none-eabi/lib/armv7-m\libc.a(lib_a-vfiprintf.o)
 .text.__sprint_r
                0x00081a6c       0x18 c:/program files (x86)/atmel/atmel toolchain/arm gcc/native/4.8.1443/arm-gnu-toolchain/bin/../lib/gcc/arm-none-eabi/4.8.4/../../../../arm-none-eabi/lib/armv7-m\libc.a(lib_a-vfiprintf.o)
                0x00081a6c                __sprint_r
 .text._vfiprintf_r
                0x00081a84      0xc54 c:/program files (x86)/atmel/atmel toolchain/arm gcc/native/4.8.1443/arm-gnu-toolchain/bin/../lib/gcc/arm-none-eabi/4.8.4/../../../../arm-none-eabi/lib/armv7-m\libc.a(lib_a-vfiprintf.o)
                0x00081a84                _vfiprintf_r
 .text.__sbprintf
                0x000826d8       0x7c c:/program files (x86)/atmel/atmel toolchain/arm gcc/native/4.8.1443/arm-gnu-toolchain/bin/../lib/gcc/arm-none-eabi/4.8.4/../../../../arm-none-eabi/lib/armv7-m\libc.a(lib_a-vfiprintf.o)
 .text._vfprintf_r
                0x00082754     0x1524 c:/program files (x86)/atmel/atmel toolchain/arm gcc/native/4.8.1443/arm-gnu-toolchain/bin/../lib/gcc/arm-none-eabi/4.8.4/../../../../arm-none-eabi/lib/armv7-m\libc.a(lib_a-vfprintf.o)
                0x00082754                _vfprintf_r
 .text.vfprintf
                0x00083c78       0x18 c:/program files (x86)/atmel/atmel toolchain/arm gcc/native/4.8.1443/arm-gnu-toolchain/bin/../lib/gcc/arm-none-eabi/4.8.4/../../../../arm-none-eabi/lib/armv7-m\libc.a(lib_a-vfprintf.o)
                0x00083c78                vfprintf
 .text.__sbprintf
                0x00083c90       0x7c c:/program files (x86)/atmel/atmel toolchain/arm gcc/native/4.8.1443/arm-gnu-toolchain/bin/../lib/gcc/arm-none-eabi/4.8.4/../../../../arm-none-eabi/lib/armv7-m\libc.a(lib_a-vfprintf.o)
 .text.__swbuf_r
                0x00083d0c       0xa8 c:/program files (x86)/atmel/atmel toolchain/arm gcc/native/4.8.1443/arm-gnu-toolchain/bin/../lib/gcc/arm-none-eabi/4.8.4/../../../../arm-none-eabi/lib/armv7-m\libc.a(lib_a-wbuf.o)
                0x00083d0c                __swbuf_r
 .text.__swsetup_r
                0x00083db4       0xc4 c:/program files (x86)/atmel/atmel toolchain/arm gcc/native/4.8.1443/arm-gnu-toolchain/bin/../lib/gcc/arm-none-eabi/4.8.4/../../../../arm-none-eabi/lib/armv7-m\libc.a(lib_a-wsetup.o)
                0x00083db4                __swsetup_r
 .text.startup.register_fini
                0x00083e78       0x14 c:/program files (x86)/atmel/atmel toolchain/arm gcc/native/4.8.1443/arm-gnu-toolchain/bin/../lib/gcc/arm-none-eabi/4.8.4/../../../../arm-none-eabi/lib/armv7-m\libc.a(lib_a-__call_atexit.o)
 .text.atexit   0x00083e8c        0xc c:/program files (x86)/atmel/atmel toolchain/arm gcc/native/4.8.1443/arm-gnu-toolchain/bin/../lib/gcc/arm-none-eabi/4.8.4/../../../../arm-none-eabi/lib/armv7-m\libc.a(lib_a-atexit.o)
                0x00083e8c                atexit
 .text.quorem   0x00083e98      0x134 c:/program files (x86)/atmel/atmel toolchain/arm gcc/native/4.8.1443/arm-gnu-toolchain/bin/../lib/gcc/arm-none-eabi/4.8.4/../../../../arm-none-eabi/lib/armv7-m\libc.a(lib_a-dtoa.o)
 *fill*         0x00083fcc        0x4 
 .text._dtoa_r  0x00083fd0      0xe38 c:/program files (x86)/atmel/atmel toolchain/arm gcc/native/4.8.1443/arm-gnu-toolchain/bin/../lib/gcc/arm-none-eabi/4.8.4/../../../../arm-none-eabi/lib/armv7-m\libc.a(lib_a-dtoa.o)
                0x00083fd0                _dtoa_r
 .text.__sflush_r
                0x00084e08      0x148 c:/program files (x86)/atmel/atmel toolchain/arm gcc/native/4.8.1443/arm-gnu-toolchain/bin/../lib/gcc/arm-none-eabi/4.8.4/../../../../arm-none-eabi/lib/armv7-m\libc.a(lib_a-fflush.o)
                0x00084e08                __sflush_r
 .text._fflush_r
                0x00084f50       0x2c c:/program files (x86)/atmel/atmel toolchain/arm gcc/native/4.8.1443/arm-gnu-toolchain/bin/../lib/gcc/arm-none-eabi/4.8.4/../../../../arm-none-eabi/lib/armv7-m\libc.a(lib_a-fflush.o)
                0x00084f50                _fflush_r
 .text._cleanup_r
                0x00084f7c        0xc c:/program files (x86)/atmel/atmel toolchain/arm gcc/native/4.8.1443/arm-gnu-toolchain/bin/../lib/gcc/arm-none-eabi/4.8.4/../../../../arm-none-eabi/lib/armv7-m\libc.a(lib_a-findfp.o)
                0x00084f7c                _cleanup_r
 .text.__sinit  0x00084f88       0xf4 c:/program files (x86)/atmel/atmel toolchain/arm gcc/native/4.8.1443/arm-gnu-toolchain/bin/../lib/gcc/arm-none-eabi/4.8.4/../../../../arm-none-eabi/lib/armv7-m\libc.a(lib_a-findfp.o)
                0x00084f88                __sinit
 .text.__sfp_lock_acquire
                0x0008507c        0x4 c:/program files (x86)/atmel/atmel toolchain/arm gcc/native/4.8.1443/arm-gnu-toolchain/bin/../lib/gcc/arm-none-eabi/4.8.4/../../../../arm-none-eabi/lib/armv7-m\libc.a(lib_a-findfp.o)
                0x0008507c                __sfp_lock_acquire
 .text.__sfp_lock_release
                0x00085080        0x4 c:/program files (x86)/atmel/atmel toolchain/arm gcc/native/4.8.1443/arm-gnu-toolchain/bin/../lib/gcc/arm-none-eabi/4.8.4/../../../../arm-none-eabi/lib/armv7-m\libc.a(lib_a-findfp.o)
                0x00085080                __sfp_lock_release
 .text.__libc_fini_array
                0x00085084       0x30 c:/program files (x86)/atmel/atmel toolchain/arm gcc/native/4.8.1443/arm-gnu-toolchain/bin/../lib/gcc/arm-none-eabi/4.8.4/../../../../arm-none-eabi/lib/armv7-m\libc.a(lib_a-fini.o)
                0x00085084                __libc_fini_array
 .text._fputwc_r
                0x000850b4       0xc0 c:/program files (x86)/atmel/atmel toolchain/arm gcc/native/4.8.1443/arm-gnu-toolchain/bin/../lib/gcc/arm-none-eabi/4.8.4/../../../../arm-none-eabi/lib/armv7-m\libc.a(lib_a-fputwc.o)
                0x000850b4                _fputwc_r
 .text._malloc_trim_r
                0x00085174       0x9c c:/program files (x86)/atmel/atmel toolchain/arm gcc/native/4.8.1443/arm-gnu-toolchain/bin/../lib/gcc/arm-none-eabi/4.8.4/../../../../arm-none-eabi/lib/armv7-m\libc.a(lib_a-freer.o)
                0x00085174                _malloc_trim_r
 .text._free_r  0x00085210      0x198 c:/program files (x86)/atmel/atmel toolchain/arm gcc/native/4.8.1443/arm-gnu-toolchain/bin/../lib/gcc/arm-none-eabi/4.8.4/../../../../arm-none-eabi/lib/armv7-m\libc.a(lib_a-freer.o)
                0x00085210                _free_r
 .text.__sfvwrite_r
                0x000853a8      0x318 c:/program files (x86)/atmel/atmel toolchain/arm gcc/native/4.8.1443/arm-gnu-toolchain/bin/../lib/gcc/arm-none-eabi/4.8.4/../../../../arm-none-eabi/lib/armv7-m\libc.a(lib_a-fvwrite.o)
                0x000853a8                __sfvwrite_r
 .text._fwalk   0x000856c0       0x48 c:/program files (x86)/atmel/atmel toolchain/arm gcc/native/4.8.1443/arm-gnu-toolchain/bin/../lib/gcc/arm-none-eabi/4.8.4/../../../../arm-none-eabi/lib/armv7-m\libc.a(lib_a-fwalk.o)
                0x000856c0                _fwalk
 .text.__locale_charset
                0x00085708        0x8 c:/program files (x86)/atmel/atmel toolchain/arm gcc/native/4.8.1443/arm-gnu-toolchain/bin/../lib/gcc/arm-none-eabi/4.8.4/../../../../arm-none-eabi/lib/armv7-m\libc.a(lib_a-locale.o)
                0x00085708                __locale_charset
 .text.__locale_mb_cur_max
                0x00085710        0xc c:/program files (x86)/atmel/atmel toolchain/arm gcc/native/4.8.1443/arm-gnu-toolchain/bin/../lib/gcc/arm-none-eabi/4.8.4/../../../../arm-none-eabi/lib/armv7-m\libc.a(lib_a-locale.o)
                0x00085710                __locale_mb_cur_max
 .text._localeconv_r
                0x0008571c        0x8 c:/program files (x86)/atmel/atmel toolchain/arm gcc/native/4.8.1443/arm-gnu-toolchain/bin/../lib/gcc/arm-none-eabi/4.8.4/../../../../arm-none-eabi/lib/armv7-m\libc.a(lib_a-locale.o)
                0x0008571c                _localeconv_r
 .text.__smakebuf_r
                0x00085724       0xe0 c:/program files (x86)/atmel/atmel toolchain/arm gcc/native/4.8.1443/arm-gnu-toolchain/bin/../lib/gcc/arm-none-eabi/4.8.4/../../../../arm-none-eabi/lib/armv7-m\libc.a(lib_a-makebuf.o)
                0x00085724                __smakebuf_r
 .text.malloc   0x00085804       0x10 c:/program files (x86)/atmel/atmel toolchain/arm gcc/native/4.8.1443/arm-gnu-toolchain/bin/../lib/gcc/arm-none-eabi/4.8.4/../../../../arm-none-eabi/lib/armv7-m\libc.a(lib_a-malloc.o)
                0x00085804                malloc
 .text._malloc_r
                0x00085814      0x538 c:/program files (x86)/atmel/atmel toolchain/arm gcc/native/4.8.1443/arm-gnu-toolchain/bin/../lib/gcc/arm-none-eabi/4.8.4/../../../../arm-none-eabi/lib/armv7-m\libc.a(lib_a-mallocr.o)
                0x00085814                _malloc_r
 .text.memchr   0x00085d4c       0x94 c:/program files (x86)/atmel/atmel toolchain/arm gcc/native/4.8.1443/arm-gnu-toolchain/bin/../lib/gcc/arm-none-eabi/4.8.4/../../../../arm-none-eabi/lib/armv7-m\libc.a(lib_a-memchr-stub.o)
                0x00085d4c                memchr
 .text          0x00085de0       0xec c:/program files (x86)/atmel/atmel toolchain/arm gcc/native/4.8.1443/arm-gnu-toolchain/bin/../lib/gcc/arm-none-eabi/4.8.4/../../../../arm-none-eabi/lib/armv7-m\libc.a(lib_a-memcpy.o)
                0x00085de0                memcpy
 .text.memmove  0x00085ecc       0xcc c:/program files (x86)/atmel/atmel toolchain/arm gcc/native/4.8.1443/arm-gnu-toolchain/bin/../lib/gcc/arm-none-eabi/4.8.4/../../../../arm-none-eabi/lib/armv7-m\libc.a(lib_a-memmove.o)
                0x00085ecc                memmove
 .text.__malloc_lock
                0x00085f98        0x4 c:/program files (x86)/atmel/atmel toolchain/arm gcc/native/4.8.1443/arm-gnu-toolchain/bin/../lib/gcc/arm-none-eabi/4.8.4/../../../../arm-none-eabi/lib/armv7-m\libc.a(lib_a-mlock.o)
                0x00085f98                __malloc_lock
 .text.__malloc_unlock
                0x00085f9c        0x4 c:/program files (x86)/atmel/atmel toolchain/arm gcc/native/4.8.1443/arm-gnu-toolchain/bin/../lib/gcc/arm-none-eabi/4.8.4/../../../../arm-none-eabi/lib/armv7-m\libc.a(lib_a-mlock.o)
                0x00085f9c                __malloc_unlock
 .text._Balloc  0x00085fa0       0x4c c:/program files (x86)/atmel/atmel toolchain/arm gcc/native/4.8.1443/arm-gnu-toolchain/bin/../lib/gcc/arm-none-eabi/4.8.4/../../../../arm-none-eabi/lib/armv7-m\libc.a(lib_a-mprec.o)
                0x00085fa0                _Balloc
 .text._Bfree   0x00085fec       0x14 c:/program files (x86)/atmel/atmel toolchain/arm gcc/native/4.8.1443/arm-gnu-toolchain/bin/../lib/gcc/arm-none-eabi/4.8.4/../../../../arm-none-eabi/lib/armv7-m\libc.a(lib_a-mprec.o)
                0x00085fec                _Bfree
 .text.__multadd
                0x00086000       0x94 c:/program files (x86)/atmel/atmel toolchain/arm gcc/native/4.8.1443/arm-gnu-toolchain/bin/../lib/gcc/arm-none-eabi/4.8.4/../../../../arm-none-eabi/lib/armv7-m\libc.a(lib_a-mprec.o)
                0x00086000                __multadd
 .text.__hi0bits
                0x00086094       0x40 c:/program files (x86)/atmel/atmel toolchain/arm gcc/native/4.8.1443/arm-gnu-toolchain/bin/../lib/gcc/arm-none-eabi/4.8.4/../../../../arm-none-eabi/lib/armv7-m\libc.a(lib_a-mprec.o)
                0x00086094                __hi0bits
 .text.__lo0bits
                0x000860d4       0x5c c:/program files (x86)/atmel/atmel toolchain/arm gcc/native/4.8.1443/arm-gnu-toolchain/bin/../lib/gcc/arm-none-eabi/4.8.4/../../../../arm-none-eabi/lib/armv7-m\libc.a(lib_a-mprec.o)
                0x000860d4                __lo0bits
 .text.__i2b    0x00086130       0x14 c:/program files (x86)/atmel/atmel toolchain/arm gcc/native/4.8.1443/arm-gnu-toolchain/bin/../lib/gcc/arm-none-eabi/4.8.4/../../../../arm-none-eabi/lib/armv7-m\libc.a(lib_a-mprec.o)
                0x00086130                __i2b
 .text.__multiply
                0x00086144      0x13c c:/program files (x86)/atmel/atmel toolchain/arm gcc/native/4.8.1443/arm-gnu-toolchain/bin/../lib/gcc/arm-none-eabi/4.8.4/../../../../arm-none-eabi/lib/armv7-m\libc.a(lib_a-mprec.o)
                0x00086144                __multiply
 .text.__pow5mult
                0x00086280       0x9c c:/program files (x86)/atmel/atmel toolchain/arm gcc/native/4.8.1443/arm-gnu-toolchain/bin/../lib/gcc/arm-none-eabi/4.8.4/../../../../arm-none-eabi/lib/armv7-m\libc.a(lib_a-mprec.o)
                0x00086280                __pow5mult
 .text.__lshift
                0x0008631c       0xbc c:/program files (x86)/atmel/atmel toolchain/arm gcc/native/4.8.1443/arm-gnu-toolchain/bin/../lib/gcc/arm-none-eabi/4.8.4/../../../../arm-none-eabi/lib/armv7-m\libc.a(lib_a-mprec.o)
                0x0008631c                __lshift
 .text.__mcmp   0x000863d8       0x48 c:/program files (x86)/atmel/atmel toolchain/arm gcc/native/4.8.1443/arm-gnu-toolchain/bin/../lib/gcc/arm-none-eabi/4.8.4/../../../../arm-none-eabi/lib/armv7-m\libc.a(lib_a-mprec.o)
                0x000863d8                __mcmp
 .text.__mdiff  0x00086420       0xd8 c:/program files (x86)/atmel/atmel toolchain/arm gcc/native/4.8.1443/arm-gnu-toolchain/bin/../lib/gcc/arm-none-eabi/4.8.4/../../../../arm-none-eabi/lib/armv7-m\libc.a(lib_a-mprec.o)
                0x00086420                __mdiff
 .text.__d2b    0x000864f8       0xbc c:/program files (x86)/atmel/atmel toolchain/arm gcc/native/4.8.1443/arm-gnu-toolchain/bin/../lib/gcc/arm-none-eabi/4.8.4/../../../../arm-none-eabi/lib/armv7-m\libc.a(lib_a-mprec.o)
                0x000864f8                __d2b
 .text._realloc_r
                0x000865b4      0x3c0 c:/program files (x86)/atmel/atmel toolchain/arm gcc/native/4.8.1443/arm-gnu-toolchain/bin/../lib/gcc/arm-none-eabi/4.8.4/../../../../arm-none-eabi/lib/armv7-m\libc.a(lib_a-reallocr.o)
                0x000865b4                _realloc_r
 .text.__fpclassifyd
                0x00086974       0x50 c:/program files (x86)/atmel/atmel toolchain/arm gcc/native/4.8.1443/arm-gnu-toolchain/bin/../lib/gcc/arm-none-eabi/4.8.4/../../../../arm-none-eabi/lib/armv7-m\libc.a(lib_a-s_fpclassify.o)
                0x00086974                __fpclassifyd
 .text._sbrk_r  0x000869c4       0x24 c:/program files (x86)/atmel/atmel toolchain/arm gcc/native/4.8.1443/arm-gnu-toolchain/bin/../lib/gcc/arm-none-eabi/4.8.4/../../../../arm-none-eabi/lib/armv7-m\libc.a(lib_a-sbrkr.o)
                0x000869c4                _sbrk_r
 .text.__sread  0x000869e8       0x24 c:/program files (x86)/atmel/atmel toolchain/arm gcc/native/4.8.1443/arm-gnu-toolchain/bin/../lib/gcc/arm-none-eabi/4.8.4/../../../../arm-none-eabi/lib/armv7-m\libc.a(lib_a-stdio.o)
                0x000869e8                __sread
 .text.__swrite
                0x00086a0c       0x38 c:/program files (x86)/atmel/atmel toolchain/arm gcc/native/4.8.1443/arm-gnu-toolchain/bin/../lib/gcc/arm-none-eabi/4.8.4/../../../../arm-none-eabi/lib/armv7-m\libc.a(lib_a-stdio.o)
                0x00086a0c                __swrite
 .text.__sseek  0x00086a44       0x20 c:/program files (x86)/atmel/atmel toolchain/arm gcc/native/4.8.1443/arm-gnu-toolchain/bin/../lib/gcc/arm-none-eabi/4.8.4/../../../../arm-none-eabi/lib/armv7-m\libc.a(lib_a-stdio.o)
                0x00086a44                __sseek
 .text.__sclose
                0x00086a64        0x8 c:/program files (x86)/atmel/atmel toolchain/arm gcc/native/4.8.1443/arm-gnu-toolchain/bin/../lib/gcc/arm-none-eabi/4.8.4/../../../../arm-none-eabi/lib/armv7-m\libc.a(lib_a-stdio.o)
                0x00086a64                __sclose
 .text.strlen   0x00086a6c       0x60 c:/program files (x86)/atmel/atmel toolchain/arm gcc/native/4.8.1443/arm-gnu-toolchain/bin/../lib/gcc/arm-none-eabi/4.8.4/../../../../arm-none-eabi/lib/armv7-m\libc.a(lib_a-strlen.o)
                0x00086a6c                strlen
 .text._wcrtomb_r
                0x00086acc       0x50 c:/program files (x86)/atmel/atmel toolchain/arm gcc/native/4.8.1443/arm-gnu-toolchain/bin/../lib/gcc/arm-none-eabi/4.8.4/../../../../arm-none-eabi/lib/armv7-m\libc.a(lib_a-wcrtomb.o)
                0x00086acc                _wcrtomb_r
 .text.__ascii_wctomb
                0x00086b1c       0x1c c:/program files (x86)/atmel/atmel toolchain/arm gcc/native/4.8.1443/arm-gnu-toolchain/bin/../lib/gcc/arm-none-eabi/4.8.4/../../../../arm-none-eabi/lib/armv7-m\libc.a(lib_a-wctomb_r.o)
                0x00086b1c                __ascii_wctomb
 .text._write_r
                0x00086b38       0x28 c:/program files (x86)/atmel/atmel toolchain/arm gcc/native/4.8.1443/arm-gnu-toolchain/bin/../lib/gcc/arm-none-eabi/4.8.4/../../../../arm-none-eabi/lib/armv7-m\libc.a(lib_a-writer.o)
                0x00086b38                _write_r
 .text.__register_exitproc
                0x00086b60       0xa8 c:/program files (x86)/atmel/atmel toolchain/arm gcc/native/4.8.1443/arm-gnu-toolchain/bin/../lib/gcc/arm-none-eabi/4.8.4/../../../../arm-none-eabi/lib/armv7-m\libc.a(lib_a-__atexit.o)
                0x00086b60                __register_exitproc
 .text._calloc_r
                0x00086c08       0x60 c:/program files (x86)/atmel/atmel toolchain/arm gcc/native/4.8.1443/arm-gnu-toolchain/bin/../lib/gcc/arm-none-eabi/4.8.4/../../../../arm-none-eabi/lib/armv7-m\libc.a(lib_a-callocr.o)
                0x00086c08                _calloc_r
 .text._close_r
                0x00086c68       0x24 c:/program files (x86)/atmel/atmel toolchain/arm gcc/native/4.8.1443/arm-gnu-toolchain/bin/../lib/gcc/arm-none-eabi/4.8.4/../../../../arm-none-eabi/lib/armv7-m\libc.a(lib_a-closer.o)
                0x00086c68                _close_r
 .text._fclose_r
                0x00086c8c       0x80 c:/program files (x86)/atmel/atmel toolchain/arm gcc/native/4.8.1443/arm-gnu-toolchain/bin/../lib/gcc/arm-none-eabi/4.8.4/../../../../arm-none-eabi/lib/armv7-m\libc.a(lib_a-fclose.o)
                0x00086c8c                _fclose_r
 .text.fclose   0x00086d0c       0x10 c:/program files (x86)/atmel/atmel toolchain/arm gcc/native/4.8.1443/arm-gnu-toolchain/bin/../lib/gcc/arm-none-eabi/4.8.4/../../../../arm-none-eabi/lib/armv7-m\libc.a(lib_a-fclose.o)
                0x00086d0c                fclose
 .text._fstat_r
                0x00086d1c       0x28 c:/program files (x86)/atmel/atmel toolchain/arm gcc/native/4.8.1443/arm-gnu-toolchain/bin/../lib/gcc/arm-none-eabi/4.8.4/../../../../arm-none-eabi/lib/armv7-m\libc.a(lib_a-fstatr.o)
                0x00086d1c                _fstat_r
 .text._isatty_r
                0x00086d44       0x24 c:/program files (x86)/atmel/atmel toolchain/arm gcc/native/4.8.1443/arm-gnu-toolchain/bin/../lib/gcc/arm-none-eabi/4.8.4/../../../../arm-none-eabi/lib/armv7-m\libc.a(lib_a-isattyr.o)
                0x00086d44                _isatty_r
 .text._lseek_r
                0x00086d68       0x28 c:/program files (x86)/atmel/atmel toolchain/arm gcc/native/4.8.1443/arm-gnu-toolchain/bin/../lib/gcc/arm-none-eabi/4.8.4/../../../../arm-none-eabi/lib/armv7-m\libc.a(lib_a-lseekr.o)
                0x00086d68                _lseek_r
 .text._read_r  0x00086d90       0x28 c:/program files (x86)/atmel/atmel toolchain/arm gcc/native/4.8.1443/arm-gnu-toolchain/bin/../lib/gcc/arm-none-eabi/4.8.4/../../../../arm-none-eabi/lib/armv7-m\libc.a(lib_a-readr.o)
                0x00086d90                _read_r
 .text          0x00086db8      0x110 c:/program files (x86)/atmel/atmel toolchain/arm gcc/native/4.8.1443/arm-gnu-toolchain/bin/../lib/gcc/arm-none-eabi/4.8.4/armv7-m\libgcc.a(_arm_cmpdf2.o)
                0x00086db8                __gtdf2
                0x00086db8                __gedf2
                0x00086dc0                __ltdf2
                0x00086dc0                __ledf2
                0x00086dc8                __nedf2
                0x00086dc8                __eqdf2
                0x00086dc8                __cmpdf2
                0x00086e44                __aeabi_cdrcmple
                0x00086e54                __aeabi_cdcmpeq
                0x00086e54                __aeabi_cdcmple
                0x00086e64                __aeabi_dcmpeq
                0x00086e78                __aeabi_dcmplt
                0x00086e8c                __aeabi_dcmple
                0x00086ea0                __aeabi_dcmpge
                0x00086eb4                __aeabi_dcmpgt
 .text          0x00086ec8       0x2c c:/program files (x86)/atmel/atmel toolchain/arm gcc/native/4.8.1443/arm-gnu-toolchain/bin/../lib/gcc/arm-none-eabi/4.8.4/armv7-m\libgcc.a(_aeabi_uldivmod.o)
                0x00086ec8                __aeabi_uldivmod
 .text          0x00086ef4       0x60 c:/program files (x86)/atmel/atmel toolchain/arm gcc/native/4.8.1443/arm-gnu-toolchain/bin/../lib/gcc/arm-none-eabi/4.8.4/armv7-m\libgcc.a(bpabi.o)
                0x00086ef4                __gnu_ldivmod_helper
                0x00086f24                __gnu_uldivmod_helper
 .text          0x00086f54        0x4 c:/program files (x86)/atmel/atmel toolchain/arm gcc/native/4.8.1443/arm-gnu-toolchain/bin/../lib/gcc/arm-none-eabi/4.8.4/armv7-m\libgcc.a(_dvmd_tls.o)
                0x00086f54                __aeabi_idiv0
                0x00086f54                __aeabi_ldiv0
 .text          0x00086f58      0x2a0 c:/program files (x86)/atmel/atmel toolchain/arm gcc/native/4.8.1443/arm-gnu-toolchain/bin/../lib/gcc/arm-none-eabi/4.8.4/armv7-m\libgcc.a(_divdi3.o)
                0x00086f58                __divdi3
 .text          0x000871f8      0x290 c:/program files (x86)/atmel/atmel toolchain/arm gcc/native/4.8.1443/arm-gnu-toolchain/bin/../lib/gcc/arm-none-eabi/4.8.4/armv7-m\libgcc.a(_udivdi3.o)
                0x000871f8                __udivdi3
 *(.glue_7t)
 .glue_7t       0x00000000        0x0 linker stubs
 *(.glue_7)
 .glue_7        0x00000000        0x0 linker stubs
 *(.rodata .rodata* .gnu.linkonce.r.*)
 .rodata.str1.4
                0x00087488       0xff src/ASF/common/utils/unit_test/suite.o
                                0x100 (size before relaxing)
 *fill*         0x00087587        0x1 
 .rodata.str1.4
                0x00087588       0xaa src/ASF/sam/drivers/tc/tc.o
                                 0xac (size before relaxing)
 *fill*         0x00087632        0x2 
 .rodata.str1.4
                0x00087634       0x1f src/ConsoleFunctions.o
                                 0x20 (size before relaxing)
 *fill*         0x00087653        0x1 
 .rodata.str1.4
                0x00087654       0x19 src/main.o
                                 0x1c (size before relaxing)
 *fill*         0x0008766d        0x3 
 .rodata.str1.4
                0x00087670        0x2 c:/program files (x86)/atmel/atmel toolchain/arm gcc/native/4.8.1443/arm-gnu-toolchain/bin/../lib/gcc/arm-none-eabi/4.8.4/../../../../arm-none-eabi/lib/armv7-m\libc.a(lib_a-impure.o)
                                  0x4 (size before relaxing)
 *fill*         0x00087672        0x2 
 .rodata._global_impure_ptr
                0x00087674        0x4 c:/program files (x86)/atmel/atmel toolchain/arm gcc/native/4.8.1443/arm-gnu-toolchain/bin/../lib/gcc/arm-none-eabi/4.8.4/../../../../arm-none-eabi/lib/armv7-m\libc.a(lib_a-impure.o)
                0x00087674                _global_impure_ptr
 .rodata.str1.4
                0x00087678       0x2f c:/program files (x86)/atmel/atmel toolchain/arm gcc/native/4.8.1443/arm-gnu-toolchain/bin/../lib/gcc/arm-none-eabi/4.8.4/../../../../arm-none-eabi/lib/armv7-m\libc.a(lib_a-vfiprintf.o)
                                 0x30 (size before relaxing)
 *fill*         0x000876a7        0x1 
 .rodata.zeroes.6721
                0x000876a8       0x10 c:/program files (x86)/atmel/atmel toolchain/arm gcc/native/4.8.1443/arm-gnu-toolchain/bin/../lib/gcc/arm-none-eabi/4.8.4/../../../../arm-none-eabi/lib/armv7-m\libc.a(lib_a-vfiprintf.o)
 .rodata.blanks.6720
                0x000876b8       0x10 c:/program files (x86)/atmel/atmel toolchain/arm gcc/native/4.8.1443/arm-gnu-toolchain/bin/../lib/gcc/arm-none-eabi/4.8.4/../../../../arm-none-eabi/lib/armv7-m\libc.a(lib_a-vfiprintf.o)
 .rodata.blanks.6777
                0x000876c8       0x10 c:/program files (x86)/atmel/atmel toolchain/arm gcc/native/4.8.1443/arm-gnu-toolchain/bin/../lib/gcc/arm-none-eabi/4.8.4/../../../../arm-none-eabi/lib/armv7-m\libc.a(lib_a-vfprintf.o)
 .rodata.str1.4
                0x000876d8       0x12 c:/program files (x86)/atmel/atmel toolchain/arm gcc/native/4.8.1443/arm-gnu-toolchain/bin/../lib/gcc/arm-none-eabi/4.8.4/../../../../arm-none-eabi/lib/armv7-m\libc.a(lib_a-vfprintf.o)
                                 0x44 (size before relaxing)
 *fill*         0x000876ea        0x2 
 .rodata.zeroes.6778
                0x000876ec       0x10 c:/program files (x86)/atmel/atmel toolchain/arm gcc/native/4.8.1443/arm-gnu-toolchain/bin/../lib/gcc/arm-none-eabi/4.8.4/../../../../arm-none-eabi/lib/armv7-m\libc.a(lib_a-vfprintf.o)
 .rodata.str1.4
                0x000876fc       0x10 c:/program files (x86)/atmel/atmel toolchain/arm gcc/native/4.8.1443/arm-gnu-toolchain/bin/../lib/gcc/arm-none-eabi/4.8.4/../../../../arm-none-eabi/lib/armv7-m\libc.a(lib_a-dtoa.o)
                                 0x14 (size before relaxing)
 .rodata.str1.4
                0x0008770c        0xc c:/program files (x86)/atmel/atmel toolchain/arm gcc/native/4.8.1443/arm-gnu-toolchain/bin/../lib/gcc/arm-none-eabi/4.8.4/../../../../arm-none-eabi/lib/armv7-m\libc.a(lib_a-locale.o)
                                 0x14 (size before relaxing)
 .rodata.__mprec_tens
                0x00087718       0xc8 c:/program files (x86)/atmel/atmel toolchain/arm gcc/native/4.8.1443/arm-gnu-toolchain/bin/../lib/gcc/arm-none-eabi/4.8.4/../../../../arm-none-eabi/lib/armv7-m\libc.a(lib_a-mprec.o)
                0x00087718                __mprec_tens
 .rodata.__mprec_bigtens
                0x000877e0       0x28 c:/program files (x86)/atmel/atmel toolchain/arm gcc/native/4.8.1443/arm-gnu-toolchain/bin/../lib/gcc/arm-none-eabi/4.8.4/../../../../arm-none-eabi/lib/armv7-m\libc.a(lib_a-mprec.o)
                0x000877e0                __mprec_bigtens
 .rodata.p05.5269
                0x00087808        0xc c:/program files (x86)/atmel/atmel toolchain/arm gcc/native/4.8.1443/arm-gnu-toolchain/bin/../lib/gcc/arm-none-eabi/4.8.4/../../../../arm-none-eabi/lib/armv7-m\libc.a(lib_a-mprec.o)
 *(.ARM.extab* .gnu.linkonce.armextab.*)
                0x00087814                . = ALIGN (0x4)
 *(.init)
 .init          0x00087814        0x4 c:/program files (x86)/atmel/atmel toolchain/arm gcc/native/4.8.1443/arm-gnu-toolchain/bin/../lib/gcc/arm-none-eabi/4.8.4/armv7-m/crti.o
                0x00087814                _init
 .init          0x00087818        0x8 c:/program files (x86)/atmel/atmel toolchain/arm gcc/native/4.8.1443/arm-gnu-toolchain/bin/../lib/gcc/arm-none-eabi/4.8.4/armv7-m/crtn.o
                0x00087820                . = ALIGN (0x4)
                0x00087820                __preinit_array_start = .
 *(.preinit_array)
                0x00087820                __preinit_array_end = .
                0x00087820                . = ALIGN (0x4)
                0x00087820                __init_array_start = .
 *(SORT(.init_array.*))
 .init_array.00000
                0x00087820        0x4 c:/program files (x86)/atmel/atmel toolchain/arm gcc/native/4.8.1443/arm-gnu-toolchain/bin/../lib/gcc/arm-none-eabi/4.8.4/../../../../arm-none-eabi/lib/armv7-m\libc.a(lib_a-__call_atexit.o)
 *(.init_array)
 .init_array    0x00087824        0x4 c:/program files (x86)/atmel/atmel toolchain/arm gcc/native/4.8.1443/arm-gnu-toolchain/bin/../lib/gcc/arm-none-eabi/4.8.4/armv7-m/crtbegin.o
                0x00087828                __init_array_end = .
                0x00087828                . = ALIGN (0x4)
 *crtbegin.o(.ctors)
 *(EXCLUDE_FILE(*crtend.o) .ctors)
 *(SORT(.ctors.*))
 *crtend.o(.ctors)
                0x00087828                . = ALIGN (0x4)
 *(.fini)
 .fini          0x00087828        0x4 c:/program files (x86)/atmel/atmel toolchain/arm gcc/native/4.8.1443/arm-gnu-toolchain/bin/../lib/gcc/arm-none-eabi/4.8.4/armv7-m/crti.o
                0x00087828                _fini
 .fini          0x0008782c        0x8 c:/program files (x86)/atmel/atmel toolchain/arm gcc/native/4.8.1443/arm-gnu-toolchain/bin/../lib/gcc/arm-none-eabi/4.8.4/armv7-m/crtn.o
                0x00087834                . = ALIGN (0x4)
                0x00087834                __fini_array_start = .
 *(.fini_array)
 .fini_array    0x00087834        0x4 c:/program files (x86)/atmel/atmel toolchain/arm gcc/native/4.8.1443/arm-gnu-toolchain/bin/../lib/gcc/arm-none-eabi/4.8.4/armv7-m/crtbegin.o
 *(SORT(.fini_array.*))
                0x00087838                __fini_array_end = .
 *crtbegin.o(.dtors)
 *(EXCLUDE_FILE(*crtend.o) .dtors)
 *(SORT(.dtors.*))
 *crtend.o(.dtors)
                0x00087838                . = ALIGN (0x4)
                0x00087838                _efixed = .
                0x00087838                PROVIDE (__exidx_start, .)

.vfp11_veneer   0x00087838        0x0
 .vfp11_veneer  0x00000000        0x0 linker stubs

.v4_bx          0x00087838        0x0
 .v4_bx         0x00000000        0x0 linker stubs

.iplt           0x00087838        0x0
 .iplt          0x00000000        0x0 c:/program files (x86)/atmel/atmel toolchain/arm gcc/native/4.8.1443/arm-gnu-toolchain/bin/../lib/gcc/arm-none-eabi/4.8.4/armv7-m/crtbegin.o

.ARM.exidx      0x00087838        0x8
 *(.ARM.exidx* .gnu.linkonce.armexidx.*)
 .ARM.exidx     0x00087838        0x8 c:/program files (x86)/atmel/atmel toolchain/arm gcc/native/4.8.1443/arm-gnu-toolchain/bin/../lib/gcc/arm-none-eabi/4.8.4/armv7-m\libgcc.a(_divdi3.o)
 .ARM.exidx     0x00087840        0x0 c:/program files (x86)/atmel/atmel toolchain/arm gcc/native/4.8.1443/arm-gnu-toolchain/bin/../lib/gcc/arm-none-eabi/4.8.4/armv7-m\libgcc.a(_udivdi3.o)
                                  0x8 (size before relaxing)
                0x00087840                PROVIDE (__exidx_end, .)

.eh_frame       0x00087840        0x0
 .eh_frame      0x00087840        0x0 c:/program files (x86)/atmel/atmel toolchain/arm gcc/native/4.8.1443/arm-gnu-toolchain/bin/../lib/gcc/arm-none-eabi/4.8.4/armv7-m/crtbegin.o

.rel.dyn        0x00087840        0x0
 .rel.iplt      0x00000000        0x0 c:/program files (x86)/atmel/atmel toolchain/arm gcc/native/4.8.1443/arm-gnu-toolchain/bin/../lib/gcc/arm-none-eabi/4.8.4/armv7-m/crtbegin.o

.jcr            0x00087840        0x0
 .jcr           0x00087840        0x0 c:/program files (x86)/atmel/atmel toolchain/arm gcc/native/4.8.1443/arm-gnu-toolchain/bin/../lib/gcc/arm-none-eabi/4.8.4/armv7-m/crtbegin.o

.igot.plt       0x00087840        0x0
 .igot.plt      0x00000000        0x0 c:/program files (x86)/atmel/atmel toolchain/arm gcc/native/4.8.1443/arm-gnu-toolchain/bin/../lib/gcc/arm-none-eabi/4.8.4/armv7-m/crtbegin.o
                0x00087840                . = ALIGN (0x4)
                0x00087840                _etext = .

.relocate       0x20070000      0x9d4 load address 0x00087840
                0x20070000                . = ALIGN (0x4)
                0x20070000                _srelocate = .
 *(.ramfunc .ramfunc.*)
 .ramfunc       0x20070000      0x12c src/ASF/sam/utils/cmsis/sam3x/source/templates/system_sam3x.o
                0x20070000                SystemInit
                0x200700a4                system_init_flash
 *(.data .data.*)
 .data.g_interrupt_enabled
                0x2007012c        0x1 src/ASF/common/utils/interrupt/interrupt_sam_nvic.o
                0x2007012c                g_interrupt_enabled
 *fill*         0x2007012d        0x3 
 .data.SystemCoreClock
                0x20070130        0x4 src/ASF/sam/utils/cmsis/sam3x/source/templates/system_sam3x.o
                0x20070130                SystemCoreClock
 *fill*         0x20070134        0x4 
 .data.impure_data
                0x20070138      0x428 c:/program files (x86)/atmel/atmel toolchain/arm gcc/native/4.8.1443/arm-gnu-toolchain/bin/../lib/gcc/arm-none-eabi/4.8.4/../../../../arm-none-eabi/lib/armv7-m\libc.a(lib_a-impure.o)
 .data._impure_ptr
                0x20070560        0x4 c:/program files (x86)/atmel/atmel toolchain/arm gcc/native/4.8.1443/arm-gnu-toolchain/bin/../lib/gcc/arm-none-eabi/4.8.4/../../../../arm-none-eabi/lib/armv7-m\libc.a(lib_a-impure.o)
                0x20070560                _impure_ptr
 .data.lconv    0x20070564       0x38 c:/program files (x86)/atmel/atmel toolchain/arm gcc/native/4.8.1443/arm-gnu-toolchain/bin/../lib/gcc/arm-none-eabi/4.8.4/../../../../arm-none-eabi/lib/armv7-m\libc.a(lib_a-locale.o)
 .data.lc_ctype_charset
                0x2007059c       0x20 c:/program files (x86)/atmel/atmel toolchain/arm gcc/native/4.8.1443/arm-gnu-toolchain/bin/../lib/gcc/arm-none-eabi/4.8.4/../../../../arm-none-eabi/lib/armv7-m\libc.a(lib_a-locale.o)
 .data.__mb_cur_max
                0x200705bc        0x4 c:/program files (x86)/atmel/atmel toolchain/arm gcc/native/4.8.1443/arm-gnu-toolchain/bin/../lib/gcc/arm-none-eabi/4.8.4/../../../../arm-none-eabi/lib/armv7-m\libc.a(lib_a-locale.o)
                0x200705bc                __mb_cur_max
 .data.__malloc_av_
                0x200705c0      0x408 c:/program files (x86)/atmel/atmel toolchain/arm gcc/native/4.8.1443/arm-gnu-toolchain/bin/../lib/gcc/arm-none-eabi/4.8.4/../../../../arm-none-eabi/lib/armv7-m\libc.a(lib_a-mallocr.o)
                0x200705c0                __malloc_av_
 .data.__malloc_trim_threshold
                0x200709c8        0x4 c:/program files (x86)/atmel/atmel toolchain/arm gcc/native/4.8.1443/arm-gnu-toolchain/bin/../lib/gcc/arm-none-eabi/4.8.4/../../../../arm-none-eabi/lib/armv7-m\libc.a(lib_a-mallocr.o)
                0x200709c8                __malloc_trim_threshold
 .data.__malloc_sbrk_base
                0x200709cc        0x4 c:/program files (x86)/atmel/atmel toolchain/arm gcc/native/4.8.1443/arm-gnu-toolchain/bin/../lib/gcc/arm-none-eabi/4.8.4/../../../../arm-none-eabi/lib/armv7-m\libc.a(lib_a-mallocr.o)
                0x200709cc                __malloc_sbrk_base
 .data.__wctomb
                0x200709d0        0x4 c:/program files (x86)/atmel/atmel toolchain/arm gcc/native/4.8.1443/arm-gnu-toolchain/bin/../lib/gcc/arm-none-eabi/4.8.4/../../../../arm-none-eabi/lib/armv7-m\libc.a(lib_a-wctomb_r.o)
                0x200709d0                __wctomb
                0x200709d4                . = ALIGN (0x4)
                0x200709d4                _erelocate = .

.bss            0x200709d4      0x1d4 load address 0x00088214
                0x200709d4                . = ALIGN (0x4)
                0x200709d4                _sbss = .
                0x200709d4                _szero = .
 *(.bss .bss.*)
 .bss           0x200709d4       0x1c c:/program files (x86)/atmel/atmel toolchain/arm gcc/native/4.8.1443/arm-gnu-toolchain/bin/../lib/gcc/arm-none-eabi/4.8.4/armv7-m/crtbegin.o
 .bss.test_case_ptr
                0x200709f0        0x4 src/ASF/common/utils/unit_test/suite.o
                0x200709f0                test_case_ptr
 .bss.test_failure_jmpbuf
                0x200709f4       0x5c src/ASF/common/utils/unit_test/suite.o
 .bss.serial_rx_buf
                0x20070a50       0x9c src/ASF/thirdparty/wireless/addons/sio2host/uart/sio2host.o
 .bss.serial_rx_buf_tail
                0x20070aec        0x1 src/ASF/thirdparty/wireless/addons/sio2host/uart/sio2host.o
 .bss.serial_rx_count
                0x20070aed        0x1 src/ASF/thirdparty/wireless/addons/sio2host/uart/sio2host.o
 *fill*         0x20070aee        0x2 
 .bss.gs_interrupt_sources
                0x20070af0       0x70 src/ASF/sam/drivers/pio/pio_handler.o
 .bss.heap.5098
                0x20070b60        0x4 src/ASF/sam/utils/syscalls/gcc/syscalls.o
 .bss.__malloc_max_total_mem
                0x20070b64        0x4 c:/program files (x86)/atmel/atmel toolchain/arm gcc/native/4.8.1443/arm-gnu-toolchain/bin/../lib/gcc/arm-none-eabi/4.8.4/../../../../arm-none-eabi/lib/armv7-m\libc.a(lib_a-mallocr.o)
                0x20070b64                __malloc_max_total_mem
 .bss.__malloc_max_sbrked_mem
                0x20070b68        0x4 c:/program files (x86)/atmel/atmel toolchain/arm gcc/native/4.8.1443/arm-gnu-toolchain/bin/../lib/gcc/arm-none-eabi/4.8.4/../../../../arm-none-eabi/lib/armv7-m\libc.a(lib_a-mallocr.o)
                0x20070b68                __malloc_max_sbrked_mem
 .bss.__malloc_top_pad
                0x20070b6c        0x4 c:/program files (x86)/atmel/atmel toolchain/arm gcc/native/4.8.1443/arm-gnu-toolchain/bin/../lib/gcc/arm-none-eabi/4.8.4/../../../../arm-none-eabi/lib/armv7-m\libc.a(lib_a-mallocr.o)
                0x20070b6c                __malloc_top_pad
 .bss.__malloc_current_mallinfo
                0x20070b70       0x28 c:/program files (x86)/atmel/atmel toolchain/arm gcc/native/4.8.1443/arm-gnu-toolchain/bin/../lib/gcc/arm-none-eabi/4.8.4/../../../../arm-none-eabi/lib/armv7-m\libc.a(lib_a-mallocr.o)
                0x20070b70                __malloc_current_mallinfo
 *(COMMON)
 COMMON         0x20070b98        0x4 src/ASF/common/utils/stdio/read.o
                0x20070b98                ptr_get
 COMMON         0x20070b9c        0x8 src/ASF/common/utils/stdio/write.o
                0x20070b9c                ptr_put
                0x20070ba0                stdio_base
 COMMON         0x20070ba4        0x4 c:/program files (x86)/atmel/atmel toolchain/arm gcc/native/4.8.1443/arm-gnu-toolchain/bin/../lib/gcc/arm-none-eabi/4.8.4/../../../../arm-none-eabi/lib/armv7-m\libc.a(lib_a-reent.o)
                0x20070ba4                errno
                0x20070ba8                . = ALIGN (0x4)
                0x20070ba8                _ebss = .
                0x20070ba8                _ezero = .

.stack          0x20070ba8     0x2000 load address 0x000883e8
                0x20070ba8                . = ALIGN (0x8)
                0x20070ba8                _sstack = .
                0x20072ba8                . = (. + __stack_size__)
 *fill*         0x20070ba8     0x2000 
                0x20072ba8                . = ALIGN (0x8)
                0x20072ba8                _estack = .
                0x20072ba8                . = ALIGN (0x4)
                0x20072ba8                _end = .
OUTPUT(Sensorer.elf elf32-littlearm)

.ARM.attributes
                0x00000000       0x29
 .ARM.attributes
                0x00000000       0x1d c:/program files (x86)/atmel/atmel toolchain/arm gcc/native/4.8.1443/arm-gnu-toolchain/bin/../lib/gcc/arm-none-eabi/4.8.4/armv7-m/crti.o
 .ARM.attributes
                0x0000001d       0x2d c:/program files (x86)/atmel/atmel toolchain/arm gcc/native/4.8.1443/arm-gnu-toolchain/bin/../lib/gcc/arm-none-eabi/4.8.4/armv7-m/crtbegin.o
 .ARM.attributes
                0x0000004a       0x33 src/ASF/common/services/serial/usart_serial.o
 .ARM.attributes
                0x0000007d       0x33 src/ASF/common/utils/stdio/read.o
 .ARM.attributes
                0x000000b0       0x33 src/ASF/common/utils/stdio/write.o
 .ARM.attributes
                0x000000e3       0x33 src/ASF/common/utils/unit_test/suite.o
 .ARM.attributes
                0x00000116       0x33 src/ASF/sam/drivers/tc/tc.o
 .ARM.attributes
                0x00000149       0x33 src/ASF/sam/drivers/uart/uart.o
 .ARM.attributes
                0x0000017c       0x33 src/ASF/sam/drivers/usart/usart.o
 .ARM.attributes
                0x000001af       0x33 src/ASF/thirdparty/wireless/addons/sio2host/uart/sio2host.o
 .ARM.attributes
                0x000001e2       0x33 src/ConsoleFunctions.o
 .ARM.attributes
                0x00000215       0x33 src/DelayFunctions.o
 .ARM.attributes
                0x00000248       0x33 src/Sensor/Servo.o
 .ARM.attributes
                0x0000027b       0x33 src/Sensor/soundSensor.o
 .ARM.attributes
                0x000002ae       0x33 src/ASF/common/services/clock/sam3x/sysclk.o
 .ARM.attributes
                0x000002e1       0x33 src/ASF/common/utils/interrupt/interrupt_sam_nvic.o
 .ARM.attributes
                0x00000314       0x33 src/ASF/sam/boards/arduino_due_x/init.o
 .ARM.attributes
                0x00000347       0x33 src/ASF/sam/drivers/pio/pio.o
 .ARM.attributes
                0x0000037a       0x33 src/ASF/sam/drivers/pio/pio_handler.o
 .ARM.attributes
                0x000003ad       0x33 src/ASF/sam/drivers/pmc/pmc.o
 .ARM.attributes
                0x000003e0       0x33 src/ASF/sam/utils/cmsis/sam3x/source/templates/exceptions.o
 .ARM.attributes
                0x00000413       0x33 src/ASF/sam/utils/cmsis/sam3x/source/templates/gcc/startup_sam3x.o
 .ARM.attributes
                0x00000446       0x33 src/ASF/sam/utils/cmsis/sam3x/source/templates/system_sam3x.o
 .ARM.attributes
                0x00000479       0x33 src/ASF/sam/utils/syscalls/gcc/syscalls.o
 .ARM.attributes
                0x000004ac       0x33 src/main.o
 .ARM.attributes
                0x000004df       0x1d c:/program files (x86)/atmel/atmel toolchain/arm gcc/native/4.8.1443/arm-gnu-toolchain/bin/../lib/gcc/arm-none-eabi/4.8.4/armv7-m\libgcc.a(_arm_addsubdf3.o)
 .ARM.attributes
                0x000004fc       0x1d c:/program files (x86)/atmel/atmel toolchain/arm gcc/native/4.8.1443/arm-gnu-toolchain/bin/../lib/gcc/arm-none-eabi/4.8.4/armv7-m\libgcc.a(_arm_muldivdf3.o)
 .ARM.attributes
                0x00000519       0x1d c:/program files (x86)/atmel/atmel toolchain/arm gcc/native/4.8.1443/arm-gnu-toolchain/bin/../lib/gcc/arm-none-eabi/4.8.4/armv7-m\libgcc.a(_arm_fixdfsi.o)
 .ARM.attributes
                0x00000536       0x2d c:/program files (x86)/atmel/atmel toolchain/arm gcc/native/4.8.1443/arm-gnu-toolchain/bin/../lib/gcc/arm-none-eabi/4.8.4/../../../../arm-none-eabi/lib/armv7-m\libc.a(lib_a-impure.o)
 .ARM.attributes
                0x00000563       0x2d c:/program files (x86)/atmel/atmel toolchain/arm gcc/native/4.8.1443/arm-gnu-toolchain/bin/../lib/gcc/arm-none-eabi/4.8.4/../../../../arm-none-eabi/lib/armv7-m\libc.a(lib_a-init.o)
 .ARM.attributes
                0x00000590       0x2d c:/program files (x86)/atmel/atmel toolchain/arm gcc/native/4.8.1443/arm-gnu-toolchain/bin/../lib/gcc/arm-none-eabi/4.8.4/../../../../arm-none-eabi/lib/armv7-m\libc.a(lib_a-iprintf.o)
 .ARM.attributes
                0x000005bd       0x2d c:/program files (x86)/atmel/atmel toolchain/arm gcc/native/4.8.1443/arm-gnu-toolchain/bin/../lib/gcc/arm-none-eabi/4.8.4/../../../../arm-none-eabi/lib/armv7-m\libc.a(lib_a-memset.o)
 .ARM.attributes
                0x000005ea       0x2d c:/program files (x86)/atmel/atmel toolchain/arm gcc/native/4.8.1443/arm-gnu-toolchain/bin/../lib/gcc/arm-none-eabi/4.8.4/../../../../arm-none-eabi/lib/armv7-m\libc.a(lib_a-setbuf.o)
 .ARM.attributes
                0x00000617       0x1b c:/program files (x86)/atmel/atmel toolchain/arm gcc/native/4.8.1443/arm-gnu-toolchain/bin/../lib/gcc/arm-none-eabi/4.8.4/../../../../arm-none-eabi/lib/armv7-m\libc.a(lib_a-setjmp.o)
 .ARM.attributes
                0x00000632       0x2d c:/program files (x86)/atmel/atmel toolchain/arm gcc/native/4.8.1443/arm-gnu-toolchain/bin/../lib/gcc/arm-none-eabi/4.8.4/../../../../arm-none-eabi/lib/armv7-m\libc.a(lib_a-setvbuf.o)
 .ARM.attributes
                0x0000065f       0x2d c:/program files (x86)/atmel/atmel toolchain/arm gcc/native/4.8.1443/arm-gnu-toolchain/bin/../lib/gcc/arm-none-eabi/4.8.4/../../../../arm-none-eabi/lib/armv7-m\libc.a(lib_a-vfiprintf.o)
 .ARM.attributes
                0x0000068c       0x2d c:/program files (x86)/atmel/atmel toolchain/arm gcc/native/4.8.1443/arm-gnu-toolchain/bin/../lib/gcc/arm-none-eabi/4.8.4/../../../../arm-none-eabi/lib/armv7-m\libc.a(lib_a-vfprintf.o)
 .ARM.attributes
                0x000006b9       0x2d c:/program files (x86)/atmel/atmel toolchain/arm gcc/native/4.8.1443/arm-gnu-toolchain/bin/../lib/gcc/arm-none-eabi/4.8.4/../../../../arm-none-eabi/lib/armv7-m\libc.a(lib_a-wbuf.o)
 .ARM.attributes
                0x000006e6       0x2d c:/program files (x86)/atmel/atmel toolchain/arm gcc/native/4.8.1443/arm-gnu-toolchain/bin/../lib/gcc/arm-none-eabi/4.8.4/../../../../arm-none-eabi/lib/armv7-m\libc.a(lib_a-wsetup.o)
 .ARM.attributes
                0x00000713       0x2d c:/program files (x86)/atmel/atmel toolchain/arm gcc/native/4.8.1443/arm-gnu-toolchain/bin/../lib/gcc/arm-none-eabi/4.8.4/../../../../arm-none-eabi/lib/armv7-m\libc.a(lib_a-__call_atexit.o)
 .ARM.attributes
                0x00000740       0x2d c:/program files (x86)/atmel/atmel toolchain/arm gcc/native/4.8.1443/arm-gnu-toolchain/bin/../lib/gcc/arm-none-eabi/4.8.4/../../../../arm-none-eabi/lib/armv7-m\libc.a(lib_a-atexit.o)
 .ARM.attributes
                0x0000076d       0x2d c:/program files (x86)/atmel/atmel toolchain/arm gcc/native/4.8.1443/arm-gnu-toolchain/bin/../lib/gcc/arm-none-eabi/4.8.4/../../../../arm-none-eabi/lib/armv7-m\libc.a(lib_a-dtoa.o)
 .ARM.attributes
                0x0000079a       0x2d c:/program files (x86)/atmel/atmel toolchain/arm gcc/native/4.8.1443/arm-gnu-toolchain/bin/../lib/gcc/arm-none-eabi/4.8.4/../../../../arm-none-eabi/lib/armv7-m\libc.a(lib_a-fflush.o)
 .ARM.attributes
                0x000007c7       0x2d c:/program files (x86)/atmel/atmel toolchain/arm gcc/native/4.8.1443/arm-gnu-toolchain/bin/../lib/gcc/arm-none-eabi/4.8.4/../../../../arm-none-eabi/lib/armv7-m\libc.a(lib_a-findfp.o)
 .ARM.attributes
                0x000007f4       0x2d c:/program files (x86)/atmel/atmel toolchain/arm gcc/native/4.8.1443/arm-gnu-toolchain/bin/../lib/gcc/arm-none-eabi/4.8.4/../../../../arm-none-eabi/lib/armv7-m\libc.a(lib_a-fini.o)
 .ARM.attributes
                0x00000821       0x2d c:/program files (x86)/atmel/atmel toolchain/arm gcc/native/4.8.1443/arm-gnu-toolchain/bin/../lib/gcc/arm-none-eabi/4.8.4/../../../../arm-none-eabi/lib/armv7-m\libc.a(lib_a-fputwc.o)
 .ARM.attributes
                0x0000084e       0x2d c:/program files (x86)/atmel/atmel toolchain/arm gcc/native/4.8.1443/arm-gnu-toolchain/bin/../lib/gcc/arm-none-eabi/4.8.4/../../../../arm-none-eabi/lib/armv7-m\libc.a(lib_a-freer.o)
 .ARM.attributes
                0x0000087b       0x2d c:/program files (x86)/atmel/atmel toolchain/arm gcc/native/4.8.1443/arm-gnu-toolchain/bin/../lib/gcc/arm-none-eabi/4.8.4/../../../../arm-none-eabi/lib/armv7-m\libc.a(lib_a-fvwrite.o)
 .ARM.attributes
                0x000008a8       0x2d c:/program files (x86)/atmel/atmel toolchain/arm gcc/native/4.8.1443/arm-gnu-toolchain/bin/../lib/gcc/arm-none-eabi/4.8.4/../../../../arm-none-eabi/lib/armv7-m\libc.a(lib_a-fwalk.o)
 .ARM.attributes
                0x000008d5       0x2d c:/program files (x86)/atmel/atmel toolchain/arm gcc/native/4.8.1443/arm-gnu-toolchain/bin/../lib/gcc/arm-none-eabi/4.8.4/../../../../arm-none-eabi/lib/armv7-m\libc.a(lib_a-locale.o)
 .ARM.attributes
                0x00000902       0x2d c:/program files (x86)/atmel/atmel toolchain/arm gcc/native/4.8.1443/arm-gnu-toolchain/bin/../lib/gcc/arm-none-eabi/4.8.4/../../../../arm-none-eabi/lib/armv7-m\libc.a(lib_a-makebuf.o)
 .ARM.attributes
                0x0000092f       0x2d c:/program files (x86)/atmel/atmel toolchain/arm gcc/native/4.8.1443/arm-gnu-toolchain/bin/../lib/gcc/arm-none-eabi/4.8.4/../../../../arm-none-eabi/lib/armv7-m\libc.a(lib_a-malloc.o)
 .ARM.attributes
                0x0000095c       0x2d c:/program files (x86)/atmel/atmel toolchain/arm gcc/native/4.8.1443/arm-gnu-toolchain/bin/../lib/gcc/arm-none-eabi/4.8.4/../../../../arm-none-eabi/lib/armv7-m\libc.a(lib_a-mallocr.o)
 .ARM.attributes
                0x00000989       0x2d c:/program files (x86)/atmel/atmel toolchain/arm gcc/native/4.8.1443/arm-gnu-toolchain/bin/../lib/gcc/arm-none-eabi/4.8.4/../../../../arm-none-eabi/lib/armv7-m\libc.a(lib_a-memchr-stub.o)
 .ARM.attributes
                0x000009b6       0x1b c:/program files (x86)/atmel/atmel toolchain/arm gcc/native/4.8.1443/arm-gnu-toolchain/bin/../lib/gcc/arm-none-eabi/4.8.4/../../../../arm-none-eabi/lib/armv7-m\libc.a(lib_a-memcpy.o)
 .ARM.attributes
                0x000009d1       0x2d c:/program files (x86)/atmel/atmel toolchain/arm gcc/native/4.8.1443/arm-gnu-toolchain/bin/../lib/gcc/arm-none-eabi/4.8.4/../../../../arm-none-eabi/lib/armv7-m\libc.a(lib_a-memmove.o)
 .ARM.attributes
                0x000009fe       0x2d c:/program files (x86)/atmel/atmel toolchain/arm gcc/native/4.8.1443/arm-gnu-toolchain/bin/../lib/gcc/arm-none-eabi/4.8.4/../../../../arm-none-eabi/lib/armv7-m\libc.a(lib_a-mlock.o)
 .ARM.attributes
                0x00000a2b       0x2d c:/program files (x86)/atmel/atmel toolchain/arm gcc/native/4.8.1443/arm-gnu-toolchain/bin/../lib/gcc/arm-none-eabi/4.8.4/../../../../arm-none-eabi/lib/armv7-m\libc.a(lib_a-mprec.o)
 .ARM.attributes
                0x00000a58       0x2d c:/program files (x86)/atmel/atmel toolchain/arm gcc/native/4.8.1443/arm-gnu-toolchain/bin/../lib/gcc/arm-none-eabi/4.8.4/../../../../arm-none-eabi/lib/armv7-m\libc.a(lib_a-reallocr.o)
 .ARM.attributes
                0x00000a85       0x2d c:/program files (x86)/atmel/atmel toolchain/arm gcc/native/4.8.1443/arm-gnu-toolchain/bin/../lib/gcc/arm-none-eabi/4.8.4/../../../../arm-none-eabi/lib/armv7-m\libc.a(lib_a-s_fpclassify.o)
 .ARM.attributes
                0x00000ab2       0x2d c:/program files (x86)/atmel/atmel toolchain/arm gcc/native/4.8.1443/arm-gnu-toolchain/bin/../lib/gcc/arm-none-eabi/4.8.4/../../../../arm-none-eabi/lib/armv7-m\libc.a(lib_a-sbrkr.o)
 .ARM.attributes
                0x00000adf       0x2d c:/program files (x86)/atmel/atmel toolchain/arm gcc/native/4.8.1443/arm-gnu-toolchain/bin/../lib/gcc/arm-none-eabi/4.8.4/../../../../arm-none-eabi/lib/armv7-m\libc.a(lib_a-stdio.o)
 .ARM.attributes
                0x00000b0c       0x2d c:/program files (x86)/atmel/atmel toolchain/arm gcc/native/4.8.1443/arm-gnu-toolchain/bin/../lib/gcc/arm-none-eabi/4.8.4/../../../../arm-none-eabi/lib/armv7-m\libc.a(lib_a-strlen.o)
 .ARM.attributes
                0x00000b39       0x2d c:/program files (x86)/atmel/atmel toolchain/arm gcc/native/4.8.1443/arm-gnu-toolchain/bin/../lib/gcc/arm-none-eabi/4.8.4/../../../../arm-none-eabi/lib/armv7-m\libc.a(lib_a-wcrtomb.o)
 .ARM.attributes
                0x00000b66       0x2d c:/program files (x86)/atmel/atmel toolchain/arm gcc/native/4.8.1443/arm-gnu-toolchain/bin/../lib/gcc/arm-none-eabi/4.8.4/../../../../arm-none-eabi/lib/armv7-m\libc.a(lib_a-wctomb_r.o)
 .ARM.attributes
                0x00000b93       0x2d c:/program files (x86)/atmel/atmel toolchain/arm gcc/native/4.8.1443/arm-gnu-toolchain/bin/../lib/gcc/arm-none-eabi/4.8.4/../../../../arm-none-eabi/lib/armv7-m\libc.a(lib_a-writer.o)
 .ARM.attributes
                0x00000bc0       0x2d c:/program files (x86)/atmel/atmel toolchain/arm gcc/native/4.8.1443/arm-gnu-toolchain/bin/../lib/gcc/arm-none-eabi/4.8.4/../../../../arm-none-eabi/lib/armv7-m\libc.a(lib_a-__atexit.o)
 .ARM.attributes
                0x00000bed       0x2d c:/program files (x86)/atmel/atmel toolchain/arm gcc/native/4.8.1443/arm-gnu-toolchain/bin/../lib/gcc/arm-none-eabi/4.8.4/../../../../arm-none-eabi/lib/armv7-m\libc.a(lib_a-callocr.o)
 .ARM.attributes
                0x00000c1a       0x2d c:/program files (x86)/atmel/atmel toolchain/arm gcc/native/4.8.1443/arm-gnu-toolchain/bin/../lib/gcc/arm-none-eabi/4.8.4/../../../../arm-none-eabi/lib/armv7-m\libc.a(lib_a-closer.o)
 .ARM.attributes
                0x00000c47       0x2d c:/program files (x86)/atmel/atmel toolchain/arm gcc/native/4.8.1443/arm-gnu-toolchain/bin/../lib/gcc/arm-none-eabi/4.8.4/../../../../arm-none-eabi/lib/armv7-m\libc.a(lib_a-fclose.o)
 .ARM.attributes
                0x00000c74       0x2d c:/program files (x86)/atmel/atmel toolchain/arm gcc/native/4.8.1443/arm-gnu-toolchain/bin/../lib/gcc/arm-none-eabi/4.8.4/../../../../arm-none-eabi/lib/armv7-m\libc.a(lib_a-fstatr.o)
 .ARM.attributes
                0x00000ca1       0x2d c:/program files (x86)/atmel/atmel toolchain/arm gcc/native/4.8.1443/arm-gnu-toolchain/bin/../lib/gcc/arm-none-eabi/4.8.4/../../../../arm-none-eabi/lib/armv7-m\libc.a(lib_a-isattyr.o)
 .ARM.attributes
                0x00000cce       0x2d c:/program files (x86)/atmel/atmel toolchain/arm gcc/native/4.8.1443/arm-gnu-toolchain/bin/../lib/gcc/arm-none-eabi/4.8.4/../../../../arm-none-eabi/lib/armv7-m\libc.a(lib_a-lseekr.o)
 .ARM.attributes
                0x00000cfb       0x2d c:/program files (x86)/atmel/atmel toolchain/arm gcc/native/4.8.1443/arm-gnu-toolchain/bin/../lib/gcc/arm-none-eabi/4.8.4/../../../../arm-none-eabi/lib/armv7-m\libc.a(lib_a-readr.o)
 .ARM.attributes
                0x00000d28       0x2d c:/program files (x86)/atmel/atmel toolchain/arm gcc/native/4.8.1443/arm-gnu-toolchain/bin/../lib/gcc/arm-none-eabi/4.8.4/../../../../arm-none-eabi/lib/armv7-m\libc.a(lib_a-reent.o)
 .ARM.attributes
                0x00000d55       0x1d c:/program files (x86)/atmel/atmel toolchain/arm gcc/native/4.8.1443/arm-gnu-toolchain/bin/../lib/gcc/arm-none-eabi/4.8.4/armv7-m\libgcc.a(_arm_cmpdf2.o)
 .ARM.attributes
                0x00000d72       0x1d c:/program files (x86)/atmel/atmel toolchain/arm gcc/native/4.8.1443/arm-gnu-toolchain/bin/../lib/gcc/arm-none-eabi/4.8.4/armv7-m\libgcc.a(_aeabi_uldivmod.o)
 .ARM.attributes
                0x00000d8f       0x2d c:/program files (x86)/atmel/atmel toolchain/arm gcc/native/4.8.1443/arm-gnu-toolchain/bin/../lib/gcc/arm-none-eabi/4.8.4/armv7-m\libgcc.a(bpabi.o)
 .ARM.attributes
                0x00000dbc       0x1d c:/program files (x86)/atmel/atmel toolchain/arm gcc/native/4.8.1443/arm-gnu-toolchain/bin/../lib/gcc/arm-none-eabi/4.8.4/armv7-m\libgcc.a(_dvmd_tls.o)
 .ARM.attributes
                0x00000dd9       0x2d c:/program files (x86)/atmel/atmel toolchain/arm gcc/native/4.8.1443/arm-gnu-toolchain/bin/../lib/gcc/arm-none-eabi/4.8.4/armv7-m\libgcc.a(_divdi3.o)
 .ARM.attributes
                0x00000e06       0x2d c:/program files (x86)/atmel/atmel toolchain/arm gcc/native/4.8.1443/arm-gnu-toolchain/bin/../lib/gcc/arm-none-eabi/4.8.4/armv7-m\libgcc.a(_udivdi3.o)
 .ARM.attributes
                0x00000e33       0x1d c:/program files (x86)/atmel/atmel toolchain/arm gcc/native/4.8.1443/arm-gnu-toolchain/bin/../lib/gcc/arm-none-eabi/4.8.4/armv7-m/crtn.o

.comment        0x00000000       0x5b
 .comment       0x00000000       0x5b src/ASF/common/services/serial/usart_serial.o
                                 0x5c (size before relaxing)
 .comment       0x00000000       0x5c src/ASF/common/utils/stdio/read.o
 .comment       0x00000000       0x5c src/ASF/common/utils/stdio/write.o
 .comment       0x00000000       0x5c src/ASF/common/utils/unit_test/suite.o
 .comment       0x00000000       0x5c src/ASF/sam/drivers/tc/tc.o
 .comment       0x00000000       0x5c src/ASF/sam/drivers/uart/uart.o
 .comment       0x00000000       0x5c src/ASF/sam/drivers/usart/usart.o
 .comment       0x00000000       0x5c src/ASF/thirdparty/wireless/addons/sio2host/uart/sio2host.o
 .comment       0x00000000       0x5c src/ConsoleFunctions.o
 .comment       0x00000000       0x5c src/DelayFunctions.o
 .comment       0x00000000       0x5c src/Sensor/Servo.o
 .comment       0x00000000       0x5c src/Sensor/soundSensor.o
 .comment       0x00000000       0x5c src/ASF/common/services/clock/sam3x/sysclk.o
 .comment       0x00000000       0x5c src/ASF/common/utils/interrupt/interrupt_sam_nvic.o
 .comment       0x00000000       0x5c src/ASF/sam/boards/arduino_due_x/init.o
 .comment       0x00000000       0x5c src/ASF/sam/drivers/pio/pio.o
 .comment       0x00000000       0x5c src/ASF/sam/drivers/pio/pio_handler.o
 .comment       0x00000000       0x5c src/ASF/sam/drivers/pmc/pmc.o
 .comment       0x00000000       0x5c src/ASF/sam/utils/cmsis/sam3x/source/templates/exceptions.o
 .comment       0x00000000       0x5c src/ASF/sam/utils/cmsis/sam3x/source/templates/gcc/startup_sam3x.o
 .comment       0x00000000       0x5c src/ASF/sam/utils/cmsis/sam3x/source/templates/system_sam3x.o
 .comment       0x00000000       0x5c src/ASF/sam/utils/syscalls/gcc/syscalls.o
 .comment       0x00000000       0x5c src/main.o

.debug_info     0x00000000    0x128ea
 .debug_info    0x00000000      0x856 src/ASF/common/services/serial/usart_serial.o
 .debug_info    0x00000856      0x24c src/ASF/common/utils/stdio/read.o
 .debug_info    0x00000aa2      0x246 src/ASF/common/utils/stdio/write.o
 .debug_info    0x00000ce8      0xfcb src/ASF/common/utils/unit_test/suite.o
 .debug_info    0x00001cb3     0x1ac2 src/ASF/sam/drivers/tc/tc.o
 .debug_info    0x00003775      0x91a src/ASF/sam/drivers/uart/uart.o
 .debug_info    0x0000408f     0x1c80 src/ASF/sam/drivers/usart/usart.o
 .debug_info    0x00005d0f     0x18ff src/ASF/thirdparty/wireless/addons/sio2host/uart/sio2host.o
 .debug_info    0x0000760e     0x134a src/ConsoleFunctions.o
 .debug_info    0x00008958      0xd96 src/DelayFunctions.o
 .debug_info    0x000096ee     0x12cd src/Sensor/Servo.o
 .debug_info    0x0000a9bb     0x1605 src/Sensor/soundSensor.o
 .debug_info    0x0000bfc0      0x84c src/ASF/common/services/clock/sam3x/sysclk.o
 .debug_info    0x0000c80c      0x316 src/ASF/common/utils/interrupt/interrupt_sam_nvic.o
 .debug_info    0x0000cb22      0x7b7 src/ASF/sam/boards/arduino_due_x/init.o
 .debug_info    0x0000d2d9     0x1416 src/ASF/sam/drivers/pio/pio.o
 .debug_info    0x0000e6ef      0xee3 src/ASF/sam/drivers/pio/pio_handler.o
 .debug_info    0x0000f5d2     0x1111 src/ASF/sam/drivers/pmc/pmc.o
 .debug_info    0x000106e3      0x1b5 src/ASF/sam/utils/cmsis/sam3x/source/templates/exceptions.o
 .debug_info    0x00010898      0x44e src/ASF/sam/utils/cmsis/sam3x/source/templates/gcc/startup_sam3x.o
 .debug_info    0x00010ce6      0x557 src/ASF/sam/utils/cmsis/sam3x/source/templates/system_sam3x.o
 .debug_info    0x0001123d      0x43f src/ASF/sam/utils/syscalls/gcc/syscalls.o
 .debug_info    0x0001167c     0x126e src/main.o

.debug_abbrev   0x00000000     0x3325
 .debug_abbrev  0x00000000      0x1dd src/ASF/common/services/serial/usart_serial.o
 .debug_abbrev  0x000001dd      0x13c src/ASF/common/utils/stdio/read.o
 .debug_abbrev  0x00000319      0x132 src/ASF/common/utils/stdio/write.o
 .debug_abbrev  0x0000044b      0x35d src/ASF/common/utils/unit_test/suite.o
 .debug_abbrev  0x000007a8      0x218 src/ASF/sam/drivers/tc/tc.o
 .debug_abbrev  0x000009c0      0x1e3 src/ASF/sam/drivers/uart/uart.o
 .debug_abbrev  0x00000ba3      0x311 src/ASF/sam/drivers/usart/usart.o
 .debug_abbrev  0x00000eb4      0x3cb src/ASF/thirdparty/wireless/addons/sio2host/uart/sio2host.o
 .debug_abbrev  0x0000127f      0x330 src/ConsoleFunctions.o
 .debug_abbrev  0x000015af      0x1de src/DelayFunctions.o
 .debug_abbrev  0x0000178d      0x29f src/Sensor/Servo.o
 .debug_abbrev  0x00001a2c      0x32c src/Sensor/soundSensor.o
 .debug_abbrev  0x00001d58      0x25c src/ASF/common/services/clock/sam3x/sysclk.o
 .debug_abbrev  0x00001fb4      0x1ac src/ASF/common/utils/interrupt/interrupt_sam_nvic.o
 .debug_abbrev  0x00002160      0x1ab src/ASF/sam/boards/arduino_due_x/init.o
 .debug_abbrev  0x0000230b      0x30a src/ASF/sam/drivers/pio/pio.o
 .debug_abbrev  0x00002615      0x25e src/ASF/sam/drivers/pio/pio_handler.o
 .debug_abbrev  0x00002873      0x2a6 src/ASF/sam/drivers/pmc/pmc.o
 .debug_abbrev  0x00002b19       0xe0 src/ASF/sam/utils/cmsis/sam3x/source/templates/exceptions.o
 .debug_abbrev  0x00002bf9      0x15c src/ASF/sam/utils/cmsis/sam3x/source/templates/gcc/startup_sam3x.o
 .debug_abbrev  0x00002d55      0x153 src/ASF/sam/utils/cmsis/sam3x/source/templates/system_sam3x.o
 .debug_abbrev  0x00002ea8      0x14e src/ASF/sam/utils/syscalls/gcc/syscalls.o
 .debug_abbrev  0x00002ff6      0x32f src/main.o

.debug_loc      0x00000000     0x5bf2
 .debug_loc     0x00000000      0x2d1 src/ASF/common/services/serial/usart_serial.o
 .debug_loc     0x000002d1       0xc5 src/ASF/common/utils/stdio/read.o
 .debug_loc     0x00000396      0x161 src/ASF/common/utils/stdio/write.o
 .debug_loc     0x000004f7      0x41a src/ASF/common/utils/unit_test/suite.o
 .debug_loc     0x00000911     0x14bf src/ASF/sam/drivers/tc/tc.o
 .debug_loc     0x00001dd0      0x236 src/ASF/sam/drivers/uart/uart.o
 .debug_loc     0x00002006     0x128d src/ASF/sam/drivers/usart/usart.o
 .debug_loc     0x00003293      0x4cd src/ASF/thirdparty/wireless/addons/sio2host/uart/sio2host.o
 .debug_loc     0x00003760      0x28b src/ConsoleFunctions.o
 .debug_loc     0x000039eb       0x6c src/DelayFunctions.o
 .debug_loc     0x00003a57       0x60 src/Sensor/Servo.o
 .debug_loc     0x00003ab7      0x113 src/Sensor/soundSensor.o
 .debug_loc     0x00003bca      0x12d src/ASF/common/services/clock/sam3x/sysclk.o
 .debug_loc     0x00003cf7       0x4a src/ASF/common/utils/interrupt/interrupt_sam_nvic.o
 .debug_loc     0x00003d41       0x20 src/ASF/sam/boards/arduino_due_x/init.o
 .debug_loc     0x00003d61      0xa83 src/ASF/sam/drivers/pio/pio.o
 .debug_loc     0x000047e4      0x53d src/ASF/sam/drivers/pio/pio_handler.o
 .debug_loc     0x00004d21      0xc95 src/ASF/sam/drivers/pmc/pmc.o
 .debug_loc     0x000059b6       0x7e src/ASF/sam/utils/cmsis/sam3x/source/templates/gcc/startup_sam3x.o
 .debug_loc     0x00005a34      0x12b src/ASF/sam/utils/syscalls/gcc/syscalls.o
 .debug_loc     0x00005b5f       0x93 src/main.o

.debug_aranges  0x00000000      0xb38
 .debug_aranges
                0x00000000       0x28 src/ASF/common/services/serial/usart_serial.o
 .debug_aranges
                0x00000028       0x20 src/ASF/common/utils/stdio/read.o
 .debug_aranges
                0x00000048       0x20 src/ASF/common/utils/stdio/write.o
 .debug_aranges
                0x00000068       0x30 src/ASF/common/utils/unit_test/suite.o
 .debug_aranges
                0x00000098       0xd0 src/ASF/sam/drivers/tc/tc.o
 .debug_aranges
                0x00000168       0xe8 src/ASF/sam/drivers/uart/uart.o
 .debug_aranges
                0x00000250      0x2a8 src/ASF/sam/drivers/usart/usart.o
 .debug_aranges
                0x000004f8       0x60 src/ASF/thirdparty/wireless/addons/sio2host/uart/sio2host.o
 .debug_aranges
                0x00000558       0x30 src/ConsoleFunctions.o
 .debug_aranges
                0x00000588       0x28 src/DelayFunctions.o
 .debug_aranges
                0x000005b0       0x38 src/Sensor/Servo.o
 .debug_aranges
                0x000005e8       0x30 src/Sensor/soundSensor.o
 .debug_aranges
                0x00000618       0x40 src/ASF/common/services/clock/sam3x/sysclk.o
 .debug_aranges
                0x00000658       0x28 src/ASF/common/utils/interrupt/interrupt_sam_nvic.o
 .debug_aranges
                0x00000680       0x20 src/ASF/sam/boards/arduino_due_x/init.o
 .debug_aranges
                0x000006a0      0x148 src/ASF/sam/drivers/pio/pio.o
 .debug_aranges
                0x000007e8       0x58 src/ASF/sam/drivers/pio/pio_handler.o
 .debug_aranges
                0x00000840      0x200 src/ASF/sam/drivers/pmc/pmc.o
 .debug_aranges
                0x00000a40       0x20 src/ASF/sam/utils/cmsis/sam3x/source/templates/exceptions.o
 .debug_aranges
                0x00000a60       0x20 src/ASF/sam/utils/cmsis/sam3x/source/templates/gcc/startup_sam3x.o
 .debug_aranges
                0x00000a80       0x30 src/ASF/sam/utils/cmsis/sam3x/source/templates/system_sam3x.o
 .debug_aranges
                0x00000ab0       0x60 src/ASF/sam/utils/syscalls/gcc/syscalls.o
 .debug_aranges
                0x00000b10       0x28 src/main.o

.debug_ranges   0x00000000      0xa40
 .debug_ranges  0x00000000       0x30 src/ASF/common/services/serial/usart_serial.o
 .debug_ranges  0x00000030       0x10 src/ASF/common/utils/stdio/read.o
 .debug_ranges  0x00000040       0x10 src/ASF/common/utils/stdio/write.o
 .debug_ranges  0x00000050       0x50 src/ASF/common/utils/unit_test/suite.o
 .debug_ranges  0x000000a0       0xc0 src/ASF/sam/drivers/tc/tc.o
 .debug_ranges  0x00000160       0xd8 src/ASF/sam/drivers/uart/uart.o
 .debug_ranges  0x00000238      0x298 src/ASF/sam/drivers/usart/usart.o
 .debug_ranges  0x000004d0       0x50 src/ASF/thirdparty/wireless/addons/sio2host/uart/sio2host.o
 .debug_ranges  0x00000520       0x20 src/ConsoleFunctions.o
 .debug_ranges  0x00000540       0x18 src/DelayFunctions.o
 .debug_ranges  0x00000558       0x28 src/Sensor/Servo.o
 .debug_ranges  0x00000580       0x50 src/Sensor/soundSensor.o
 .debug_ranges  0x000005d0       0x30 src/ASF/common/services/clock/sam3x/sysclk.o
 .debug_ranges  0x00000600       0x18 src/ASF/common/utils/interrupt/interrupt_sam_nvic.o
 .debug_ranges  0x00000618       0x10 src/ASF/sam/boards/arduino_due_x/init.o
 .debug_ranges  0x00000628      0x138 src/ASF/sam/drivers/pio/pio.o
 .debug_ranges  0x00000760       0x48 src/ASF/sam/drivers/pio/pio_handler.o
 .debug_ranges  0x000007a8      0x1f0 src/ASF/sam/drivers/pmc/pmc.o
 .debug_ranges  0x00000998       0x10 src/ASF/sam/utils/cmsis/sam3x/source/templates/exceptions.o
 .debug_ranges  0x000009a8       0x10 src/ASF/sam/utils/cmsis/sam3x/source/templates/gcc/startup_sam3x.o
 .debug_ranges  0x000009b8       0x20 src/ASF/sam/utils/cmsis/sam3x/source/templates/system_sam3x.o
 .debug_ranges  0x000009d8       0x50 src/ASF/sam/utils/syscalls/gcc/syscalls.o
 .debug_ranges  0x00000a28       0x18 src/main.o

.debug_macro    0x00000000     0x80d6
 .debug_macro   0x00000000      0x569 src/ASF/common/services/serial/usart_serial.o
 .debug_macro   0x00000569      0x4b6 src/ASF/common/utils/stdio/read.o
 .debug_macro   0x00000a1f      0x4b6 src/ASF/common/utils/stdio/write.o
 .debug_macro   0x00000ed5      0x4d7 src/ASF/common/utils/unit_test/suite.o
 .debug_macro   0x000013ac       0x52 src/ASF/common/utils/unit_test/suite.o
 .debug_macro   0x000013fe      0x4d1 src/ASF/sam/drivers/tc/tc.o
 .debug_macro   0x000018cf       0x16 src/ASF/sam/drivers/tc/tc.o
 .debug_macro   0x000018e5       0x4a src/ASF/sam/drivers/tc/tc.o
 .debug_macro   0x0000192f       0x1c src/ASF/sam/drivers/tc/tc.o
 .debug_macro   0x0000194b      0x4c5 src/ASF/sam/drivers/uart/uart.o
 .debug_macro   0x00001e10       0x16 src/ASF/sam/drivers/uart/uart.o
 .debug_macro   0x00001e26      0x501 src/ASF/sam/drivers/usart/usart.o
 .debug_macro   0x00002327       0x28 src/ASF/sam/drivers/usart/usart.o
 .debug_macro   0x0000234f      0x649 src/ASF/thirdparty/wireless/addons/sio2host/uart/sio2host.o
 .debug_macro   0x00002998       0x40 src/ASF/thirdparty/wireless/addons/sio2host/uart/sio2host.o
 .debug_macro   0x000029d8      0x63d src/ConsoleFunctions.o
 .debug_macro   0x00003015       0x97 src/ConsoleFunctions.o
 .debug_macro   0x000030ac       0xef src/ConsoleFunctions.o
 .debug_macro   0x0000319b      0x20f src/ConsoleFunctions.o
 .debug_macro   0x000033aa       0x58 src/ConsoleFunctions.o
 .debug_macro   0x00003402      0x63f src/DelayFunctions.o
 .debug_macro   0x00003a41      0x650 src/Sensor/Servo.o
 .debug_macro   0x00004091      0x678 src/Sensor/soundSensor.o
 .debug_macro   0x00004709       0x16 src/Sensor/soundSensor.o
 .debug_macro   0x0000471f       0x10 src/Sensor/soundSensor.o
 .debug_macro   0x0000472f       0x41 src/Sensor/soundSensor.o
 .debug_macro   0x00004770      0x536 src/ASF/common/services/clock/sam3x/sysclk.o
 .debug_macro   0x00004ca6      0x242 src/ASF/common/services/clock/sam3x/sysclk.o
 .debug_macro   0x00004ee8      0x4c0 src/ASF/common/utils/interrupt/interrupt_sam_nvic.o
 .debug_macro   0x000053a8       0x3f src/ASF/common/utils/interrupt/interrupt_sam_nvic.o
 .debug_macro   0x000053e7      0x575 src/ASF/sam/boards/arduino_due_x/init.o
 .debug_macro   0x0000595c       0x6a src/ASF/sam/boards/arduino_due_x/init.o
 .debug_macro   0x000059c6      0x4d1 src/ASF/sam/drivers/pio/pio.o
 .debug_macro   0x00005e97       0x8e src/ASF/sam/drivers/pio/pio.o
 .debug_macro   0x00005f25      0x4d5 src/ASF/sam/drivers/pio/pio_handler.o
 .debug_macro   0x000063fa      0x4cb src/ASF/sam/drivers/pmc/pmc.o
 .debug_macro   0x000068c5       0x58 src/ASF/sam/drivers/pmc/pmc.o
 .debug_macro   0x0000691d      0x4ca src/ASF/sam/utils/cmsis/sam3x/source/templates/exceptions.o
 .debug_macro   0x00006de7       0x5f src/ASF/sam/utils/cmsis/sam3x/source/templates/exceptions.o
 .debug_macro   0x00006e46      0x4d8 src/ASF/sam/utils/cmsis/sam3x/source/templates/gcc/startup_sam3x.o
 .debug_macro   0x0000731e      0x4d8 src/ASF/sam/utils/cmsis/sam3x/source/templates/system_sam3x.o
 .debug_macro   0x000077f6       0x26 src/ASF/sam/utils/cmsis/sam3x/source/templates/system_sam3x.o
 .debug_macro   0x0000781c      0x129 src/ASF/sam/utils/syscalls/gcc/syscalls.o
 .debug_macro   0x00007945      0x120 src/ASF/sam/utils/syscalls/gcc/syscalls.o
 .debug_macro   0x00007a65      0x671 src/main.o

.debug_line     0x00000000    0x1344e
 .debug_line    0x00000000      0xd48 src/ASF/common/services/serial/usart_serial.o
 .debug_line    0x00000d48      0xb06 src/ASF/common/utils/stdio/read.o
 .debug_line    0x0000184e      0xafc src/ASF/common/utils/stdio/write.o
 .debug_line    0x0000234a      0xb9e src/ASF/common/utils/unit_test/suite.o
 .debug_line    0x00002ee8     0x1109 src/ASF/sam/drivers/tc/tc.o
 .debug_line    0x00003ff1      0xcbc src/ASF/sam/drivers/uart/uart.o
 .debug_line    0x00004cad     0x11d7 src/ASF/sam/drivers/usart/usart.o
 .debug_line    0x00005e84     0x1150 src/ASF/thirdparty/wireless/addons/sio2host/uart/sio2host.o
 .debug_line    0x00006fd4     0x1056 src/ConsoleFunctions.o
 .debug_line    0x0000802a      0xf97 src/DelayFunctions.o
 .debug_line    0x00008fc1      0xff4 src/Sensor/Servo.o
 .debug_line    0x00009fb5     0x1040 src/Sensor/soundSensor.o
 .debug_line    0x0000aff5      0xc75 src/ASF/common/services/clock/sam3x/sysclk.o
 .debug_line    0x0000bc6a      0xb43 src/ASF/common/utils/interrupt/interrupt_sam_nvic.o
 .debug_line    0x0000c7ad      0xd07 src/ASF/sam/boards/arduino_due_x/init.o
 .debug_line    0x0000d4b4      0xe6f src/ASF/sam/drivers/pio/pio.o
 .debug_line    0x0000e323      0xbba src/ASF/sam/drivers/pio/pio_handler.o
 .debug_line    0x0000eedd     0x1072 src/ASF/sam/drivers/pmc/pmc.o
 .debug_line    0x0000ff4f      0xae2 src/ASF/sam/utils/cmsis/sam3x/source/templates/exceptions.o
 .debug_line    0x00010a31      0xb32 src/ASF/sam/utils/cmsis/sam3x/source/templates/gcc/startup_sam3x.o
 .debug_line    0x00011563      0xb4f src/ASF/sam/utils/cmsis/sam3x/source/templates/system_sam3x.o
 .debug_line    0x000120b2      0x39b src/ASF/sam/utils/syscalls/gcc/syscalls.o
 .debug_line    0x0001244d     0x1001 src/main.o

.debug_str      0x00000000    0x61726
 .debug_str     0x00000000    0x5cd98 src/ASF/common/services/serial/usart_serial.o
                              0x5d0de (size before relaxing)
 .debug_str     0x0005cd98       0x3f src/ASF/common/utils/stdio/read.o
                              0x59109 (size before relaxing)
 .debug_str     0x0005cdd7       0x2e src/ASF/common/utils/stdio/write.o
                              0x5910b (size before relaxing)
 .debug_str     0x0005ce05      0x566 src/ASF/common/utils/unit_test/suite.o
                              0x596eb (size before relaxing)
 .debug_str     0x0005d36b      0x3db src/ASF/sam/drivers/tc/tc.o
                              0x594eb (size before relaxing)
 .debug_str     0x0005d746      0x2aa src/ASF/sam/drivers/uart/uart.o
                              0x594cf (size before relaxing)
 .debug_str     0x0005d9f0      0xa2f src/ASF/sam/drivers/usart/usart.o
                              0x59d80 (size before relaxing)
 .debug_str     0x0005e41f     0x13c0 src/ASF/thirdparty/wireless/addons/sio2host/uart/sio2host.o
                              0x5e8f6 (size before relaxing)
 .debug_str     0x0005f7df      0x19f src/ConsoleFunctions.o
                              0x5e3c7 (size before relaxing)
 .debug_str     0x0005f97e       0x46 src/DelayFunctions.o
                              0x5defe (size before relaxing)
 .debug_str     0x0005f9c4      0x34f src/Sensor/Servo.o
                              0x5e1cf (size before relaxing)
 .debug_str     0x0005fd13      0x1a7 src/Sensor/soundSensor.o
                              0x5e3eb (size before relaxing)
 .debug_str     0x0005feba      0x24c src/ASF/common/services/clock/sam3x/sysclk.o
                              0x5cf12 (size before relaxing)
 .debug_str     0x00060106       0x73 src/ASF/common/utils/interrupt/interrupt_sam_nvic.o
                              0x59193 (size before relaxing)
 .debug_str     0x00060179       0x63 src/ASF/sam/boards/arduino_due_x/init.o
                              0x5d7a2 (size before relaxing)
 .debug_str     0x000601dc      0x40e src/ASF/sam/drivers/pio/pio.o
                              0x59aae (size before relaxing)
 .debug_str     0x000605ea      0x1bf src/ASF/sam/drivers/pio/pio_handler.o
                              0x59af6 (size before relaxing)
 .debug_str     0x000607a9      0x67e src/ASF/sam/drivers/pmc/pmc.o
                              0x59b24 (size before relaxing)
 .debug_str     0x00060e27       0x4d src/ASF/sam/utils/cmsis/sam3x/source/templates/exceptions.o
                              0x59123 (size before relaxing)
 .debug_str     0x00060e74       0xb2 src/ASF/sam/utils/cmsis/sam3x/source/templates/gcc/startup_sam3x.o
                              0x591f8 (size before relaxing)
 .debug_str     0x00060f26      0x1cd src/ASF/sam/utils/cmsis/sam3x/source/templates/system_sam3x.o
                              0x5940b (size before relaxing)
 .debug_str     0x000610f3      0x57e src/ASF/sam/utils/syscalls/gcc/syscalls.o
                               0x4f78 (size before relaxing)
 .debug_str     0x00061671       0xb5 src/main.o
                              0x5e1f1 (size before relaxing)

.debug_frame    0x00000000     0x26b8
 .debug_frame   0x00000000       0x60 src/ASF/common/services/serial/usart_serial.o
 .debug_frame   0x00000060       0x30 src/ASF/common/utils/stdio/read.o
 .debug_frame   0x00000090       0x30 src/ASF/common/utils/stdio/write.o
 .debug_frame   0x000000c0       0x74 src/ASF/common/utils/unit_test/suite.o
 .debug_frame   0x00000134      0x2e4 src/ASF/sam/drivers/tc/tc.o
 .debug_frame   0x00000418      0x1b8 src/ASF/sam/drivers/uart/uart.o
 .debug_frame   0x000005d0      0x5c8 src/ASF/sam/drivers/usart/usart.o
 .debug_frame   0x00000b98      0x10c src/ASF/thirdparty/wireless/addons/sio2host/uart/sio2host.o
 .debug_frame   0x00000ca4       0x68 src/ConsoleFunctions.o
 .debug_frame   0x00000d0c       0x48 src/DelayFunctions.o
 .debug_frame   0x00000d54       0x74 src/Sensor/Servo.o
 .debug_frame   0x00000dc8       0x60 src/Sensor/soundSensor.o
 .debug_frame   0x00000e28       0x88 src/ASF/common/services/clock/sam3x/sysclk.o
 .debug_frame   0x00000eb0       0x3c src/ASF/common/utils/interrupt/interrupt_sam_nvic.o
 .debug_frame   0x00000eec       0x28 src/ASF/sam/boards/arduino_due_x/init.o
 .debug_frame   0x00000f14      0x2a8 src/ASF/sam/drivers/pio/pio.o
 .debug_frame   0x000011bc       0xf8 src/ASF/sam/drivers/pio/pio_handler.o
 .debug_frame   0x000012b4      0x410 src/ASF/sam/drivers/pmc/pmc.o
 .debug_frame   0x000016c4       0x20 src/ASF/sam/utils/cmsis/sam3x/source/templates/exceptions.o
 .debug_frame   0x000016e4       0x28 src/ASF/sam/utils/cmsis/sam3x/source/templates/gcc/startup_sam3x.o
 .debug_frame   0x0000170c       0x40 src/ASF/sam/utils/cmsis/sam3x/source/templates/system_sam3x.o
 .debug_frame   0x0000174c       0xa8 src/ASF/sam/utils/syscalls/gcc/syscalls.o
 .debug_frame   0x000017f4       0x44 src/main.o
 .debug_frame   0x00001838       0x2c c:/program files (x86)/atmel/atmel toolchain/arm gcc/native/4.8.1443/arm-gnu-toolchain/bin/../lib/gcc/arm-none-eabi/4.8.4/../../../../arm-none-eabi/lib/armv7-m\libc.a(lib_a-init.o)
 .debug_frame   0x00001864       0x5c c:/program files (x86)/atmel/atmel toolchain/arm gcc/native/4.8.1443/arm-gnu-toolchain/bin/../lib/gcc/arm-none-eabi/4.8.4/../../../../arm-none-eabi/lib/armv7-m\libc.a(lib_a-iprintf.o)
 .debug_frame   0x000018c0       0x2c c:/program files (x86)/atmel/atmel toolchain/arm gcc/native/4.8.1443/arm-gnu-toolchain/bin/../lib/gcc/arm-none-eabi/4.8.4/../../../../arm-none-eabi/lib/armv7-m\libc.a(lib_a-memset.o)
 .debug_frame   0x000018ec       0x20 c:/program files (x86)/atmel/atmel toolchain/arm gcc/native/4.8.1443/arm-gnu-toolchain/bin/../lib/gcc/arm-none-eabi/4.8.4/../../../../arm-none-eabi/lib/armv7-m\libc.a(lib_a-setbuf.o)
 .debug_frame   0x0000190c       0x30 c:/program files (x86)/atmel/atmel toolchain/arm gcc/native/4.8.1443/arm-gnu-toolchain/bin/../lib/gcc/arm-none-eabi/4.8.4/../../../../arm-none-eabi/lib/armv7-m\libc.a(lib_a-setvbuf.o)
 .debug_frame   0x0000193c       0xb8 c:/program files (x86)/atmel/atmel toolchain/arm gcc/native/4.8.1443/arm-gnu-toolchain/bin/../lib/gcc/arm-none-eabi/4.8.4/../../../../arm-none-eabi/lib/armv7-m\libc.a(lib_a-vfiprintf.o)
 .debug_frame   0x000019f4       0x7c c:/program files (x86)/atmel/atmel toolchain/arm gcc/native/4.8.1443/arm-gnu-toolchain/bin/../lib/gcc/arm-none-eabi/4.8.4/../../../../arm-none-eabi/lib/armv7-m\libc.a(lib_a-vfprintf.o)
 .debug_frame   0x00001a70       0x40 c:/program files (x86)/atmel/atmel toolchain/arm gcc/native/4.8.1443/arm-gnu-toolchain/bin/../lib/gcc/arm-none-eabi/4.8.4/../../../../arm-none-eabi/lib/armv7-m\libc.a(lib_a-wbuf.o)
 .debug_frame   0x00001ab0       0x2c c:/program files (x86)/atmel/atmel toolchain/arm gcc/native/4.8.1443/arm-gnu-toolchain/bin/../lib/gcc/arm-none-eabi/4.8.4/../../../../arm-none-eabi/lib/armv7-m\libc.a(lib_a-wsetup.o)
 .debug_frame   0x00001adc       0x48 c:/program files (x86)/atmel/atmel toolchain/arm gcc/native/4.8.1443/arm-gnu-toolchain/bin/../lib/gcc/arm-none-eabi/4.8.4/../../../../arm-none-eabi/lib/armv7-m\libc.a(lib_a-__call_atexit.o)
 .debug_frame   0x00001b24       0x20 c:/program files (x86)/atmel/atmel toolchain/arm gcc/native/4.8.1443/arm-gnu-toolchain/bin/../lib/gcc/arm-none-eabi/4.8.4/../../../../arm-none-eabi/lib/armv7-m\libc.a(lib_a-atexit.o)
 .debug_frame   0x00001b44       0x64 c:/program files (x86)/atmel/atmel toolchain/arm gcc/native/4.8.1443/arm-gnu-toolchain/bin/../lib/gcc/arm-none-eabi/4.8.4/../../../../arm-none-eabi/lib/armv7-m\libc.a(lib_a-dtoa.o)
 .debug_frame   0x00001ba8       0x5c c:/program files (x86)/atmel/atmel toolchain/arm gcc/native/4.8.1443/arm-gnu-toolchain/bin/../lib/gcc/arm-none-eabi/4.8.4/../../../../arm-none-eabi/lib/armv7-m\libc.a(lib_a-fflush.o)
 .debug_frame   0x00001c04      0x110 c:/program files (x86)/atmel/atmel toolchain/arm gcc/native/4.8.1443/arm-gnu-toolchain/bin/../lib/gcc/arm-none-eabi/4.8.4/../../../../arm-none-eabi/lib/armv7-m\libc.a(lib_a-findfp.o)