Archive member included because of file (symbol)

c:/program files (x86)/atmel/atmel toolchain/arm gcc/native/4.8.1443/arm-gnu-toolchain/bin/../lib/gcc/arm-none-eabi/4.8.4/armv7-m\libgcc.a(_arm_addsubdf3.o)
                              src/Rotate.o (__aeabi_i2d)
c:/program files (x86)/atmel/atmel toolchain/arm gcc/native/4.8.1443/arm-gnu-toolchain/bin/../lib/gcc/arm-none-eabi/4.8.4/armv7-m\libgcc.a(_arm_muldivdf3.o)
                              src/Rotate.o (__aeabi_dmul)
c:/program files (x86)/atmel/atmel toolchain/arm gcc/native/4.8.1443/arm-gnu-toolchain/bin/../lib/gcc/arm-none-eabi/4.8.4/armv7-m\libgcc.a(_arm_cmpdf2.o)
                              src/Rotate.o (__aeabi_dcmplt)
c:/program files (x86)/atmel/atmel toolchain/arm gcc/native/4.8.1443/arm-gnu-toolchain/bin/../lib/gcc/arm-none-eabi/4.8.4/../../../../arm-none-eabi/lib/armv7-m\libc.a(lib_a-exit.o)
                              c:/program files (x86)/atmel/atmel toolchain/arm gcc/native/4.8.1443/arm-gnu-toolchain/bin/../lib/gcc/arm-none-eabi/4.8.4/../../../../arm-none-eabi/lib/armv7-m/crt0.o (exit)
c:/program files (x86)/atmel/atmel toolchain/arm gcc/native/4.8.1443/arm-gnu-toolchain/bin/../lib/gcc/arm-none-eabi/4.8.4/../../../../arm-none-eabi/lib/armv7-m\libc.a(lib_a-impure.o)
                              c:/program files (x86)/atmel/atmel toolchain/arm gcc/native/4.8.1443/arm-gnu-toolchain/bin/../lib/gcc/arm-none-eabi/4.8.4/../../../../arm-none-eabi/lib/armv7-m\libc.a(lib_a-exit.o) (_global_impure_ptr)
c:/program files (x86)/atmel/atmel toolchain/arm gcc/native/4.8.1443/arm-gnu-toolchain/bin/../lib/gcc/arm-none-eabi/4.8.4/../../../../arm-none-eabi/lib/armv7-m\libc.a(lib_a-init.o)
                              c:/program files (x86)/atmel/atmel toolchain/arm gcc/native/4.8.1443/arm-gnu-toolchain/bin/../lib/gcc/arm-none-eabi/4.8.4/../../../../arm-none-eabi/lib/armv7-m/crt0.o (__libc_init_array)
c:/program files (x86)/atmel/atmel toolchain/arm gcc/native/4.8.1443/arm-gnu-toolchain/bin/../lib/gcc/arm-none-eabi/4.8.4/../../../../arm-none-eabi/lib/armv7-m\libc.a(lib_a-iprintf.o)
                              src/console/ConsoleFunctions.o (iprintf)
c:/program files (x86)/atmel/atmel toolchain/arm gcc/native/4.8.1443/arm-gnu-toolchain/bin/../lib/gcc/arm-none-eabi/4.8.4/../../../../arm-none-eabi/lib/armv7-m\libc.a(lib_a-memset.o)
                              c:/program files (x86)/atmel/atmel toolchain/arm gcc/native/4.8.1443/arm-gnu-toolchain/bin/../lib/gcc/arm-none-eabi/4.8.4/../../../../arm-none-eabi/lib/armv7-m/crt0.o (memset)
c:/program files (x86)/atmel/atmel toolchain/arm gcc/native/4.8.1443/arm-gnu-toolchain/bin/../lib/gcc/arm-none-eabi/4.8.4/../../../../arm-none-eabi/lib/armv7-m\libc.a(lib_a-setbuf.o)
                              src/ASF/thirdparty/wireless/addons/sio2host/uart/sio2host.o (setbuf)
c:/program files (x86)/atmel/atmel toolchain/arm gcc/native/4.8.1443/arm-gnu-toolchain/bin/../lib/gcc/arm-none-eabi/4.8.4/../../../../arm-none-eabi/lib/armv7-m\libc.a(lib_a-setvbuf.o)
                              c:/program files (x86)/atmel/atmel toolchain/arm gcc/native/4.8.1443/arm-gnu-toolchain/bin/../lib/gcc/arm-none-eabi/4.8.4/../../../../arm-none-eabi/lib/armv7-m\libc.a(lib_a-setbuf.o) (setvbuf)
c:/program files (x86)/atmel/atmel toolchain/arm gcc/native/4.8.1443/arm-gnu-toolchain/bin/../lib/gcc/arm-none-eabi/4.8.4/../../../../arm-none-eabi/lib/armv7-m\libc.a(lib_a-sprintf.o)
                              src/Rotate.o (sprintf)
c:/program files (x86)/atmel/atmel toolchain/arm gcc/native/4.8.1443/arm-gnu-toolchain/bin/../lib/gcc/arm-none-eabi/4.8.4/../../../../arm-none-eabi/lib/armv7-m\libc.a(lib_a-svfprintf.o)
                              c:/program files (x86)/atmel/atmel toolchain/arm gcc/native/4.8.1443/arm-gnu-toolchain/bin/../lib/gcc/arm-none-eabi/4.8.4/../../../../arm-none-eabi/lib/armv7-m\libc.a(lib_a-sprintf.o) (_svfprintf_r)
c:/program files (x86)/atmel/atmel toolchain/arm gcc/native/4.8.1443/arm-gnu-toolchain/bin/../lib/gcc/arm-none-eabi/4.8.4/../../../../arm-none-eabi/lib/armv7-m\libc.a(lib_a-vfiprintf.o)
                              c:/program files (x86)/atmel/atmel toolchain/arm gcc/native/4.8.1443/arm-gnu-toolchain/bin/../lib/gcc/arm-none-eabi/4.8.4/../../../../arm-none-eabi/lib/armv7-m\libc.a(lib_a-iprintf.o) (_vfiprintf_r)
c:/program files (x86)/atmel/atmel toolchain/arm gcc/native/4.8.1443/arm-gnu-toolchain/bin/../lib/gcc/arm-none-eabi/4.8.4/../../../../arm-none-eabi/lib/armv7-m\libc.a(lib_a-wsetup.o)
                              c:/program files (x86)/atmel/atmel toolchain/arm gcc/native/4.8.1443/arm-gnu-toolchain/bin/../lib/gcc/arm-none-eabi/4.8.4/../../../../arm-none-eabi/lib/armv7-m\libc.a(lib_a-vfiprintf.o) (__swsetup_r)
c:/program files (x86)/atmel/atmel toolchain/arm gcc/native/4.8.1443/arm-gnu-toolchain/bin/../lib/gcc/arm-none-eabi/4.8.4/../../../../arm-none-eabi/lib/armv7-m\libc.a(lib_a-__call_atexit.o)
[...]
Memory Configuration

Name             Origin             Length             Attributes
rom              0x00080000         0x00080000         xr
sram0            0x20000000         0x00010000         xrw
sram1            0x20080000         0x00008000         xrw
ram              0x20070000         0x00018000         xrw
*default*        0x00000000         0xffffffff

Linker script and memory map

LOAD c:/program files (x86)/atmel/atmel toolchain/arm gcc/native/4.8.1443/arm-gnu-toolchain/bin/../lib/gcc/arm-none-eabi/4.8.4/armv7-m/crti.o
LOAD c:/program files (x86)/atmel/atmel toolchain/arm gcc/native/4.8.1443/arm-gnu-toolchain/bin/../lib/gcc/arm-none-eabi/4.8.4/armv7-m/crtbegin.o
LOAD c:/program files (x86)/atmel/atmel toolchain/arm gcc/native/4.8.1443/arm-gnu-toolchain/bin/../lib/gcc/arm-none-eabi/4.8.4/../../../../arm-none-eabi/lib/armv7-m/crt0.o
LOAD src/ASF/common/utils/stdio/read.o
LOAD src/ASF/sam/drivers/tc/tc.o
LOAD src/ASF/sam/drivers/usart/usart.o
LOAD src/ASF/thirdparty/wireless/addons/sio2host/uart/sio2host.o
LOAD src/console/ConsoleFunctions.o
LOAD src/DelayFunctions.o
LOAD src/Motorfunctions.o
LOAD src/RaspDue.o
LOAD src/Rotate.o
LOAD src/ASF/common/utils/stdio/write.o
LOAD src/ASF/common/services/serial/usart_serial.o
LOAD src/ASF/sam/drivers/uart/uart.o
LOAD src/ASF/common/services/clock/sam3x/sysclk.o
LOAD src/ASF/common/utils/interrupt/interrupt_sam_nvic.o
LOAD src/ASF/sam/boards/arduino_due_x/init.o
LOAD src/ASF/sam/drivers/pio/pio.o
LOAD src/ASF/sam/drivers/pio/pio_handler.o
LOAD src/ASF/sam/drivers/pmc/pmc.o
LOAD src/ASF/sam/drivers/pmc/sleep.o
LOAD src/ASF/sam/utils/cmsis/sam3x/source/templates/exceptions.o
LOAD src/ASF/sam/utils/cmsis/sam3x/source/templates/gcc/startup_sam3x.o
LOAD src/ASF/sam/utils/cmsis/sam3x/source/templates/system_sam3x.o
LOAD src/ASF/sam/utils/syscalls/gcc/syscalls.o
LOAD src/main.o
START GROUP
LOAD ../src/ASF/thirdparty/CMSIS/Lib/GCC\libarm_cortexM3l_math.a
LOAD c:/program files (x86)/atmel/atmel toolchain/arm gcc/native/4.8.1443/arm-gnu-toolchain/bin/../lib/gcc/arm-none-eabi/4.8.4/../../../../arm-none-eabi/lib/armv7-m\libm.a
END GROUP
START GROUP
LOAD c:/program files (x86)/atmel/atmel toolchain/arm gcc/native/4.8.1443/arm-gnu-toolchain/bin/../lib/gcc/arm-none-eabi/4.8.4/armv7-m\libgcc.a
LOAD c:/program files (x86)/atmel/atmel toolchain/arm gcc/native/4.8.1443/arm-gnu-toolchain/bin/../lib/gcc/arm-none-eabi/4.8.4/../../../../arm-none-eabi/lib/armv7-m\libc.a
END GROUP
LOAD c:/program files (x86)/atmel/atmel toolchain/arm gcc/native/4.8.1443/arm-gnu-toolchain/bin/../lib/gcc/arm-none-eabi/4.8.4/armv7-m/crtend.o
LOAD c:/program files (x86)/atmel/atmel toolchain/arm gcc/native/4.8.1443/arm-gnu-toolchain/bin/../lib/gcc/arm-none-eabi/4.8.4/armv7-m/crtn.o
                0x00002000                __stack_size__ = DEFINED (__stack_size__)?__stack_size__:0x2000
                0x20087ffc                __ram_end__ = ((ORIGIN (ram) + 0x18000) - 0x4)

.text           0x00080000     0x3ef0
                0x00080000                . = ALIGN (0x4)
                0x00080000                _sfixed = .
 *(.vectors .vectors.*)
 .vectors       0x00080000       0xf4 src/ASF/sam/utils/cmsis/sam3x/source/templates/gcc/startup_sam3x.o
                0x00080000                exception_table
 *(.text .text.* .gnu.linkonce.t.*)
 .text          0x000800f4       0x54 c:/program files (x86)/atmel/atmel toolchain/arm gcc/native/4.8.1443/arm-gnu-toolchain/bin/../lib/gcc/arm-none-eabi/4.8.4/armv7-m/crtbegin.o
 .text._read    0x00080148       0x40 src/ASF/common/utils/stdio/read.o
                0x00080148                _read
 .text.tc_init  0x00080188       0x1c src/ASF/sam/drivers/tc/tc.o
                0x00080188                tc_init
 .text.tc_set_block_mode
                0x000801a4        0x8 src/ASF/sam/drivers/tc/tc.o
                0x000801a4                tc_set_block_mode
 .text.tc_start
                0x000801ac        0x8 src/ASF/sam/drivers/tc/tc.o
                0x000801ac                tc_start
 .text.tc_stop  0x000801b4        0x8 src/ASF/sam/drivers/tc/tc.o
                0x000801b4                tc_stop
 .text.tc_read_cv
                0x000801bc        0x8 src/ASF/sam/drivers/tc/tc.o
                0x000801bc                tc_read_cv
 .text.usart_write
                0x000801c4       0x14 src/ASF/sam/drivers/usart/usart.o
                0x000801c4                usart_write
 .text.usart_read
                0x000801d8       0x18 src/ASF/sam/drivers/usart/usart.o
                0x000801d8                usart_read
 .text.USART0_Handler
                0x000801f0       0x6c src/ASF/thirdparty/wireless/addons/sio2host/uart/sio2host.o
                0x000801f0                USART0_Handler
 .text.usart_serial_getchar
                0x0008025c       0xa8 src/console/ConsoleFunctions.o
 .text.usart_serial_putchar
                0x00080304       0xa8 src/console/ConsoleFunctions.o
 .text.configureConsole
                0x000803ac       0x94 src/console/ConsoleFunctions.o
                0x000803ac                configureConsole
 .text.delayInit
                0x00080440       0x3c src/DelayFunctions.o
                0x00080440                delayInit
 .text.delayMicroseconds
                0x0008047c       0x3c src/DelayFunctions.o
                0x0008047c                delayMicroseconds
 .text.initMotor
                0x000804b8       0x18 src/Motorfunctions.o
                0x000804b8                initMotor
 .text.pulseLeft
                0x000804d0       0x18 src/Motorfunctions.o
                0x000804d0                pulseLeft
 .text.pulseRight
                0x000804e8       0x18 src/Motorfunctions.o
                0x000804e8                pulseRight
 .text.moveForward
                0x00080500       0x24 src/Motorfunctions.o
                0x00080500                moveForward
 .text.startCOM
                0x00080524        0xc src/RaspDue.o
                0x00080524                startCOM
 .text.camera_detection
                0x00080530       0x90 src/RaspDue.o
                0x00080530                camera_detection
 .text._write   0x000805c0       0x54 src/ASF/common/utils/stdio/write.o
                0x000805c0                _write
 .text.usart_serial_read_packet
                0x00080614       0xc4 src/ASF/common/services/serial/usart_serial.o
                0x00080614                usart_serial_read_packet
 .text.uart_init
                0x000806d8       0x38 src/ASF/sam/drivers/uart/uart.o
                0x000806d8                uart_init
 .text.uart_write
                0x00080710       0x10 src/ASF/sam/drivers/uart/uart.o
                0x00080710                uart_write
 .text.uart_read
                0x00080720       0x14 src/ASF/sam/drivers/uart/uart.o
                0x00080720                uart_read
 .text.sysclk_init
                0x00080734       0x64 src/ASF/common/services/clock/sam3x/sysclk.o
                0x00080734                sysclk_init
 .text.board_init
                0x00080798       0x70 src/ASF/sam/boards/arduino_due_x/init.o
                0x00080798                board_init
 .text.pio_set_peripheral
                0x00080808       0x40 src/ASF/sam/drivers/pio/pio.o
                0x00080808                pio_set_peripheral
 .text.pio_set_input
                0x00080848       0x34 src/ASF/sam/drivers/pio/pio.o
                0x00080848                pio_set_input
 .text.pio_set_output
                0x0008087c       0x28 src/ASF/sam/drivers/pio/pio.o
                0x0008087c                pio_set_output
 .text.pio_get_interrupt_status
                0x000808a4        0x4 src/ASF/sam/drivers/pio/pio.o
                0x000808a4                pio_get_interrupt_status
 .text.pio_get_interrupt_mask
                0x000808a8        0x4 src/ASF/sam/drivers/pio/pio.o
                0x000808a8                pio_get_interrupt_mask
 .text.pio_configure_pin
                0x000808ac       0xd4 src/ASF/sam/drivers/pio/pio.o
                0x000808ac                pio_configure_pin
 .text.pio_configure_pin_group
                0x00080980       0xa0 src/ASF/sam/drivers/pio/pio.o
                0x00080980                pio_configure_pin_group
 .text.pio_handler_process
                0x00080a20       0x58 src/ASF/sam/drivers/pio/pio_handler.o
                0x00080a20                pio_handler_process
 .text.PIOA_Handler
                0x00080a78       0x14 src/ASF/sam/drivers/pio/pio_handler.o
                0x00080a78                PIOA_Handler
 .text.PIOB_Handler
                0x00080a8c       0x14 src/ASF/sam/drivers/pio/pio_handler.o
                0x00080a8c                PIOB_Handler
 .text.PIOC_Handler
                0x00080aa0       0x14 src/ASF/sam/drivers/pio/pio_handler.o
                0x00080aa0                PIOC_Handler
 .text.PIOD_Handler
                0x00080ab4       0x14 src/ASF/sam/drivers/pio/pio_handler.o
                0x00080ab4                PIOD_Handler
 .text.pmc_switch_mck_to_pllack
                0x00080ac8       0x64 src/ASF/sam/drivers/pmc/pmc.o
                0x00080ac8                pmc_switch_mck_to_pllack
 .text.pmc_switch_mainck_to_xtal
                0x00080b2c       0x54 src/ASF/sam/drivers/pmc/pmc.o
                0x00080b2c                pmc_switch_mainck_to_xtal
 .text.pmc_osc_is_ready_mainck
                0x00080b80       0x10 src/ASF/sam/drivers/pmc/pmc.o
                0x00080b80                pmc_osc_is_ready_mainck
 .text.pmc_disable_pllack
                0x00080b90       0x10 src/ASF/sam/drivers/pmc/pmc.o
                0x00080b90                pmc_disable_pllack
 .text.pmc_is_locked_pllack
                0x00080ba0       0x10 src/ASF/sam/drivers/pmc/pmc.o
                0x00080ba0                pmc_is_locked_pllack
 .text.pmc_enable_periph_clk
                0x00080bb0       0x58 src/ASF/sam/drivers/pmc/pmc.o
                0x00080bb0                pmc_enable_periph_clk
 .text.Dummy_Handler
                0x00080c08        0x4 src/ASF/sam/utils/cmsis/sam3x/source/templates/exceptions.o
                0x00080c08                DACC_Handler
                0x00080c08                DebugMon_Handler
                0x00080c08                DMAC_Handler
                0x00080c08                TRNG_Handler
                0x00080c08                HardFault_Handler
                0x00080c08                TC2_Handler
                0x00080c08                SysTick_Handler
                0x00080c08                USART3_Handler
                0x00080c08                TWI1_Handler
                0x00080c08                PendSV_Handler
                0x00080c08                NMI_Handler
                0x00080c08                TC7_Handler
                0x00080c08                ADC_Handler
                0x00080c08                SMC_Handler
                0x00080c08                RTT_Handler
                0x00080c08                EFC1_Handler
                0x00080c08                RTC_Handler
                0x00080c08                UsageFault_Handler
                0x00080c08                TC6_Handler
                0x00080c08                WDT_Handler
                0x00080c08                CAN0_Handler
                0x00080c08                TC4_Handler
                0x00080c08                TC1_Handler
                0x00080c08                HSMCI_Handler
                0x00080c08                TC3_Handler
                0x00080c08                Dummy_Handler
                0x00080c08                TWI0_Handler
                0x00080c08                USART1_Handler
                0x00080c08                SSC_Handler
                0x00080c08                EFC0_Handler
                0x00080c08                PMC_Handler
                0x00080c08                PWM_Handler
                0x00080c08                CAN1_Handler
                0x00080c08                MemManage_Handler
                0x00080c08                SUPC_Handler
                0x00080c08                SVC_Handler
                0x00080c08                TC8_Handler
                0x00080c08                USART2_Handler
                0x00080c08                EMAC_Handler
                0x00080c08                UART_Handler
                0x00080c08                BusFault_Handler
                0x00080c08                RSTC_Handler
                0x00080c08                TC0_Handler
                0x00080c08                TC5_Handler
                0x00080c08                UOTGHS_Handler
                0x00080c08                SPI0_Handler
 .text.Reset_Handler
                0x00080c0c       0xb0 src/ASF/sam/utils/cmsis/sam3x/source/templates/gcc/startup_sam3x.o
                0x00080c0c                Reset_Handler
 .text.SystemCoreClockUpdate
                0x00080cbc      0x11c src/ASF/sam/utils/cmsis/sam3x/source/templates/system_sam3x.o
                0x00080cbc                SystemCoreClockUpdate
 .text._sbrk    0x00080dd8       0x34 src/ASF/sam/utils/syscalls/gcc/syscalls.o
                0x00080dd8                _sbrk
 .text._close   0x00080e0c        0x8 src/ASF/sam/utils/syscalls/gcc/syscalls.o
                0x00080e0c                _close
 .text._fstat   0x00080e14        0xc src/ASF/sam/utils/syscalls/gcc/syscalls.o
                0x00080e14                _fstat
 .text._isatty  0x00080e20        0x4 src/ASF/sam/utils/syscalls/gcc/syscalls.o
                0x00080e20                _isatty
 .text._lseek   0x00080e24        0x4 src/ASF/sam/utils/syscalls/gcc/syscalls.o
                0x00080e24                _lseek
 .text.main     0x00080e28       0x54 src/main.o
                0x00080e28                main
 .text.__libc_init_array
                0x00080e7c       0x50 c:/program files (x86)/atmel/atmel toolchain/arm gcc/native/4.8.1443/arm-gnu-toolchain/bin/../lib/gcc/arm-none-eabi/4.8.4/../../../../arm-none-eabi/lib/armv7-m\libc.a(lib_a-init.o)
                0x00080e7c                __libc_init_array
 .text.iprintf  0x00080ecc       0x28 c:/program files (x86)/atmel/atmel toolchain/arm gcc/native/4.8.1443/arm-gnu-toolchain/bin/../lib/gcc/arm-none-eabi/4.8.4/../../../../arm-none-eabi/lib/armv7-m\libc.a(lib_a-iprintf.o)
                0x00080ecc                iprintf
 .text.memset   0x00080ef4       0x94 c:/program files (x86)/atmel/atmel toolchain/arm gcc/native/4.8.1443/arm-gnu-toolchain/bin/../lib/gcc/arm-none-eabi/4.8.4/../../../../arm-none-eabi/lib/armv7-m\libc.a(lib_a-memset.o)
                0x00080ef4                memset
 .text.setbuf   0x00080f88       0x10 c:/program files (x86)/atmel/atmel toolchain/arm gcc/native/4.8.1443/arm-gnu-toolchain/bin/../lib/gcc/arm-none-eabi/4.8.4/../../../../arm-none-eabi/lib/armv7-m\libc.a(lib_a-setbuf.o)
                0x00080f88                setbuf
 .text.setvbuf  0x00080f98      0x100 c:/program files (x86)/atmel/atmel toolchain/arm gcc/native/4.8.1443/arm-gnu-toolchain/bin/../lib/gcc/arm-none-eabi/4.8.4/../../../../arm-none-eabi/lib/armv7-m\libc.a(lib_a-setvbuf.o)
                0x00080f98                setvbuf
 .text.__sprint_r.part.0
                0x00081098       0x78 c:/program files (x86)/atmel/atmel toolchain/arm gcc/native/4.8.1443/arm-gnu-toolchain/bin/../lib/gcc/arm-none-eabi/4.8.4/../../../../arm-none-eabi/lib/armv7-m\libc.a(lib_a-vfiprintf.o)
 .text._vfiprintf_r
                0x00081110      0xc54 c:/program files (x86)/atmel/atmel toolchain/arm gcc/native/4.8.1443/arm-gnu-toolchain/bin/../lib/gcc/arm-none-eabi/4.8.4/../../../../arm-none-eabi/lib/armv7-m\libc.a(lib_a-vfiprintf.o)
                0x00081110                _vfiprintf_r
 .text.__sbprintf
                0x00081d64       0x7c c:/program files (x86)/atmel/atmel toolchain/arm gcc/native/4.8.1443/arm-gnu-toolchain/bin/../lib/gcc/arm-none-eabi/4.8.4/../../../../arm-none-eabi/lib/armv7-m\libc.a(lib_a-vfiprintf.o)
 .text.__swsetup_r
                0x00081de0       0xc4 c:/program files (x86)/atmel/atmel toolchain/arm gcc/native/4.8.1443/arm-gnu-toolchain/bin/../lib/gcc/arm-none-eabi/4.8.4/../../../../arm-none-eabi/lib/armv7-m\libc.a(lib_a-wsetup.o)
                0x00081de0                __swsetup_r
 .text.startup.register_fini
                0x00081ea4       0x14 c:/program files (x86)/atmel/atmel toolchain/arm gcc/native/4.8.1443/arm-gnu-toolchain/bin/../lib/gcc/arm-none-eabi/4.8.4/../../../../arm-none-eabi/lib/armv7-m\libc.a(lib_a-__call_atexit.o)
 .text.atexit   0x00081eb8        0xc c:/program files (x86)/atmel/atmel toolchain/arm gcc/native/4.8.1443/arm-gnu-toolchain/bin/../lib/gcc/arm-none-eabi/4.8.4/../../../../arm-none-eabi/lib/armv7-m\libc.a(lib_a-atexit.o)
                0x00081eb8                atexit
 .text.__sflush_r
                0x00081ec4      0x148 c:/program files (x86)/atmel/atmel toolchain/arm gcc/native/4.8.1443/arm-gnu-toolchain/bin/../lib/gcc/arm-none-eabi/4.8.4/../../../../arm-none-eabi/lib/armv7-m\libc.a(lib_a-fflush.o)
                0x00081ec4                __sflush_r
 .text._fflush_r
                0x0008200c       0x2c c:/program files (x86)/atmel/atmel toolchain/arm gcc/native/4.8.1443/arm-gnu-toolchain/bin/../lib/gcc/arm-none-eabi/4.8.4/../../../../arm-none-eabi/lib/armv7-m\libc.a(lib_a-fflush.o)
                0x0008200c                _fflush_r
 .text._cleanup_r
                0x00082038        0xc c:/program files (x86)/atmel/atmel toolchain/arm gcc/native/4.8.1443/arm-gnu-toolchain/bin/../lib/gcc/arm-none-eabi/4.8.4/../../../../arm-none-eabi/lib/armv7-m\libc.a(lib_a-findfp.o)
                0x00082038                _cleanup_r
 .text.__sinit  0x00082044       0xf4 c:/program files (x86)/atmel/atmel toolchain/arm gcc/native/4.8.1443/arm-gnu-toolchain/bin/../lib/gcc/arm-none-eabi/4.8.4/../../../../arm-none-eabi/lib/armv7-m\libc.a(lib_a-findfp.o)
                0x00082044                __sinit
 .text.__sfp_lock_acquire
                0x00082138        0x4 c:/program files (x86)/atmel/atmel toolchain/arm gcc/native/4.8.1443/arm-gnu-toolchain/bin/../lib/gcc/arm-none-eabi/4.8.4/../../../../arm-none-eabi/lib/armv7-m\libc.a(lib_a-findfp.o)
                0x00082138                __sfp_lock_acquire
 .text.__sfp_lock_release
                0x0008213c        0x4 c:/program files (x86)/atmel/atmel toolchain/arm gcc/native/4.8.1443/arm-gnu-toolchain/bin/../lib/gcc/arm-none-eabi/4.8.4/../../../../arm-none-eabi/lib/armv7-m\libc.a(lib_a-findfp.o)
                0x0008213c                __sfp_lock_release
 .text.__libc_fini_array
                0x00082140       0x30 c:/program files (x86)/atmel/atmel toolchain/arm gcc/native/4.8.1443/arm-gnu-toolchain/bin/../lib/gcc/arm-none-eabi/4.8.4/../../../../arm-none-eabi/lib/armv7-m\libc.a(lib_a-fini.o)
                0x00082140                __libc_fini_array
 .text._fputwc_r
                0x00082170       0xc0 c:/program files (x86)/atmel/atmel toolchain/arm gcc/native/4.8.1443/arm-gnu-toolchain/bin/../lib/gcc/arm-none-eabi/4.8.4/../../../../arm-none-eabi/lib/armv7-m\libc.a(lib_a-fputwc.o)
                0x00082170                _fputwc_r
 .text._malloc_trim_r
                0x00082230       0x9c c:/program files (x86)/atmel/atmel toolchain/arm gcc/native/4.8.1443/arm-gnu-toolchain/bin/../lib/gcc/arm-none-eabi/4.8.4/../../../../arm-none-eabi/lib/armv7-m\libc.a(lib_a-freer.o)
                0x00082230                _malloc_trim_r
 .text._free_r  0x000822cc      0x198 c:/program files (x86)/atmel/atmel toolchain/arm gcc/native/4.8.1443/arm-gnu-toolchain/bin/../lib/gcc/arm-none-eabi/4.8.4/../../../../arm-none-eabi/lib/armv7-m\libc.a(lib_a-freer.o)
                0x000822cc                _free_r
 .text.__sfvwrite_r
                0x00082464      0x318 c:/program files (x86)/atmel/atmel toolchain/arm gcc/native/4.8.1443/arm-gnu-toolchain/bin/../lib/gcc/arm-none-eabi/4.8.4/../../../../arm-none-eabi/lib/armv7-m\libc.a(lib_a-fvwrite.o)
                0x00082464                __sfvwrite_r
 .text._fwalk   0x0008277c       0x48 c:/program files (x86)/atmel/atmel toolchain/arm gcc/native/4.8.1443/arm-gnu-toolchain/bin/../lib/gcc/arm-none-eabi/4.8.4/../../../../arm-none-eabi/lib/armv7-m\libc.a(lib_a-fwalk.o)
                0x0008277c                _fwalk
 .text.__locale_charset
                0x000827c4        0x8 c:/program files (x86)/atmel/atmel toolchain/arm gcc/native/4.8.1443/arm-gnu-toolchain/bin/../lib/gcc/arm-none-eabi/4.8.4/../../../../arm-none-eabi/lib/armv7-m\libc.a(lib_a-locale.o)
                0x000827c4                __locale_charset
 .text.__locale_mb_cur_max
                0x000827cc        0xc c:/program files (x86)/atmel/atmel toolchain/arm gcc/native/4.8.1443/arm-gnu-toolchain/bin/../lib/gcc/arm-none-eabi/4.8.4/../../../../arm-none-eabi/lib/armv7-m\libc.a(lib_a-locale.o)
                0x000827cc                __locale_mb_cur_max
 .text.__smakebuf_r
                0x000827d8       0xe0 c:/program files (x86)/atmel/atmel toolchain/arm gcc/native/4.8.1443/arm-gnu-toolchain/bin/../lib/gcc/arm-none-eabi/4.8.4/../../../../arm-none-eabi/lib/armv7-m\libc.a(lib_a-makebuf.o)
                0x000827d8                __smakebuf_r
 .text.malloc   0x000828b8       0x10 c:/program files (x86)/atmel/atmel toolchain/arm gcc/native/4.8.1443/arm-gnu-toolchain/bin/../lib/gcc/arm-none-eabi/4.8.4/../../../../arm-none-eabi/lib/armv7-m\libc.a(lib_a-malloc.o)
                0x000828b8                malloc
 .text._malloc_r
                0x000828c8      0x538 c:/program files (x86)/atmel/atmel toolchain/arm gcc/native/4.8.1443/arm-gnu-toolchain/bin/../lib/gcc/arm-none-eabi/4.8.4/../../../../arm-none-eabi/lib/armv7-m\libc.a(lib_a-mallocr.o)
                0x000828c8                _malloc_r
 .text.memchr   0x00082e00       0x94 c:/program files (x86)/atmel/atmel toolchain/arm gcc/native/4.8.1443/arm-gnu-toolchain/bin/../lib/gcc/arm-none-eabi/4.8.4/../../../../arm-none-eabi/lib/armv7-m\libc.a(lib_a-memchr-stub.o)
                0x00082e00                memchr
 .text          0x00082e94       0xec c:/program files (x86)/atmel/atmel toolchain/arm gcc/native/4.8.1443/arm-gnu-toolchain/bin/../lib/gcc/arm-none-eabi/4.8.4/../../../../arm-none-eabi/lib/armv7-m\libc.a(lib_a-memcpy.o)
                0x00082e94                memcpy
 .text.memmove  0x00082f80       0xcc c:/program files (x86)/atmel/atmel toolchain/arm gcc/native/4.8.1443/arm-gnu-toolchain/bin/../lib/gcc/arm-none-eabi/4.8.4/../../../../arm-none-eabi/lib/armv7-m\libc.a(lib_a-memmove.o)
                0x00082f80                memmove
 .text.__malloc_lock
                0x0008304c        0x4 c:/program files (x86)/atmel/atmel toolchain/arm gcc/native/4.8.1443/arm-gnu-toolchain/bin/../lib/gcc/arm-none-eabi/4.8.4/../../../../arm-none-eabi/lib/armv7-m\libc.a(lib_a-mlock.o)
                0x0008304c                __malloc_lock
 .text.__malloc_unlock
                0x00083050        0x4 c:/program files (x86)/atmel/atmel toolchain/arm gcc/native/4.8.1443/arm-gnu-toolchain/bin/../lib/gcc/arm-none-eabi/4.8.4/../../../../arm-none-eabi/lib/armv7-m\libc.a(lib_a-mlock.o)
                0x00083050                __malloc_unlock
 .text._realloc_r
                0x00083054      0x3c0 c:/program files (x86)/atmel/atmel toolchain/arm gcc/native/4.8.1443/arm-gnu-toolchain/bin/../lib/gcc/arm-none-eabi/4.8.4/../../../../arm-none-eabi/lib/armv7-m\libc.a(lib_a-reallocr.o)
                0x00083054                _realloc_r
 .text._sbrk_r  0x00083414       0x24 c:/program files (x86)/atmel/atmel toolchain/arm gcc/native/4.8.1443/arm-gnu-toolchain/bin/../lib/gcc/arm-none-eabi/4.8.4/../../../../arm-none-eabi/lib/armv7-m\libc.a(lib_a-sbrkr.o)
                0x00083414                _sbrk_r
 .text.__sread  0x00083438       0x24 c:/program files (x86)/atmel/atmel toolchain/arm gcc/native/4.8.1443/arm-gnu-toolchain/bin/../lib/gcc/arm-none-eabi/4.8.4/../../../../arm-none-eabi/lib/armv7-m\libc.a(lib_a-stdio.o)
                0x00083438                __sread
 .text.__swrite
                0x0008345c       0x38 c:/program files (x86)/atmel/atmel toolchain/arm gcc/native/4.8.1443/arm-gnu-toolchain/bin/../lib/gcc/arm-none-eabi/4.8.4/../../../../arm-none-eabi/lib/armv7-m\libc.a(lib_a-stdio.o)
                0x0008345c                __swrite
 .text.__sseek  0x00083494       0x20 c:/program files (x86)/atmel/atmel toolchain/arm gcc/native/4.8.1443/arm-gnu-toolchain/bin/../lib/gcc/arm-none-eabi/4.8.4/../../../../arm-none-eabi/lib/armv7-m\libc.a(lib_a-stdio.o)
                0x00083494                __sseek
 .text.__sclose
                0x000834b4        0x8 c:/program files (x86)/atmel/atmel toolchain/arm gcc/native/4.8.1443/arm-gnu-toolchain/bin/../lib/gcc/arm-none-eabi/4.8.4/../../../../arm-none-eabi/lib/armv7-m\libc.a(lib_a-stdio.o)
                0x000834b4                __sclose
 .text.strlen   0x000834bc       0x60 c:/program files (x86)/atmel/atmel toolchain/arm gcc/native/4.8.1443/arm-gnu-toolchain/bin/../lib/gcc/arm-none-eabi/4.8.4/../../../../arm-none-eabi/lib/armv7-m\libc.a(lib_a-strlen.o)
                0x000834bc                strlen
 .text.__swbuf_r
                0x0008351c       0xa8 c:/program files (x86)/atmel/atmel toolchain/arm gcc/native/4.8.1443/arm-gnu-toolchain/bin/../lib/gcc/arm-none-eabi/4.8.4/../../../../arm-none-eabi/lib/armv7-m\libc.a(lib_a-wbuf.o)
                0x0008351c                __swbuf_r
 .text._wcrtomb_r
                0x000835c4       0x50 c:/program files (x86)/atmel/atmel toolchain/arm gcc/native/4.8.1443/arm-gnu-toolchain/bin/../lib/gcc/arm-none-eabi/4.8.4/../../../../arm-none-eabi/lib/armv7-m\libc.a(lib_a-wcrtomb.o)
                0x000835c4                _wcrtomb_r
 .text.__ascii_wctomb
                0x00083614       0x1c c:/program files (x86)/atmel/atmel toolchain/arm gcc/native/4.8.1443/arm-gnu-toolchain/bin/../lib/gcc/arm-none-eabi/4.8.4/../../../../arm-none-eabi/lib/armv7-m\libc.a(lib_a-wctomb_r.o)
                0x00083614                __ascii_wctomb
 .text._write_r
                0x00083630       0x28 c:/program files (x86)/atmel/atmel toolchain/arm gcc/native/4.8.1443/arm-gnu-toolchain/bin/../lib/gcc/arm-none-eabi/4.8.4/../../../../arm-none-eabi/lib/armv7-m\libc.a(lib_a-writer.o)
                0x00083630                _write_r
 .text.__register_exitproc
                0x00083658       0xa8 c:/program files (x86)/atmel/atmel toolchain/arm gcc/native/4.8.1443/arm-gnu-toolchain/bin/../lib/gcc/arm-none-eabi/4.8.4/../../../../arm-none-eabi/lib/armv7-m\libc.a(lib_a-__atexit.o)
                0x00083658                __register_exitproc
 .text._close_r
                0x00083700       0x24 c:/program files (x86)/atmel/atmel toolchain/arm gcc/native/4.8.1443/arm-gnu-toolchain/bin/../lib/gcc/arm-none-eabi/4.8.4/../../../../arm-none-eabi/lib/armv7-m\libc.a(lib_a-closer.o)
                0x00083700                _close_r
 .text._fclose_r
                0x00083724       0x80 c:/program files (x86)/atmel/atmel toolchain/arm gcc/native/4.8.1443/arm-gnu-toolchain/bin/../lib/gcc/arm-none-eabi/4.8.4/../../../../arm-none-eabi/lib/armv7-m\libc.a(lib_a-fclose.o)
                0x00083724                _fclose_r
 .text.fclose   0x000837a4       0x10 c:/program files (x86)/atmel/atmel toolchain/arm gcc/native/4.8.1443/arm-gnu-toolchain/bin/../lib/gcc/arm-none-eabi/4.8.4/../../../../arm-none-eabi/lib/armv7-m\libc.a(lib_a-fclose.o)
                0x000837a4                fclose
 .text._fstat_r
                0x000837b4       0x28 c:/program files (x86)/atmel/atmel toolchain/arm gcc/native/4.8.1443/arm-gnu-toolchain/bin/../lib/gcc/arm-none-eabi/4.8.4/../../../../arm-none-eabi/lib/armv7-m\libc.a(lib_a-fstatr.o)
                0x000837b4                _fstat_r
 .text._isatty_r
                0x000837dc       0x24 c:/program files (x86)/atmel/atmel toolchain/arm gcc/native/4.8.1443/arm-gnu-toolchain/bin/../lib/gcc/arm-none-eabi/4.8.4/../../../../arm-none-eabi/lib/armv7-m\libc.a(lib_a-isattyr.o)
                0x000837dc                _isatty_r
 .text._lseek_r
                0x00083800       0x28 c:/program files (x86)/atmel/atmel toolchain/arm gcc/native/4.8.1443/arm-gnu-toolchain/bin/../lib/gcc/arm-none-eabi/4.8.4/../../../../arm-none-eabi/lib/armv7-m\libc.a(lib_a-lseekr.o)
                0x00083800                _lseek_r
 .text._read_r  0x00083828       0x28 c:/program files (x86)/atmel/atmel toolchain/arm gcc/native/4.8.1443/arm-gnu-toolchain/bin/../lib/gcc/arm-none-eabi/4.8.4/../../../../arm-none-eabi/lib/armv7-m\libc.a(lib_a-readr.o)
                0x00083828                _read_r
 .text          0x00083850       0x2c c:/program files (x86)/atmel/atmel toolchain/arm gcc/native/4.8.1443/arm-gnu-toolchain/bin/../lib/gcc/arm-none-eabi/4.8.4/armv7-m\libgcc.a(_aeabi_uldivmod.o)
                0x00083850                __aeabi_uldivmod
 .text          0x0008387c       0x60 c:/program files (x86)/atmel/atmel toolchain/arm gcc/native/4.8.1443/arm-gnu-toolchain/bin/../lib/gcc/arm-none-eabi/4.8.4/armv7-m\libgcc.a(bpabi.o)
                0x0008387c                __gnu_ldivmod_helper
                0x000838ac                __gnu_uldivmod_helper
 .text          0x000838dc        0x4 c:/program files (x86)/atmel/atmel toolchain/arm gcc/native/4.8.1443/arm-gnu-toolchain/bin/../lib/gcc/arm-none-eabi/4.8.4/armv7-m\libgcc.a(_dvmd_tls.o)
                0x000838dc                __aeabi_idiv0
                0x000838dc                __aeabi_ldiv0
 .text          0x000838e0      0x2a0 c:/program files (x86)/atmel/atmel toolchain/arm gcc/native/4.8.1443/arm-gnu-toolchain/bin/../lib/gcc/arm-none-eabi/4.8.4/armv7-m\libgcc.a(_divdi3.o)
                0x000838e0                __divdi3
 .text          0x00083b80      0x290 c:/program files (x86)/atmel/atmel toolchain/arm gcc/native/4.8.1443/arm-gnu-toolchain/bin/../lib/gcc/arm-none-eabi/4.8.4/armv7-m\libgcc.a(_udivdi3.o)
                0x00083b80                __udivdi3
 *(.glue_7t)
 .glue_7t       0x00000000        0x0 linker stubs
 *(.glue_7)
 .glue_7        0x00000000        0x0 linker stubs
 *(.rodata .rodata* .gnu.linkonce.r.*)
 .rodata.str1.4
                0x00083e10       0x1f src/console/ConsoleFunctions.o
                                 0x20 (size before relaxing)
 *fill*         0x00083e2f        0x1 
 .rodata.str1.4
                0x00083e30       0x43 src/RaspDue.o
                                 0x44 (size before relaxing)
 *fill*         0x00083e73        0x1 
 .rodata.str1.4
                0x00083e74        0x2 c:/program files (x86)/atmel/atmel toolchain/arm gcc/native/4.8.1443/arm-gnu-toolchain/bin/../lib/gcc/arm-none-eabi/4.8.4/../../../../arm-none-eabi/lib/armv7-m\libc.a(lib_a-impure.o)
                                  0x4 (size before relaxing)
 *fill*         0x00083e76        0x2 
 .rodata._global_impure_ptr
                0x00083e78        0x4 c:/program files (x86)/atmel/atmel toolchain/arm gcc/native/4.8.1443/arm-gnu-toolchain/bin/../lib/gcc/arm-none-eabi/4.8.4/../../../../arm-none-eabi/lib/armv7-m\libc.a(lib_a-impure.o)
                0x00083e78                _global_impure_ptr
 .rodata.str1.4
                0x00083e7c       0x30 c:/program files (x86)/atmel/atmel toolchain/arm gcc/native/4.8.1443/arm-gnu-toolchain/bin/../lib/gcc/arm-none-eabi/4.8.4/../../../../arm-none-eabi/lib/armv7-m\libc.a(lib_a-vfiprintf.o)
 .rodata.zeroes.6721
                0x00083eac       0x10 c:/program files (x86)/atmel/atmel toolchain/arm gcc/native/4.8.1443/arm-gnu-toolchain/bin/../lib/gcc/arm-none-eabi/4.8.4/../../../../arm-none-eabi/lib/armv7-m\libc.a(lib_a-vfiprintf.o)
 .rodata.blanks.6720
                0x00083ebc       0x10 c:/program files (x86)/atmel/atmel toolchain/arm gcc/native/4.8.1443/arm-gnu-toolchain/bin/../lib/gcc/arm-none-eabi/4.8.4/../../../../arm-none-eabi/lib/armv7-m\libc.a(lib_a-vfiprintf.o)
 *(.ARM.extab* .gnu.linkonce.armextab.*)
                0x00083ecc                . = ALIGN (0x4)
 *(.init)
 .init          0x00083ecc        0x4 c:/program files (x86)/atmel/atmel toolchain/arm gcc/native/4.8.1443/arm-gnu-toolchain/bin/../lib/gcc/arm-none-eabi/4.8.4/armv7-m/crti.o
                0x00083ecc                _init
 .init          0x00083ed0        0x8 c:/program files (x86)/atmel/atmel toolchain/arm gcc/native/4.8.1443/arm-gnu-toolchain/bin/../lib/gcc/arm-none-eabi/4.8.4/armv7-m/crtn.o
                0x00083ed8                . = ALIGN (0x4)
                0x00083ed8                __preinit_array_start = .
 *(.preinit_array)
                0x00083ed8                __preinit_array_end = .
                0x00083ed8                . = ALIGN (0x4)
                0x00083ed8                __init_array_start = .
 *(SORT(.init_array.*))
 .init_array.00000
                0x00083ed8        0x4 c:/program files (x86)/atmel/atmel toolchain/arm gcc/native/4.8.1443/arm-gnu-toolchain/bin/../lib/gcc/arm-none-eabi/4.8.4/../../../../arm-none-eabi/lib/armv7-m\libc.a(lib_a-__call_atexit.o)
 *(.init_array)
 .init_array    0x00083edc        0x4 c:/program files (x86)/atmel/atmel toolchain/arm gcc/native/4.8.1443/arm-gnu-toolchain/bin/../lib/gcc/arm-none-eabi/4.8.4/armv7-m/crtbegin.o
                0x00083ee0                __init_array_end = .
                0x00083ee0                . = ALIGN (0x4)
 *crtbegin.o(.ctors)
 *(EXCLUDE_FILE(*crtend.o) .ctors)
 *(SORT(.ctors.*))
 *crtend.o(.ctors)
                0x00083ee0                . = ALIGN (0x4)
 *(.fini)
 .fini          0x00083ee0        0x4 c:/program files (x86)/atmel/atmel toolchain/arm gcc/native/4.8.1443/arm-gnu-toolchain/bin/../lib/gcc/arm-none-eabi/4.8.4/armv7-m/crti.o
                0x00083ee0                _fini
 .fini          0x00083ee4        0x8 c:/program files (x86)/atmel/atmel toolchain/arm gcc/native/4.8.1443/arm-gnu-toolchain/bin/../lib/gcc/arm-none-eabi/4.8.4/armv7-m/crtn.o
                0x00083eec                . = ALIGN (0x4)
                0x00083eec                __fini_array_start = .
 *(.fini_array)
 .fini_array    0x00083eec        0x4 c:/program files (x86)/atmel/atmel toolchain/arm gcc/native/4.8.1443/arm-gnu-toolchain/bin/../lib/gcc/arm-none-eabi/4.8.4/armv7-m/crtbegin.o
 *(SORT(.fini_array.*))
                0x00083ef0                __fini_array_end = .
 *crtbegin.o(.dtors)
 *(EXCLUDE_FILE(*crtend.o) .dtors)
 *(SORT(.dtors.*))
 *crtend.o(.dtors)
                0x00083ef0                . = ALIGN (0x4)
                0x00083ef0                _efixed = .
                0x00083ef0                PROVIDE (__exidx_start, .)

.vfp11_veneer   0x00083ef0        0x0
 .vfp11_veneer  0x00000000        0x0 linker stubs

.v4_bx          0x00083ef0        0x0
 .v4_bx         0x00000000        0x0 linker stubs

.iplt           0x00083ef0        0x0
 .iplt          0x00000000        0x0 c:/program files (x86)/atmel/atmel toolchain/arm gcc/native/4.8.1443/arm-gnu-toolchain/bin/../lib/gcc/arm-none-eabi/4.8.4/armv7-m/crtbegin.o

.ARM.exidx      0x00083ef0        0x8
 *(.ARM.exidx* .gnu.linkonce.armexidx.*)
 .ARM.exidx     0x00083ef0        0x8 c:/program files (x86)/atmel/atmel toolchain/arm gcc/native/4.8.1443/arm-gnu-toolchain/bin/../lib/gcc/arm-none-eabi/4.8.4/armv7-m\libgcc.a(_divdi3.o)
 .ARM.exidx     0x00083ef8        0x0 c:/program files (x86)/atmel/atmel toolchain/arm gcc/native/4.8.1443/arm-gnu-toolchain/bin/../lib/gcc/arm-none-eabi/4.8.4/armv7-m\libgcc.a(_udivdi3.o)
                                  0x8 (size before relaxing)
                0x00083ef8                PROVIDE (__exidx_end, .)

.eh_frame       0x00083ef8        0x0
 .eh_frame      0x00083ef8        0x0 c:/program files (x86)/atmel/atmel toolchain/arm gcc/native/4.8.1443/arm-gnu-toolchain/bin/../lib/gcc/arm-none-eabi/4.8.4/armv7-m/crtbegin.o

.rel.dyn        0x00083ef8        0x0
 .rel.iplt      0x00000000        0x0 c:/program files (x86)/atmel/atmel toolchain/arm gcc/native/4.8.1443/arm-gnu-toolchain/bin/../lib/gcc/arm-none-eabi/4.8.4/armv7-m/crtbegin.o

.jcr            0x00083ef8        0x0
 .jcr           0x00083ef8        0x0 c:/program files (x86)/atmel/atmel toolchain/arm gcc/native/4.8.1443/arm-gnu-toolchain/bin/../lib/gcc/arm-none-eabi/4.8.4/armv7-m/crtbegin.o

.igot.plt       0x00083ef8        0x0
 .igot.plt      0x00000000        0x0 c:/program files (x86)/atmel/atmel toolchain/arm gcc/native/4.8.1443/arm-gnu-toolchain/bin/../lib/gcc/arm-none-eabi/4.8.4/armv7-m/crtbegin.o
                0x00083ef8                . = ALIGN (0x4)
                0x00083ef8                _etext = .

.relocate       0x20070000      0x99c load address 0x00083ef8
                0x20070000                . = ALIGN (0x4)
                0x20070000                _srelocate = .
 *(.ramfunc .ramfunc.*)
 .ramfunc       0x20070000      0x12c src/ASF/sam/utils/cmsis/sam3x/source/templates/system_sam3x.o
                0x20070000                SystemInit
                0x200700a4                system_init_flash
 *(.data .data.*)
 .data.g_interrupt_enabled
                0x2007012c        0x1 src/ASF/common/utils/interrupt/interrupt_sam_nvic.o
                0x2007012c                g_interrupt_enabled
 *fill*         0x2007012d        0x3 
 .data.SystemCoreClock
                0x20070130        0x4 src/ASF/sam/utils/cmsis/sam3x/source/templates/system_sam3x.o
                0x20070130                SystemCoreClock
 *fill*         0x20070134        0x4 
 .data.impure_data
                0x20070138      0x428 c:/program files (x86)/atmel/atmel toolchain/arm gcc/native/4.8.1443/arm-gnu-toolchain/bin/../lib/gcc/arm-none-eabi/4.8.4/../../../../arm-none-eabi/lib/armv7-m\libc.a(lib_a-impure.o)
 .data._impure_ptr
                0x20070560        0x4 c:/program files (x86)/atmel/atmel toolchain/arm gcc/native/4.8.1443/arm-gnu-toolchain/bin/../lib/gcc/arm-none-eabi/4.8.4/../../../../arm-none-eabi/lib/armv7-m\libc.a(lib_a-impure.o)
                0x20070560                _impure_ptr
 .data.lc_ctype_charset
                0x20070564       0x20 c:/program files (x86)/atmel/atmel toolchain/arm gcc/native/4.8.1443/arm-gnu-toolchain/bin/../lib/gcc/arm-none-eabi/4.8.4/../../../../arm-none-eabi/lib/armv7-m\libc.a(lib_a-locale.o)
 .data.__mb_cur_max
                0x20070584        0x4 c:/program files (x86)/atmel/atmel toolchain/arm gcc/native/4.8.1443/arm-gnu-toolchain/bin/../lib/gcc/arm-none-eabi/4.8.4/../../../../arm-none-eabi/lib/armv7-m\libc.a(lib_a-locale.o)
                0x20070584                __mb_cur_max
 .data.__malloc_av_
                0x20070588      0x408 c:/program files (x86)/atmel/atmel toolchain/arm gcc/native/4.8.1443/arm-gnu-toolchain/bin/../lib/gcc/arm-none-eabi/4.8.4/../../../../arm-none-eabi/lib/armv7-m\libc.a(lib_a-mallocr.o)
                0x20070588                __malloc_av_
 .data.__malloc_trim_threshold
                0x20070990        0x4 c:/program files (x86)/atmel/atmel toolchain/arm gcc/native/4.8.1443/arm-gnu-toolchain/bin/../lib/gcc/arm-none-eabi/4.8.4/../../../../arm-none-eabi/lib/armv7-m\libc.a(lib_a-mallocr.o)
                0x20070990                __malloc_trim_threshold
 .data.__malloc_sbrk_base
                0x20070994        0x4 c:/program files (x86)/atmel/atmel toolchain/arm gcc/native/4.8.1443/arm-gnu-toolchain/bin/../lib/gcc/arm-none-eabi/4.8.4/../../../../arm-none-eabi/lib/armv7-m\libc.a(lib_a-mallocr.o)
                0x20070994                __malloc_sbrk_base
 .data.__wctomb
                0x20070998        0x4 c:/program files (x86)/atmel/atmel toolchain/arm gcc/native/4.8.1443/arm-gnu-toolchain/bin/../lib/gcc/arm-none-eabi/4.8.4/../../../../arm-none-eabi/lib/armv7-m\libc.a(lib_a-wctomb_r.o)
                0x20070998                __wctomb
                0x2007099c                . = ALIGN (0x4)
                0x2007099c                _erelocate = .

.bss            0x2007099c      0x174 load address 0x00084894
                0x2007099c                . = ALIGN (0x4)
                0x2007099c                _sbss = .
                0x2007099c                _szero = .
 *(.bss .bss.*)
 .bss           0x2007099c       0x1c c:/program files (x86)/atmel/atmel toolchain/arm gcc/native/4.8.1443/arm-gnu-toolchain/bin/../lib/gcc/arm-none-eabi/4.8.4/armv7-m/crtbegin.o
 .bss.serial_rx_buf
                0x200709b8       0x9c src/ASF/thirdparty/wireless/addons/sio2host/uart/sio2host.o
 .bss.serial_rx_buf_tail
                0x20070a54        0x1 src/ASF/thirdparty/wireless/addons/sio2host/uart/sio2host.o
 .bss.serial_rx_count
                0x20070a55        0x1 src/ASF/thirdparty/wireless/addons/sio2host/uart/sio2host.o
 *fill*         0x20070a56        0x2 
 .bss.gs_interrupt_sources
                0x20070a58       0x70 src/ASF/sam/drivers/pio/pio_handler.o
 .bss.heap.5098
                0x20070ac8        0x4 src/ASF/sam/utils/syscalls/gcc/syscalls.o
 .bss.__malloc_max_total_mem
                0x20070acc        0x4 c:/program files (x86)/atmel/atmel toolchain/arm gcc/native/4.8.1443/arm-gnu-toolchain/bin/../lib/gcc/arm-none-eabi/4.8.4/../../../../arm-none-eabi/lib/armv7-m\libc.a(lib_a-mallocr.o)
                0x20070acc                __malloc_max_total_mem
 .bss.__malloc_max_sbrked_mem
                0x20070ad0        0x4 c:/program files (x86)/atmel/atmel toolchain/arm gcc/native/4.8.1443/arm-gnu-toolchain/bin/../lib/gcc/arm-none-eabi/4.8.4/../../../../arm-none-eabi/lib/armv7-m\libc.a(lib_a-mallocr.o)
                0x20070ad0                __malloc_max_sbrked_mem
 .bss.__malloc_top_pad
                0x20070ad4        0x4 c:/program files (x86)/atmel/atmel toolchain/arm gcc/native/4.8.1443/arm-gnu-toolchain/bin/../lib/gcc/arm-none-eabi/4.8.4/../../../../arm-none-eabi/lib/armv7-m\libc.a(lib_a-mallocr.o)
                0x20070ad4                __malloc_top_pad
 .bss.__malloc_current_mallinfo
                0x20070ad8       0x28 c:/program files (x86)/atmel/atmel toolchain/arm gcc/native/4.8.1443/arm-gnu-toolchain/bin/../lib/gcc/arm-none-eabi/4.8.4/../../../../arm-none-eabi/lib/armv7-m\libc.a(lib_a-mallocr.o)
                0x20070ad8                __malloc_current_mallinfo
 *(COMMON)
 COMMON         0x20070b00        0x4 src/ASF/common/utils/stdio/read.o
                0x20070b00                ptr_get
 COMMON         0x20070b04        0x8 src/ASF/common/utils/stdio/write.o
                0x20070b04                ptr_put
                0x20070b08                stdio_base
 COMMON         0x20070b0c        0x4 c:/program files (x86)/atmel/atmel toolchain/arm gcc/native/4.8.1443/arm-gnu-toolchain/bin/../lib/gcc/arm-none-eabi/4.8.4/../../../../arm-none-eabi/lib/armv7-m\libc.a(lib_a-reent.o)
                0x20070b0c                errno
                0x20070b10                . = ALIGN (0x4)
                0x20070b10                _ebss = .
                0x20070b10                _ezero = .

.stack          0x20070b10     0x2000 load address 0x00084a08
                0x20070b10                . = ALIGN (0x8)
                0x20070b10                _sstack = .
                0x20072b10                . = (. + __stack_size__)
 *fill*         0x20070b10     0x2000 
                0x20072b10                . = ALIGN (0x8)
                0x20072b10                _estack = .
                0x20072b10                . = ALIGN (0x4)
                0x20072b10                _end = .
OUTPUT(RaspDue_Rotate.elf elf32-littlearm)

.ARM.attributes
                0x00000000       0x29
 .ARM.attributes
                0x00000000       0x1d c:/program files (x86)/atmel/atmel toolchain/arm gcc/native/4.8.1443/arm-gnu-toolchain/bin/../lib/gcc/arm-none-eabi/4.8.4/armv7-m/crti.o
 .ARM.attributes
                0x0000001d       0x2d c:/program files (x86)/atmel/atmel toolchain/arm gcc/native/4.8.1443/arm-gnu-toolchain/bin/../lib/gcc/arm-none-eabi/4.8.4/armv7-m/crtbegin.o
 .ARM.attributes
                0x0000004a       0x33 src/ASF/common/utils/stdio/read.o
 .ARM.attributes
                0x0000007d       0x33 src/ASF/sam/drivers/tc/tc.o
 .ARM.attributes
                0x000000b0       0x33 src/ASF/sam/drivers/usart/usart.o
 .ARM.attributes
                0x000000e3       0x33 src/ASF/thirdparty/wireless/addons/sio2host/uart/sio2host.o
 .ARM.attributes
                0x00000116       0x33 src/console/ConsoleFunctions.o
 .ARM.attributes
                0x00000149       0x33 src/DelayFunctions.o
 .ARM.attributes
                0x0000017c       0x33 src/Motorfunctions.o
 .ARM.attributes
                0x000001af       0x33 src/RaspDue.o
 .ARM.attributes
                0x000001e2       0x33 src/ASF/common/utils/stdio/write.o
 .ARM.attributes
                0x00000215       0x33 src/ASF/common/services/serial/usart_serial.o
 .ARM.attributes
                0x00000248       0x33 src/ASF/sam/drivers/uart/uart.o
 .ARM.attributes
                0x0000027b       0x33 src/ASF/common/services/clock/sam3x/sysclk.o
 .ARM.attributes
                0x000002ae       0x33 src/ASF/common/utils/interrupt/interrupt_sam_nvic.o
 .ARM.attributes
                0x000002e1       0x33 src/ASF/sam/boards/arduino_due_x/init.o
 .ARM.attributes
                0x00000314       0x33 src/ASF/sam/drivers/pio/pio.o
 .ARM.attributes
                0x00000347       0x33 src/ASF/sam/drivers/pio/pio_handler.o
 .ARM.attributes
                0x0000037a       0x33 src/ASF/sam/drivers/pmc/pmc.o
 .ARM.attributes
                0x000003ad       0x33 src/ASF/sam/utils/cmsis/sam3x/source/templates/exceptions.o
 .ARM.attributes
                0x000003e0       0x33 src/ASF/sam/utils/cmsis/sam3x/source/templates/gcc/startup_sam3x.o
 .ARM.attributes
                0x00000413       0x33 src/ASF/sam/utils/cmsis/sam3x/source/templates/system_sam3x.o
 .ARM.attributes
                0x00000446       0x33 src/ASF/sam/utils/syscalls/gcc/syscalls.o
 .ARM.attributes
                0x00000479       0x33 src/main.o
 .ARM.attributes
                0x000004ac       0x2d c:/program files (x86)/atmel/atmel toolchain/arm gcc/native/4.8.1443/arm-gnu-toolchain/bin/../lib/gcc/arm-none-eabi/4.8.4/../../../../arm-none-eabi/lib/armv7-m\libc.a(lib_a-impure.o)
 .ARM.attributes
                0x000004d9       0x2d c:/program files (x86)/atmel/atmel toolchain/arm gcc/native/4.8.1443/arm-gnu-toolchain/bin/../lib/gcc/arm-none-eabi/4.8.4/../../../../arm-none-eabi/lib/armv7-m\libc.a(lib_a-init.o)
 .ARM.attributes
                0x00000506       0x2d c:/program files (x86)/atmel/atmel toolchain/arm gcc/native/4.8.1443/arm-gnu-toolchain/bin/../lib/gcc/arm-none-eabi/4.8.4/../../../../arm-none-eabi/lib/armv7-m\libc.a(lib_a-iprintf.o)
 .ARM.attributes
                0x00000533       0x2d c:/program files (x86)/atmel/atmel toolchain/arm gcc/native/4.8.1443/arm-gnu-toolchain/bin/../lib/gcc/arm-none-eabi/4.8.4/../../../../arm-none-eabi/lib/armv7-m\libc.a(lib_a-memset.o)
 .ARM.attributes
                0x00000560       0x2d c:/program files (x86)/atmel/atmel toolchain/arm gcc/native/4.8.1443/arm-gnu-toolchain/bin/../lib/gcc/arm-none-eabi/4.8.4/../../../../arm-none-eabi/lib/armv7-m\libc.a(lib_a-setbuf.o)
 .ARM.attributes
                0x0000058d       0x2d c:/program files (x86)/atmel/atmel toolchain/arm gcc/native/4.8.1443/arm-gnu-toolchain/bin/../lib/gcc/arm-none-eabi/4.8.4/../../../../arm-none-eabi/lib/armv7-m\libc.a(lib_a-setvbuf.o)
 .ARM.attributes
                0x000005ba       0x2d c:/program files (x86)/atmel/atmel toolchain/arm gcc/native/4.8.1443/arm-gnu-toolchain/bin/../lib/gcc/arm-none-eabi/4.8.4/../../../../arm-none-eabi/lib/armv7-m\libc.a(lib_a-vfiprintf.o)
 .ARM.attributes
                0x000005e7       0x2d c:/program files (x86)/atmel/atmel toolchain/arm gcc/native/4.8.1443/arm-gnu-toolchain/bin/../lib/gcc/arm-none-eabi/4.8.4/../../../../arm-none-eabi/lib/armv7-m\libc.a(lib_a-wsetup.o)
 .ARM.attributes
                0x00000614       0x2d c:/program files (x86)/atmel/atmel toolchain/arm gcc/native/4.8.1443/arm-gnu-toolchain/bin/../lib/gcc/arm-none-eabi/4.8.4/../../../../arm-none-eabi/lib/armv7-m\libc.a(lib_a-__call_atexit.o)
 .ARM.attributes
                0x00000641       0x2d c:/program files (x86)/atmel/atmel toolchain/arm gcc/native/4.8.1443/arm-gnu-toolchain/bin/../lib/gcc/arm-none-eabi/4.8.4/../../../../arm-none-eabi/lib/armv7-m\libc.a(lib_a-atexit.o)
 .ARM.attributes
                0x0000066e       0x2d c:/program files (x86)/atmel/atmel toolchain/arm gcc/native/4.8.1443/arm-gnu-toolchain/bin/../lib/gcc/arm-none-eabi/4.8.4/../../../../arm-none-eabi/lib/armv7-m\libc.a(lib_a-fflush.o)
 .ARM.attributes
                0x0000069b       0x2d c:/program files (x86)/atmel/atmel toolchain/arm gcc/native/4.8.1443/arm-gnu-toolchain/bin/../lib/gcc/arm-none-eabi/4.8.4/../../../../arm-none-eabi/lib/armv7-m\libc.a(lib_a-findfp.o)
 .ARM.attributes
                0x000006c8       0x2d c:/program files (x86)/atmel/atmel toolchain/arm gcc/native/4.8.1443/arm-gnu-toolchain/bin/../lib/gcc/arm-none-eabi/4.8.4/../../../../arm-none-eabi/lib/armv7-m\libc.a(lib_a-fini.o)
 .ARM.attributes
                0x000006f5       0x2d c:/program files (x86)/atmel/atmel toolchain/arm gcc/native/4.8.1443/arm-gnu-toolchain/bin/../lib/gcc/arm-none-eabi/4.8.4/../../../../arm-none-eabi/lib/armv7-m\libc.a(lib_a-fputwc.o)
 .ARM.attributes
                0x00000722       0x2d c:/program files (x86)/atmel/atmel toolchain/arm gcc/native/4.8.1443/arm-gnu-toolchain/bin/../lib/gcc/arm-none-eabi/4.8.4/../../../../arm-none-eabi/lib/armv7-m\libc.a(lib_a-freer.o)
 .ARM.attributes
                0x0000074f       0x2d c:/program files (x86)/atmel/atmel toolchain/arm gcc/native/4.8.1443/arm-gnu-toolchain/bin/../lib/gcc/arm-none-eabi/4.8.4/../../../../arm-none-eabi/lib/armv7-m\libc.a(lib_a-fvwrite.o)
 .ARM.attributes
                0x0000077c       0x2d c:/program files (x86)/atmel/atmel toolchain/arm gcc/native/4.8.1443/arm-gnu-toolchain/bin/../lib/gcc/arm-none-eabi/4.8.4/../../../../arm-none-eabi/lib/armv7-m\libc.a(lib_a-fwalk.o)
 .ARM.attributes
                0x000007a9       0x2d c:/program files (x86)/atmel/atmel toolchain/arm gcc/native/4.8.1443/arm-gnu-toolchain/bin/../lib/gcc/arm-none-eabi/4.8.4/../../../../arm-none-eabi/lib/armv7-m\libc.a(lib_a-locale.o)
 .ARM.attributes
                0x000007d6       0x2d c:/program files (x86)/atmel/atmel toolchain/arm gcc/native/4.8.1443/arm-gnu-toolchain/bin/../lib/gcc/arm-none-eabi/4.8.4/../../../../arm-none-eabi/lib/armv7-m\libc.a(lib_a-makebuf.o)
 .ARM.attributes
                0x00000803       0x2d c:/program files (x86)/atmel/atmel toolchain/arm gcc/native/4.8.1443/arm-gnu-toolchain/bin/../lib/gcc/arm-none-eabi/4.8.4/../../../../arm-none-eabi/lib/armv7-m\libc.a(lib_a-malloc.o)
 .ARM.attributes
                0x00000830       0x2d c:/program files (x86)/atmel/atmel toolchain/arm gcc/native/4.8.1443/arm-gnu-toolchain/bin/../lib/gcc/arm-none-eabi/4.8.4/../../../../arm-none-eabi/lib/armv7-m\libc.a(lib_a-mallocr.o)
 .ARM.attributes
                0x0000085d       0x2d c:/program files (x86)/atmel/atmel toolchain/arm gcc/native/4.8.1443/arm-gnu-toolchain/bin/../lib/gcc/arm-none-eabi/4.8.4/../../../../arm-none-eabi/lib/armv7-m\libc.a(lib_a-memchr-stub.o)
 .ARM.attributes
                0x0000088a       0x1b c:/program files (x86)/atmel/atmel toolchain/arm gcc/native/4.8.1443/arm-gnu-toolchain/bin/../lib/gcc/arm-none-eabi/4.8.4/../../../../arm-none-eabi/lib/armv7-m\libc.a(lib_a-memcpy.o)
 .ARM.attributes
                0x000008a5       0x2d c:/program files (x86)/atmel/atmel toolchain/arm gcc/native/4.8.1443/arm-gnu-toolchain/bin/../lib/gcc/arm-none-eabi/4.8.4/../../../../arm-none-eabi/lib/armv7-m\libc.a(lib_a-memmove.o)
 .ARM.attributes
                0x000008d2       0x2d c:/program files (x86)/atmel/atmel toolchain/arm gcc/native/4.8.1443/arm-gnu-toolchain/bin/../lib/gcc/arm-none-eabi/4.8.4/../../../../arm-none-eabi/lib/armv7-m\libc.a(lib_a-mlock.o)
 .ARM.attributes
                0x000008ff       0x2d c:/program files (x86)/atmel/atmel toolchain/arm gcc/native/4.8.1443/arm-gnu-toolchain/bin/../lib/gcc/arm-none-eabi/4.8.4/../../../../arm-none-eabi/lib/armv7-m\libc.a(lib_a-reallocr.o)
 .ARM.attributes
                0x0000092c       0x2d c:/program files (x86)/atmel/atmel toolchain/arm gcc/native/4.8.1443/arm-gnu-toolchain/bin/../lib/gcc/arm-none-eabi/4.8.4/../../../../arm-none-eabi/lib/armv7-m\libc.a(lib_a-sbrkr.o)
 .ARM.attributes
                0x00000959       0x2d c:/program files (x86)/atmel/atmel toolchain/arm gcc/native/4.8.1443/arm-gnu-toolchain/bin/../lib/gcc/arm-none-eabi/4.8.4/../../../../arm-none-eabi/lib/armv7-m\libc.a(lib_a-stdio.o)
 .ARM.attributes
                0x00000986       0x2d c:/program files (x86)/atmel/atmel toolchain/arm gcc/native/4.8.1443/arm-gnu-toolchain/bin/../lib/gcc/arm-none-eabi/4.8.4/../../../../arm-none-eabi/lib/armv7-m\libc.a(lib_a-strlen.o)
 .ARM.attributes
                0x000009b3       0x2d c:/program files (x86)/atmel/atmel toolchain/arm gcc/native/4.8.1443/arm-gnu-toolchain/bin/../lib/gcc/arm-none-eabi/4.8.4/../../../../arm-none-eabi/lib/armv7-m\libc.a(lib_a-wbuf.o)
 .ARM.attributes
                0x000009e0       0x2d c:/program files (x86)/atmel/atmel toolchain/arm gcc/native/4.8.1443/arm-gnu-toolchain/bin/../lib/gcc/arm-none-eabi/4.8.4/../../../../arm-none-eabi/lib/armv7-m\libc.a(lib_a-wcrtomb.o)
 .ARM.attributes
                0x00000a0d       0x2d c:/program files (x86)/atmel/atmel toolchain/arm gcc/native/4.8.1443/arm-gnu-toolchain/bin/../lib/gcc/arm-none-eabi/4.8.4/../../../../arm-none-eabi/lib/armv7-m\libc.a(lib_a-wctomb_r.o)
 .ARM.attributes
                0x00000a3a       0x2d c:/program files (x86)/atmel/atmel toolchain/arm gcc/native/4.8.1443/arm-gnu-toolchain/bin/../lib/gcc/arm-none-eabi/4.8.4/../../../../arm-none-eabi/lib/armv7-m\libc.a(lib_a-writer.o)
 .ARM.attributes
                0x00000a67       0x2d c:/program files (x86)/atmel/atmel toolchain/arm gcc/native/4.8.1443/arm-gnu-toolchain/bin/../lib/gcc/arm-none-eabi/4.8.4/../../../../arm-none-eabi/lib/armv7-m\libc.a(lib_a-__atexit.o)
 .ARM.attributes
                0x00000a94       0x2d c:/program files (x86)/atmel/atmel toolchain/arm gcc/native/4.8.1443/arm-gnu-toolchain/bin/../lib/gcc/arm-none-eabi/4.8.4/../../../../arm-none-eabi/lib/armv7-m\libc.a(lib_a-closer.o)
 .ARM.attributes
                0x00000ac1       0x2d c:/program files (x86)/atmel/atmel toolchain/arm gcc/native/4.8.1443/arm-gnu-toolchain/bin/../lib/gcc/arm-none-eabi/4.8.4/../../../../arm-none-eabi/lib/armv7-m\libc.a(lib_a-fclose.o)
 .ARM.attributes
                0x00000aee       0x2d c:/program files (x86)/atmel/atmel toolchain/arm gcc/native/4.8.1443/arm-gnu-toolchain/bin/../lib/gcc/arm-none-eabi/4.8.4/../../../../arm-none-eabi/lib/armv7-m\libc.a(lib_a-fstatr.o)
 .ARM.attributes
                0x00000b1b       0x2d c:/program files (x86)/atmel/atmel toolchain/arm gcc/native/4.8.1443/arm-gnu-toolchain/bin/../lib/gcc/arm-none-eabi/4.8.4/../../../../arm-none-eabi/lib/armv7-m\libc.a(lib_a-isattyr.o)
 .ARM.attributes
                0x00000b48       0x2d c:/program files (x86)/atmel/atmel toolchain/arm gcc/native/4.8.1443/arm-gnu-toolchain/bin/../lib/gcc/arm-none-eabi/4.8.4/../../../../arm-none-eabi/lib/armv7-m\libc.a(lib_a-lseekr.o)
 .ARM.attributes
                0x00000b75       0x2d c:/program files (x86)/atmel/atmel toolchain/arm gcc/native/4.8.1443/arm-gnu-toolchain/bin/../lib/gcc/arm-none-eabi/4.8.4/../../../../arm-none-eabi/lib/armv7-m\libc.a(lib_a-readr.o)
 .ARM.attributes
                0x00000ba2       0x2d c:/program files (x86)/atmel/atmel toolchain/arm gcc/native/4.8.1443/arm-gnu-toolchain/bin/../lib/gcc/arm-none-eabi/4.8.4/../../../../arm-none-eabi/lib/armv7-m\libc.a(lib_a-reent.o)
 .ARM.attributes
                0x00000bcf       0x1d c:/program files (x86)/atmel/atmel toolchain/arm gcc/native/4.8.1443/arm-gnu-toolchain/bin/../lib/gcc/arm-none-eabi/4.8.4/armv7-m\libgcc.a(_aeabi_uldivmod.o)
 .ARM.attributes
                0x00000bec       0x2d c:/program files (x86)/atmel/atmel toolchain/arm gcc/native/4.8.1443/arm-gnu-toolchain/bin/../lib/gcc/arm-none-eabi/4.8.4/armv7-m\libgcc.a(bpabi.o)
 .ARM.attributes
                0x00000c19       0x1d c:/program files (x86)/atmel/atmel toolchain/arm gcc/native/4.8.1443/arm-gnu-toolchain/bin/../lib/gcc/arm-none-eabi/4.8.4/armv7-m\libgcc.a(_dvmd_tls.o)
 .ARM.attributes
                0x00000c36       0x2d c:/program files (x86)/atmel/atmel toolchain/arm gcc/native/4.8.1443/arm-gnu-toolchain/bin/../lib/gcc/arm-none-eabi/4.8.4/armv7-m\libgcc.a(_divdi3.o)
 .ARM.attributes
                0x00000c63       0x2d c:/program files (x86)/atmel/atmel toolchain/arm gcc/native/4.8.1443/arm-gnu-toolchain/bin/../lib/gcc/arm-none-eabi/4.8.4/armv7-m\libgcc.a(_udivdi3.o)
 .ARM.attributes
                0x00000c90       0x1d c:/program files (x86)/atmel/atmel toolchain/arm gcc/native/4.8.1443/arm-gnu-toolchain/bin/../lib/gcc/arm-none-eabi/4.8.4/armv7-m/crtn.o

.comment        0x00000000       0x5b
 .comment       0x00000000       0x5b src/ASF/common/utils/stdio/read.o
                                 0x5c (size before relaxing)
 .comment       0x00000000       0x5c src/ASF/sam/drivers/tc/tc.o
 .comment       0x00000000       0x5c src/ASF/sam/drivers/usart/usart.o
 .comment       0x00000000       0x5c src/ASF/thirdparty/wireless/addons/sio2host/uart/sio2host.o
 .comment       0x00000000       0x5c src/console/ConsoleFunctions.o
 .comment       0x00000000       0x5c src/DelayFunctions.o
 .comment       0x00000000       0x5c src/Motorfunctions.o
 .comment       0x00000000       0x5c src/RaspDue.o
 .comment       0x00000000       0x5c src/ASF/common/utils/stdio/write.o
 .comment       0x00000000       0x5c src/ASF/common/services/serial/usart_serial.o
 .comment       0x00000000       0x5c src/ASF/sam/drivers/uart/uart.o
 .comment       0x00000000       0x5c src/ASF/common/services/clock/sam3x/sysclk.o
 .comment       0x00000000       0x5c src/ASF/common/utils/interrupt/interrupt_sam_nvic.o
 .comment       0x00000000       0x5c src/ASF/sam/boards/arduino_due_x/init.o
 .comment       0x00000000       0x5c src/ASF/sam/drivers/pio/pio.o
 .comment       0x00000000       0x5c src/ASF/sam/drivers/pio/pio_handler.o
 .comment       0x00000000       0x5c src/ASF/sam/drivers/pmc/pmc.o
 .comment       0x00000000       0x5c src/ASF/sam/utils/cmsis/sam3x/source/templates/exceptions.o
 .comment       0x00000000       0x5c src/ASF/sam/utils/cmsis/sam3x/source/templates/gcc/startup_sam3x.o
 .comment       0x00000000       0x5c src/ASF/sam/utils/cmsis/sam3x/source/templates/system_sam3x.o
 .comment       0x00000000       0x5c src/ASF/sam/utils/syscalls/gcc/syscalls.o
 .comment       0x00000000       0x5c src/main.o

.debug_info     0x00000000     0xf4b1
 .debug_info    0x00000000      0x1bb src/ASF/common/utils/stdio/read.o
 .debug_info    0x000001bb      0x94f src/ASF/sam/drivers/tc/tc.o
 .debug_info    0x00000b0a     0x1bfa src/ASF/sam/drivers/usart/usart.o
 .debug_info    0x00002704     0x187b src/ASF/thirdparty/wireless/addons/sio2host/uart/sio2host.o
 .debug_info    0x00003f7f     0x12c6 src/console/ConsoleFunctions.o
 .debug_info    0x00005245      0xd12 src/DelayFunctions.o
 .debug_info    0x00005f57     0x1264 src/Motorfunctions.o
 .debug_info    0x000071bb     0x1494 src/RaspDue.o
 .debug_info    0x0000864f      0x1c0 src/ASF/common/utils/stdio/write.o
 .debug_info    0x0000880f      0x7c5 src/ASF/common/services/serial/usart_serial.o
 .debug_info    0x00008fd4      0x889 src/ASF/sam/drivers/uart/uart.o
 .debug_info    0x0000985d      0x796 src/ASF/common/services/clock/sam3x/sysclk.o
 .debug_info    0x00009ff3      0x1e8 src/ASF/common/utils/interrupt/interrupt_sam_nvic.o
 .debug_info    0x0000a1db      0x726 src/ASF/sam/boards/arduino_due_x/init.o
 .debug_info    0x0000a901     0x1385 src/ASF/sam/drivers/pio/pio.o
 .debug_info    0x0000bc86      0xe52 src/ASF/sam/drivers/pio/pio_handler.o
 .debug_info    0x0000cad8     0x1080 src/ASF/sam/drivers/pmc/pmc.o
 .debug_info    0x0000db58      0x124 src/ASF/sam/utils/cmsis/sam3x/source/templates/exceptions.o
 .debug_info    0x0000dc7c      0x3bd src/ASF/sam/utils/cmsis/sam3x/source/templates/gcc/startup_sam3x.o
 .debug_info    0x0000e039      0x4c6 src/ASF/sam/utils/cmsis/sam3x/source/templates/system_sam3x.o
 .debug_info    0x0000e4ff      0x43f src/ASF/sam/utils/syscalls/gcc/syscalls.o
 .debug_info    0x0000e93e      0xb73 src/main.o

.debug_abbrev   0x00000000     0x2aa5
 .debug_abbrev  0x00000000      0x101 src/ASF/common/utils/stdio/read.o
 .debug_abbrev  0x00000101      0x1bb src/ASF/sam/drivers/tc/tc.o
 .debug_abbrev  0x000002bc      0x2dc src/ASF/sam/drivers/usart/usart.o
 .debug_abbrev  0x00000598      0x3cb src/ASF/thirdparty/wireless/addons/sio2host/uart/sio2host.o
 .debug_abbrev  0x00000963      0x330 src/console/ConsoleFunctions.o
 .debug_abbrev  0x00000c93      0x1de src/DelayFunctions.o
 .debug_abbrev  0x00000e71      0x2c0 src/Motorfunctions.o
 .debug_abbrev  0x00001131      0x2e1 src/RaspDue.o
 .debug_abbrev  0x00001412       0xf5 src/ASF/common/utils/stdio/write.o
 .debug_abbrev  0x00001507      0x1a8 src/ASF/common/services/serial/usart_serial.o
 .debug_abbrev  0x000016af      0x1bd src/ASF/sam/drivers/uart/uart.o
 .debug_abbrev  0x0000186c      0x227 src/ASF/common/services/clock/sam3x/sysclk.o
 .debug_abbrev  0x00001a93       0xef src/ASF/common/utils/interrupt/interrupt_sam_nvic.o
 .debug_abbrev  0x00001b82      0x16d src/ASF/sam/boards/arduino_due_x/init.o
 .debug_abbrev  0x00001cef      0x2d5 src/ASF/sam/drivers/pio/pio.o
 .debug_abbrev  0x00001fc4      0x257 src/ASF/sam/drivers/pio/pio_handler.o
 .debug_abbrev  0x0000221b      0x268 src/ASF/sam/drivers/pmc/pmc.o
 .debug_abbrev  0x00002483       0x8c src/ASF/sam/utils/cmsis/sam3x/source/templates/exceptions.o
 .debug_abbrev  0x0000250f      0x118 src/ASF/sam/utils/cmsis/sam3x/source/templates/gcc/startup_sam3x.o
 .debug_abbrev  0x00002627      0x115 src/ASF/sam/utils/cmsis/sam3x/source/templates/system_sam3x.o
 .debug_abbrev  0x0000273c      0x14e src/ASF/sam/utils/syscalls/gcc/syscalls.o
 .debug_abbrev  0x0000288a      0x21b src/main.o

.debug_loc      0x00000000     0x4790
 .debug_loc     0x00000000       0xc5 src/ASF/common/utils/stdio/read.o
 .debug_loc     0x000000c5      0x57a src/ASF/sam/drivers/tc/tc.o
 .debug_loc     0x0000063f     0x128d src/ASF/sam/drivers/usart/usart.o
 .debug_loc     0x000018cc      0x4cd src/ASF/thirdparty/wireless/addons/sio2host/uart/sio2host.o
 .debug_loc     0x00001d99      0x28b src/console/ConsoleFunctions.o
 .debug_loc     0x00002024       0x6c src/DelayFunctions.o
 .debug_loc     0x00002090       0xef src/Motorfunctions.o
 .debug_loc     0x0000217f       0x20 src/RaspDue.o
 .debug_loc     0x0000219f      0x161 src/ASF/common/utils/stdio/write.o
 .debug_loc     0x00002300      0x2d1 src/ASF/common/services/serial/usart_serial.o
 .debug_loc     0x000025d1      0x236 src/ASF/sam/drivers/uart/uart.o
 .debug_loc     0x00002807      0x12d src/ASF/common/services/clock/sam3x/sysclk.o
 .debug_loc     0x00002934       0x1e src/ASF/common/utils/interrupt/interrupt_sam_nvic.o
 .debug_loc     0x00002952       0x20 src/ASF/sam/boards/arduino_due_x/init.o
 .debug_loc     0x00002972      0xa83 src/ASF/sam/drivers/pio/pio.o
 .debug_loc     0x000033f5      0x53d src/ASF/sam/drivers/pio/pio_handler.o
 .debug_loc     0x00003932      0xc95 src/ASF/sam/drivers/pmc/pmc.o
 .debug_loc     0x000045c7       0x7e src/ASF/sam/utils/cmsis/sam3x/source/templates/gcc/startup_sam3x.o
 .debug_loc     0x00004645      0x12b src/ASF/sam/utils/syscalls/gcc/syscalls.o
 .debug_loc     0x00004770       0x20 src/main.o

.debug_aranges  0x00000000      0xb00
 .debug_aranges
                0x00000000       0x20 src/ASF/common/utils/stdio/read.o
 .debug_aranges
                0x00000020       0xd0 src/ASF/sam/drivers/tc/tc.o
 .debug_aranges
                0x000000f0      0x2a8 src/ASF/sam/drivers/usart/usart.o
 .debug_aranges
                0x00000398       0x60 src/ASF/thirdparty/wireless/addons/sio2host/uart/sio2host.o
 .debug_aranges
                0x000003f8       0x30 src/console/ConsoleFunctions.o
 .debug_aranges
                0x00000428       0x28 src/DelayFunctions.o
 .debug_aranges
                0x00000450       0x38 src/Motorfunctions.o
 .debug_aranges
                0x00000488       0x30 src/RaspDue.o
 .debug_aranges
                0x000004b8       0x20 src/ASF/common/utils/stdio/write.o
 .debug_aranges
                0x000004d8       0x28 src/ASF/common/services/serial/usart_serial.o
 .debug_aranges
                0x00000500       0xe8 src/ASF/sam/drivers/uart/uart.o
 .debug_aranges
                0x000005e8       0x40 src/ASF/common/services/clock/sam3x/sysclk.o
 .debug_aranges
                0x00000628       0x28 src/ASF/common/utils/interrupt/interrupt_sam_nvic.o
 .debug_aranges
                0x00000650       0x20 src/ASF/sam/boards/arduino_due_x/init.o
 .debug_aranges
                0x00000670      0x148 src/ASF/sam/drivers/pio/pio.o
 .debug_aranges
                0x000007b8       0x58 src/ASF/sam/drivers/pio/pio_handler.o
 .debug_aranges
                0x00000810      0x200 src/ASF/sam/drivers/pmc/pmc.o
 .debug_aranges
                0x00000a10       0x20 src/ASF/sam/utils/cmsis/sam3x/source/templates/exceptions.o
 .debug_aranges
                0x00000a30       0x20 src/ASF/sam/utils/cmsis/sam3x/source/templates/gcc/startup_sam3x.o
 .debug_aranges
                0x00000a50       0x30 src/ASF/sam/utils/cmsis/sam3x/source/templates/system_sam3x.o
 .debug_aranges
                0x00000a80       0x60 src/ASF/sam/utils/syscalls/gcc/syscalls.o
 .debug_aranges
                0x00000ae0       0x20 src/main.o

.debug_ranges   0x00000000      0x9e8
 .debug_ranges  0x00000000       0x10 src/ASF/common/utils/stdio/read.o
 .debug_ranges  0x00000010       0xc0 src/ASF/sam/drivers/tc/tc.o
 .debug_ranges  0x000000d0      0x298 src/ASF/sam/drivers/usart/usart.o
 .debug_ranges  0x00000368       0x50 src/ASF/thirdparty/wireless/addons/sio2host/uart/sio2host.o
 .debug_ranges  0x000003b8       0x20 src/console/ConsoleFunctions.o
 .debug_ranges  0x000003d8       0x18 src/DelayFunctions.o
 .debug_ranges  0x000003f0       0x28 src/Motorfunctions.o
 .debug_ranges  0x00000418       0x50 src/RaspDue.o
 .debug_ranges  0x00000468       0x10 src/ASF/common/utils/stdio/write.o
 .debug_ranges  0x00000478       0x30 src/ASF/common/services/serial/usart_serial.o
 .debug_ranges  0x000004a8       0xd8 src/ASF/sam/drivers/uart/uart.o
 .debug_ranges  0x00000580       0x30 src/ASF/common/services/clock/sam3x/sysclk.o
 .debug_ranges  0x000005b0       0x18 src/ASF/common/utils/interrupt/interrupt_sam_nvic.o
 .debug_ranges  0x000005c8       0x10 src/ASF/sam/boards/arduino_due_x/init.o
 .debug_ranges  0x000005d8      0x138 src/ASF/sam/drivers/pio/pio.o
 .debug_ranges  0x00000710       0x48 src/ASF/sam/drivers/pio/pio_handler.o
 .debug_ranges  0x00000758      0x1f0 src/ASF/sam/drivers/pmc/pmc.o
 .debug_ranges  0x00000948       0x10 src/ASF/sam/utils/cmsis/sam3x/source/templates/exceptions.o
 .debug_ranges  0x00000958       0x10 src/ASF/sam/utils/cmsis/sam3x/source/templates/gcc/startup_sam3x.o
 .debug_ranges  0x00000968       0x20 src/ASF/sam/utils/cmsis/sam3x/source/templates/system_sam3x.o
 .debug_ranges  0x00000988       0x50 src/ASF/sam/utils/syscalls/gcc/syscalls.o
 .debug_ranges  0x000009d8       0x10 src/main.o

.debug_macro    0x00000000    0x198da
 .debug_macro   0x00000000      0x4a7 src/ASF/common/utils/stdio/read.o
 .debug_macro   0x000004a7      0x874 src/ASF/common/utils/stdio/read.o
 .debug_macro   0x00000d1b      0x166 src/ASF/common/utils/stdio/read.o
 .debug_macro   0x00000e81      0x4d1 src/ASF/common/utils/stdio/read.o
 .debug_macro   0x00001352       0x76 src/ASF/common/utils/stdio/read.o
 .debug_macro   0x000013c8       0x16 src/ASF/common/utils/stdio/read.o
 .debug_macro   0x000013de      0x6e4 src/ASF/common/utils/stdio/read.o
 .debug_macro   0x00001ac2       0x16 src/ASF/common/utils/stdio/read.o
 .debug_macro   0x00001ad8       0x44 src/ASF/common/utils/stdio/read.o
 .debug_macro   0x00001b1c      0x209 src/ASF/common/utils/stdio/read.o
 .debug_macro   0x00001d25       0x20 src/ASF/common/utils/stdio/read.o
 .debug_macro   0x00001d45       0x3a src/ASF/common/utils/stdio/read.o
 .debug_macro   0x00001d7f       0x18 src/ASF/common/utils/stdio/read.o
 .debug_macro   0x00001d97      0xb09 src/ASF/common/utils/stdio/read.o
 .debug_macro   0x000028a0      0xab6 src/ASF/common/utils/stdio/read.o
 .debug_macro   0x00003356      0x569 src/ASF/common/utils/stdio/read.o
 .debug_macro   0x000038bf      0x2b5 src/ASF/common/utils/stdio/read.o
 .debug_macro   0x00003b74      0x31a src/ASF/common/utils/stdio/read.o
 .debug_macro   0x00003e8e      0x74f src/ASF/common/utils/stdio/read.o
 .debug_macro   0x000045dd       0x82 src/ASF/common/utils/stdio/read.o
 .debug_macro   0x0000465f      0x57b src/ASF/common/utils/stdio/read.o
 .debug_macro   0x00004bda       0x1c src/ASF/common/utils/stdio/read.o
 .debug_macro   0x00004bf6      0x6b7 src/ASF/common/utils/stdio/read.o
 .debug_macro   0x000052ad      0x52d src/ASF/common/utils/stdio/read.o
 .debug_macro   0x000057da       0xbe src/ASF/common/utils/stdio/read.o
 .debug_macro   0x00005898     0x2342 src/ASF/common/utils/stdio/read.o
 .debug_macro   0x00007bda      0x85d src/ASF/common/utils/stdio/read.o
 .debug_macro   0x00008437      0xdc9 src/ASF/common/utils/stdio/read.o
 .debug_macro   0x00009200       0x7c src/ASF/common/utils/stdio/read.o
 .debug_macro   0x0000927c      0x263 src/ASF/common/utils/stdio/read.o
 .debug_macro   0x000094df       0x58 src/ASF/common/utils/stdio/read.o
 .debug_macro   0x00009537      0x9a7 src/ASF/common/utils/stdio/read.o
 .debug_macro   0x00009ede      0x248 src/ASF/common/utils/stdio/read.o
 .debug_macro   0x0000a126      0x4df src/ASF/common/utils/stdio/read.o
 .debug_macro   0x0000a605      0x6b3 src/ASF/common/utils/stdio/read.o
 .debug_macro   0x0000acb8      0x59f src/ASF/common/utils/stdio/read.o
 .debug_macro   0x0000b257       0x46 src/ASF/common/utils/stdio/read.o
 .debug_macro   0x0000b29d      0x34d src/ASF/common/utils/stdio/read.o
 .debug_macro   0x0000b5ea      0x28c src/ASF/common/utils/stdio/read.o
 .debug_macro   0x0000b876     0x14d7 src/ASF/common/utils/stdio/read.o
 .debug_macro   0x0000cd4d      0x7ba src/ASF/common/utils/stdio/read.o
 .debug_macro   0x0000d507       0x76 src/ASF/common/utils/stdio/read.o
 .debug_macro   0x0000d57d       0x82 src/ASF/common/utils/stdio/read.o
 .debug_macro   0x0000d5ff       0x76 src/ASF/common/utils/stdio/read.o
 .debug_macro   0x0000d675       0x4c src/ASF/common/utils/stdio/read.o
 .debug_macro   0x0000d6c1      0x105 src/ASF/common/utils/stdio/read.o
 .debug_macro   0x0000d7c6      0x105 src/ASF/common/utils/stdio/read.o
 .debug_macro   0x0000d8cb      0x105 src/ASF/common/utils/stdio/read.o
 .debug_macro   0x0000d9d0       0x88 src/ASF/common/utils/stdio/read.o
 .debug_macro   0x0000da58       0x88 src/ASF/common/utils/stdio/read.o
 .debug_macro   0x0000dae0      0x3b4 src/ASF/common/utils/stdio/read.o
 .debug_macro   0x0000de94       0xb8 src/ASF/common/utils/stdio/read.o
 .debug_macro   0x0000df4c       0xb8 src/ASF/common/utils/stdio/read.o
 .debug_macro   0x0000e004       0xb8 src/ASF/common/utils/stdio/read.o
 .debug_macro   0x0000e0bc       0xb8 src/ASF/common/utils/stdio/read.o
 .debug_macro   0x0000e174      0x2b8 src/ASF/common/utils/stdio/read.o
 .debug_macro   0x0000e42c      0x125 src/ASF/common/utils/stdio/read.o
 .debug_macro   0x0000e551      0x225 src/ASF/common/utils/stdio/read.o
 .debug_macro   0x0000e776      0x225 src/ASF/common/utils/stdio/read.o
 .debug_macro   0x0000e99b       0x2e src/ASF/common/utils/stdio/read.o
 .debug_macro   0x0000e9c9       0xac src/ASF/common/utils/stdio/read.o
 .debug_macro   0x0000ea75      0x14d src/ASF/common/utils/stdio/read.o
 .debug_macro   0x0000ebc2       0x7c src/ASF/common/utils/stdio/read.o
 .debug_macro   0x0000ec3e      0x205 src/ASF/common/utils/stdio/read.o
 .debug_macro   0x0000ee43       0x64 src/ASF/common/utils/stdio/read.o
 .debug_macro   0x0000eea7       0xa6 src/ASF/common/utils/stdio/read.o
 .debug_macro   0x0000ef4d       0x7c src/ASF/common/utils/stdio/read.o
 .debug_macro   0x0000efc9       0x16 src/ASF/common/utils/stdio/read.o
 .debug_macro   0x0000efdf       0x22 src/ASF/common/utils/stdio/read.o
 .debug_macro   0x0000f001       0x22 src/ASF/common/utils/stdio/read.o
 .debug_macro   0x0000f023      0x115 src/ASF/common/utils/stdio/read.o
 .debug_macro   0x0000f138      0x115 src/ASF/common/utils/stdio/read.o
 .debug_macro   0x0000f24d      0x115 src/ASF/common/utils/stdio/read.o
 .debug_macro   0x0000f362      0x115 src/ASF/common/utils/stdio/read.o
 .debug_macro   0x0000f477       0x1c src/ASF/common/utils/stdio/read.o
 .debug_macro   0x0000f493       0x2e src/ASF/common/utils/stdio/read.o
 .debug_macro   0x0000f4c1       0x22 src/ASF/common/utils/stdio/read.o
 .debug_macro   0x0000f4e3       0x1c src/ASF/common/utils/stdio/read.o
 .debug_macro   0x0000f4ff       0x58 src/ASF/common/utils/stdio/read.o
 .debug_macro   0x0000f557       0x10 src/ASF/common/utils/stdio/read.o
 .debug_macro   0x0000f567      0x273 src/ASF/common/utils/stdio/read.o
 .debug_macro   0x0000f7da      0xd43 src/ASF/common/utils/stdio/read.o
 .debug_macro   0x0001051d      0x131 src/ASF/common/utils/stdio/read.o
 .debug_macro   0x0001064e       0x58 src/ASF/common/utils/stdio/read.o
 .debug_macro   0x000106a6       0x35 src/ASF/common/utils/stdio/read.o
 .debug_macro   0x000106db       0xa3 src/ASF/common/utils/stdio/read.o
 .debug_macro   0x0001077e       0x16 src/ASF/common/utils/stdio/read.o
 .debug_macro   0x00010794       0x35 src/ASF/common/utils/stdio/read.o
 .debug_macro   0x000107c9       0x10 src/ASF/common/utils/stdio/read.o
 .debug_macro   0x000107d9       0x52 src/ASF/common/utils/stdio/read.o
 .debug_macro   0x0001082b       0x16 src/ASF/common/utils/stdio/read.o
 .debug_macro   0x00010841       0x43 src/ASF/common/utils/stdio/read.o
 .debug_macro   0x00010884      0x180 src/ASF/common/utils/stdio/read.o
 .debug_macro   0x00010a04       0x10 src/ASF/common/utils/stdio/read.o
 .debug_macro   0x00010a14       0x22 src/ASF/common/utils/stdio/read.o
 .debug_macro   0x00010a36       0xbd src/ASF/common/utils/stdio/read.o
 .debug_macro   0x00010af3       0x16 src/ASF/common/utils/stdio/read.o
 .debug_macro   0x00010b09      0x16c src/ASF/common/utils/stdio/read.o
 .debug_macro   0x00010c75       0x22 src/ASF/common/utils/stdio/read.o
 .debug_macro   0x00010c97       0x16 src/ASF/common/utils/stdio/read.o
 .debug_macro   0x00010cad       0x16 src/ASF/common/utils/stdio/read.o
 .debug_macro   0x00010cc3       0x29 src/ASF/common/utils/stdio/read.o
 .debug_macro   0x00010cec       0x6e src/ASF/common/utils/stdio/read.o
 .debug_macro   0x00010d5a       0x45 src/ASF/common/utils/stdio/read.o
 .debug_macro   0x00010d9f      0x3c3 src/ASF/common/utils/stdio/read.o
 .debug_macro   0x00011162      0x4c2 src/ASF/sam/drivers/tc/tc.o
 .debug_macro   0x00011624       0x16 src/ASF/sam/drivers/tc/tc.o
 .debug_macro   0x0001163a       0x4a src/ASF/sam/drivers/tc/tc.o
 .debug_macro   0x00011684       0x1c src/ASF/sam/drivers/tc/tc.o
 .debug_macro   0x000116a0      0x4f2 src/ASF/sam/drivers/usart/usart.o
 .debug_macro   0x00011b92       0x28 src/ASF/sam/drivers/usart/usart.o
 .debug_macro   0x00011bba      0x5e1 src/ASF/thirdparty/wireless/addons/sio2host/uart/sio2host.o
 .debug_macro   0x0001219b       0x94 src/ASF/thirdparty/wireless/addons/sio2host/uart/sio2host.o
 .debug_macro   0x0001222f       0x40 src/ASF/thirdparty/wireless/addons/sio2host/uart/sio2host.o
 .debug_macro   0x0001226f      0x248 src/ASF/thirdparty/wireless/addons/sio2host/uart/sio2host.o
 .debug_macro   0x000124b7      0x790 src/ASF/thirdparty/wireless/addons/sio2host/uart/sio2host.o
 .debug_macro   0x00012c47       0x34 src/ASF/thirdparty/wireless/addons/sio2host/uart/sio2host.o
 .debug_macro   0x00012c7b       0x5e src/ASF/thirdparty/wireless/addons/sio2host/uart/sio2host.o
 .debug_macro   0x00012cd9       0x64 src/ASF/thirdparty/wireless/addons/sio2host/uart/sio2host.o
 .debug_macro   0x00012d3d       0x5f src/ASF/thirdparty/wireless/addons/sio2host/uart/sio2host.o
 .debug_macro   0x00012d9c       0x90 src/ASF/thirdparty/wireless/addons/sio2host/uart/sio2host.o
 .debug_macro   0x00012e2c       0x6a src/ASF/thirdparty/wireless/addons/sio2host/uart/sio2host.o
 .debug_macro   0x00012e96       0x34 src/ASF/thirdparty/wireless/addons/sio2host/uart/sio2host.o
 .debug_macro   0x00012eca       0x1c src/ASF/thirdparty/wireless/addons/sio2host/uart/sio2host.o
 .debug_macro   0x00012ee6       0x2e src/ASF/thirdparty/wireless/addons/sio2host/uart/sio2host.o
 .debug_macro   0x00012f14       0x1c src/ASF/thirdparty/wireless/addons/sio2host/uart/sio2host.o
 .debug_macro   0x00012f30       0x40 src/ASF/thirdparty/wireless/addons/sio2host/uart/sio2host.o
 .debug_macro   0x00012f70      0x5cf src/console/ConsoleFunctions.o
 .debug_macro   0x0001353f       0x97 src/console/ConsoleFunctions.o
 .debug_macro   0x000135d6       0xef src/console/ConsoleFunctions.o
 .debug_macro   0x000136c5      0x20f src/console/ConsoleFunctions.o
 .debug_macro   0x000138d4       0x70 src/console/ConsoleFunctions.o
 .debug_macro   0x00013944       0x58 src/console/ConsoleFunctions.o
 .debug_macro   0x0001399c      0x5d7 src/DelayFunctions.o
 .debug_macro   0x00013f73      0x604 src/Motorfunctions.o
 .debug_macro   0x00014577       0x10 src/Motorfunctions.o
 .debug_macro   0x00014587      0x452 src/Motorfunctions.o
 .debug_macro   0x000149d9       0x52 src/Motorfunctions.o
 .debug_macro   0x00014a2b      0x5ec src/RaspDue.o
 .debug_macro   0x00015017      0x4a7 src/ASF/common/utils/stdio/write.o
 .debug_macro   0x000154be      0x55a src/ASF/common/services/serial/usart_serial.o
 .debug_macro   0x00015a18      0x4b6 src/ASF/sam/drivers/uart/uart.o
 .debug_macro   0x00015ece       0x16 src/ASF/sam/drivers/uart/uart.o
 .debug_macro   0x00015ee4      0x527 src/ASF/common/services/clock/sam3x/sysclk.o
 .debug_macro   0x0001640b      0x242 src/ASF/common/services/clock/sam3x/sysclk.o
 .debug_macro   0x0001664d      0x4b1 src/ASF/common/utils/interrupt/interrupt_sam_nvic.o
 .debug_macro   0x00016afe       0x3f src/ASF/common/utils/interrupt/interrupt_sam_nvic.o
 .debug_macro   0x00016b3d      0x566 src/ASF/sam/boards/arduino_due_x/init.o
 .debug_macro   0x000170a3      0x4c2 src/ASF/sam/drivers/pio/pio.o
 .debug_macro   0x00017565       0x8e src/ASF/sam/drivers/pio/pio.o
 .debug_macro   0x000175f3      0x4c6 src/ASF/sam/drivers/pio/pio_handler.o
 .debug_macro   0x00017ab9      0x4bc src/ASF/sam/drivers/pmc/pmc.o
 .debug_macro   0x00017f75       0x58 src/ASF/sam/drivers/pmc/pmc.o
 .debug_macro   0x00017fcd      0x4bb src/ASF/sam/utils/cmsis/sam3x/source/templates/exceptions.o
 .debug_macro   0x00018488      0x4c9 src/ASF/sam/utils/cmsis/sam3x/source/templates/gcc/startup_sam3x.o
 .debug_macro   0x00018951      0x4c9 src/ASF/sam/utils/cmsis/sam3x/source/templates/system_sam3x.o
 .debug_macro   0x00018e1a       0x26 src/ASF/sam/utils/cmsis/sam3x/source/templates/system_sam3x.o
 .debug_macro   0x00018e40      0x129 src/ASF/sam/utils/syscalls/gcc/syscalls.o
 .debug_macro   0x00018f69       0x52 src/ASF/sam/utils/syscalls/gcc/syscalls.o
 .debug_macro   0x00018fbb       0x16 src/ASF/sam/utils/syscalls/gcc/syscalls.o
 .debug_macro   0x00018fd1       0x10 src/ASF/sam/utils/syscalls/gcc/syscalls.o
 .debug_macro   0x00018fe1       0x41 src/ASF/sam/utils/syscalls/gcc/syscalls.o
 .debug_macro   0x00019022      0x120 src/ASF/sam/utils/syscalls/gcc/syscalls.o
 .debug_macro   0x00019142      0x620 src/main.o
 .debug_macro   0x00019762       0x82 src/main.o
 .debug_macro   0x000197e4       0xf6 src/main.o

.debug_line     0x00000000    0x11a2b
 .debug_line    0x00000000      0xad9 src/ASF/common/utils/stdio/read.o
 .debug_line    0x00000ad9      0xc7a src/ASF/sam/drivers/tc/tc.o
 .debug_line    0x00001753     0x11aa src/ASF/sam/drivers/usart/usart.o
 .debug_line    0x000028fd     0x1017 src/ASF/thirdparty/wireless/addons/sio2host/uart/sio2host.o
 .debug_line    0x00003914      0xf2c src/console/ConsoleFunctions.o
 .debug_line    0x00004840      0xe5e src/DelayFunctions.o
 .debug_line    0x0000569e      0xed7 src/Motorfunctions.o
 .debug_line    0x00006575      0xedd src/RaspDue.o
 .debug_line    0x00007452      0xacf src/ASF/common/utils/stdio/write.o
 .debug_line    0x00007f21      0xd1b src/ASF/common/services/serial/usart_serial.o
 .debug_line    0x00008c3c      0xc8f src/ASF/sam/drivers/uart/uart.o
 .debug_line    0x000098cb      0xc48 src/ASF/common/services/clock/sam3x/sysclk.o
 .debug_line    0x0000a513      0xaf2 src/ASF/common/utils/interrupt/interrupt_sam_nvic.o
 .debug_line    0x0000b005      0xcda src/ASF/sam/boards/arduino_due_x/init.o
 .debug_line    0x0000bcdf      0xe42 src/ASF/sam/drivers/pio/pio.o
 .debug_line    0x0000cb21      0xb8d src/ASF/sam/drivers/pio/pio_handler.o
 .debug_line    0x0000d6ae     0x1045 src/ASF/sam/drivers/pmc/pmc.o
 .debug_line    0x0000e6f3      0xab5 src/ASF/sam/utils/cmsis/sam3x/source/templates/exceptions.o
 .debug_line    0x0000f1a8      0xb05 src/ASF/sam/utils/cmsis/sam3x/source/templates/gcc/startup_sam3x.o
 .debug_line    0x0000fcad      0xb22 src/ASF/sam/utils/cmsis/sam3x/source/templates/system_sam3x.o
 .debug_line    0x000107cf      0x39b src/ASF/sam/utils/syscalls/gcc/syscalls.o
 .debug_line    0x00010b6a      0xec1 src/main.o

.debug_str      0x00000000    0x61a70
 .debug_str     0x00000000    0x58889 src/ASF/common/utils/stdio/read.o
                              0x58b7b (size before relaxing)
 .debug_str     0x00058889      0x3f3 src/ASF/sam/drivers/tc/tc.o
                              0x58f24 (size before relaxing)
 .debug_str     0x00058c7c      0xc4e src/ASF/sam/drivers/usart/usart.o
                              0x597f2 (size before relaxing)
 .debug_str     0x000598ca     0x50ca src/ASF/thirdparty/wireless/addons/sio2host/uart/sio2host.o
                              0x5df32 (size before relaxing)
 .debug_str     0x0005e994      0x1a7 src/console/ConsoleFunctions.o
                              0x5da0b (size before relaxing)
 .debug_str     0x0005eb3b       0x46 src/DelayFunctions.o
                              0x5d53a (size before relaxing)
 .debug_str     0x0005eb81     0x1251 src/Motorfunctions.o
                              0x5e70d (size before relaxing)
 .debug_str     0x0005fdd2       0x68 src/RaspDue.o
                              0x5d94f (size before relaxing)
 .debug_str     0x0005fe3a       0x26 src/ASF/common/utils/stdio/write.o
                              0x58b7d (size before relaxing)
 .debug_str     0x0005fe60       0x64 src/ASF/common/services/serial/usart_serial.o
                              0x5cb50 (size before relaxing)
 .debug_str     0x0005fec4      0x203 src/ASF/sam/drivers/uart/uart.o
                              0x58f41 (size before relaxing)
 .debug_str     0x000600c7      0x24c src/ASF/common/services/clock/sam3x/sysclk.o
                              0x5c94b (size before relaxing)
 .debug_str     0x00060313       0x73 src/ASF/common/utils/interrupt/interrupt_sam_nvic.o
                              0x58bcc (size before relaxing)
 .debug_str     0x00060386       0x74 src/ASF/sam/boards/arduino_due_x/init.o
                              0x5d214 (size before relaxing)
 .debug_str     0x000603fa      0x40e src/ASF/sam/drivers/pio/pio.o
                              0x59520 (size before relaxing)
 .debug_str     0x00060808      0x1bf src/ASF/sam/drivers/pio/pio_handler.o
                              0x59568 (size before relaxing)
 .debug_str     0x000609c7      0x67e src/ASF/sam/drivers/pmc/pmc.o
                              0x59596 (size before relaxing)
 .debug_str     0x00061045       0x4d src/ASF/sam/utils/cmsis/sam3x/source/templates/exceptions.o
                              0x58b95 (size before relaxing)
 .debug_str     0x00061092       0xb2 src/ASF/sam/utils/cmsis/sam3x/source/templates/gcc/startup_sam3x.o
                              0x58c6a (size before relaxing)
 .debug_str     0x00061144      0x1cd src/ASF/sam/utils/cmsis/sam3x/source/templates/system_sam3x.o
                              0x58e7d (size before relaxing)
 .debug_str     0x00061311      0x741 src/ASF/sam/utils/syscalls/gcc/syscalls.o
                               0x4f0f (size before relaxing)
 .debug_str     0x00061a52       0x1e src/main.o
                              0x5e3fc (size before relaxing)

.debug_frame    0x00000000     0x215c
 .debug_frame   0x00000000       0x30 src/ASF/common/utils/stdio/read.o
 .debug_frame   0x00000030      0x198 src/ASF/sam/drivers/tc/tc.o
 .debug_frame   0x000001c8      0x5c8 src/ASF/sam/drivers/usart/usart.o
 .debug_frame   0x00000790      0x10c src/ASF/thirdparty/wireless/addons/sio2host/uart/sio2host.o
 .debug_frame   0x0000089c       0x68 src/console/ConsoleFunctions.o
 .debug_frame   0x00000904       0x48 src/DelayFunctions.o
 .debug_frame   0x0000094c       0x70 src/Motorfunctions.o
 .debug_frame   0x000009bc       0x48 src/RaspDue.o
 .debug_frame   0x00000a04       0x30 src/ASF/common/utils/stdio/write.o
 .debug_frame   0x00000a34       0x60 src/ASF/common/services/serial/usart_serial.o
 .debug_frame   0x00000a94      0x1b8 src/ASF/sam/drivers/uart/uart.o
 .debug_frame   0x00000c4c       0x88 src/ASF/common/services/clock/sam3x/sysclk.o
 .debug_frame   0x00000cd4       0x30 src/ASF/common/utils/interrupt/interrupt_sam_nvic.o
 .debug_frame   0x00000d04       0x28 src/ASF/sam/boards/arduino_due_x/init.o
 .debug_frame   0x00000d2c      0x2a8 src/ASF/sam/drivers/pio/pio.o
 .debug_frame   0x00000fd4       0xf8 src/ASF/sam/drivers/pio/pio_handler.o
 .debug_frame   0x000010cc      0x410 src/ASF/sam/drivers/pmc/pmc.o
 .debug_frame   0x000014dc       0x20 src/ASF/sam/utils/cmsis/sam3x/source/templates/exceptions.o
 .debug_frame   0x000014fc       0x28 src/ASF/sam/utils/cmsis/sam3x/source/templates/gcc/startup_sam3x.o
 .debug_frame   0x00001524       0x40 src/ASF/sam/utils/cmsis/sam3x/source/templates/system_sam3x.o
 .debug_frame   0x00001564       0xa8 src/ASF/sam/utils/syscalls/gcc/syscalls.o
 .debug_frame   0x0000160c       0x28 src/main.o
 .debug_frame   0x00001634       0x2c c:/program files (x86)/atmel/atmel toolchain/arm gcc/native/4.8.1443/arm-gnu-toolchain/bin/../lib/gcc/arm-none-eabi/4.8.4/../../../../arm-none-eabi/lib/armv7-m\libc.a(lib_a-init.o)
 .debug_frame   0x00001660       0x5c c:/program files (x86)/atmel/atmel toolchain/arm gcc/native/4.8.1443/arm-gnu-toolchain/bin/../lib/gcc/arm-none-eabi/4.8.4/../../../../arm-none-eabi/lib/armv7-m\libc.a(lib_a-iprintf.o)
 .debug_frame   0x000016bc       0x2c c:/program files (x86)/atmel/atmel toolchain/arm gcc/native/4.8.1443/arm-gnu-toolchain/bin/../lib/gcc/arm-none-eabi/4.8.4/../../../../arm-none-eabi/lib/armv7-m\libc.a(lib_a-memset.o)
 .debug_frame   0x000016e8       0x20 c:/program files (x86)/atmel/atmel toolchain/arm gcc/native/4.8.1443/arm-gnu-toolchain/bin/../lib/gcc/arm-none-eabi/4.8.4/../../../../arm-none-eabi/lib/armv7-m\libc.a(lib_a-setbuf.o)
 .debug_frame   0x00001708       0x30 c:/program files (x86)/atmel/atmel toolchain/arm gcc/native/4.8.1443/arm-gnu-toolchain/bin/../lib/gcc/arm-none-eabi/4.8.4/../../../../arm-none-eabi/lib/armv7-m\libc.a(lib_a-setvbuf.o)
 .debug_frame   0x00001738       0xb8 c:/program files (x86)/atmel/atmel toolchain/arm gcc/native/4.8.1443/arm-gnu-toolchain/bin/../lib/gcc/arm-none-eabi/4.8.4/../../../../arm-none-eabi/lib/armv7-m\libc.a(lib_a-vfiprintf.o)
 .debug_frame   0x000017f0       0x2c c:/program files (x86)/atmel/atmel toolchain/arm gcc/native/4.8.1443/arm-gnu-toolchain/bin/../lib/gcc/arm-none-eabi/4.8.4/../../../../arm-none-eabi/lib/armv7-m\libc.a(lib_a-wsetup.o)
 .debug_frame   0x0000181c       0x48 c:/program files (x86)/atmel/atmel toolchain/arm gcc/native/4.8.1443/arm-gnu-toolchain/bin/../lib/gcc/arm-none-eabi/4.8.4/../../../../arm-none-eabi/lib/armv7-m\libc.a(lib_a-__call_atexit.o)
 .debug_frame   0x00001864       0x20 c:/program files (x86)/atmel/atmel toolchain/arm gcc/native/4.8.1443/arm-gnu-toolchain/bin/../lib/gcc/arm-none-eabi/4.8.4/../../../../arm-none-eabi/lib/armv7-m\libc.a(lib_a-atexit.o)
 .debug_frame   0x00001884       0x5c c:/program files (x86)/atmel/atmel toolchain/arm gcc/native/4.8.1443/arm-gnu-toolchain/bin/../lib/gcc/arm-none-eabi/4.8.4/../../../../arm-none-eabi/lib/armv7-m\libc.a(lib_a-fflush.o)
 .debug_frame   0x000018e0      0x110 c:/program files (x86)/atmel/atmel toolchain/arm gcc/native/4.8.1443/arm-gnu-toolchain/bin/../lib/gcc/arm-none-eabi/4.8.4/../../../../arm-none-eabi/lib/armv7-m\libc.a(lib_a-findfp.o)
 .debug_frame   0x000019f0       0x2c c:/program files (x86)/atmel/atmel toolchain/arm gcc/native/4.8.1443/arm-gnu-toolchain/bin/../lib/gcc/arm-none-eabi/4.8.4/../../../../arm-none-eabi/lib/armv7-m\libc.a(lib_a-fini.o)
 .debug_frame   0x00001a1c       0x50 c:/program files (x86)/atmel/atmel toolchain/arm gcc/native/4.8.1443/arm-gnu-toolchain/bin/../lib/gcc/arm-none-eabi/4.8.4/../../../../arm-none-eabi/lib/armv7-m\libc.a(lib_a-fputwc.o)
 .debug_frame   0x00001a6c       0x50 c:/program files (x86)/atmel/atmel toolchain/arm gcc/native/4.8.1443/arm-gnu-toolchain/bin/../lib/gcc/arm-none-eabi/4.8.4/../../../../arm-none-eabi/lib/armv7-m\libc.a(lib_a-freer.o)
 .debug_frame   0x00001abc       0x38 c:/program files (x86)/atmel/atmel toolchain/arm gcc/native/4.8.1443/arm-gnu-toolchain/bin/../lib/gcc/arm-none-eabi/4.8.4/../../../../arm-none-eabi/lib/armv7-m\libc.a(lib_a-fvwrite.o)
 .debug_frame   0x00001af4       0x54 c:/program files (x86)/atmel/atmel toolchain/arm gcc/native/4.8.1443/arm-gnu-toolchain/bin/../lib/gcc/arm-none-eabi/4.8.4/../../../../arm-none-eabi/lib/armv7-m\libc.a(lib_a-fwalk.o)
 .debug_frame   0x00001b48       0x98 c:/program files (x86)/atmel/atmel toolchain/arm gcc/native/4.8.1443/arm-gnu-toolchain/bin/../lib/gcc/arm-none-eabi/4.8.4/../../../../arm-none-eabi/lib/armv7-m\libc.a(lib_a-locale.o)
 .debug_frame   0x00001be0       0x30 c:/program files (x86)/atmel/atmel toolchain/arm gcc/native/4.8.1443/arm-gnu-toolchain/bin/../lib/gcc/arm-none-eabi/4.8.4/../../../../arm-none-eabi/lib/armv7-m\libc.a(lib_a-makebuf.o)
 .debug_frame   0x00001c10       0x30 c:/program files (x86)/atmel/atmel toolchain/arm gcc/native/4.8.1443/arm-gnu-toolchain/bin/../lib/gcc/arm-none-eabi/4.8.4/../../../../arm-none-eabi/lib/armv7-m\libc.a(lib_a-malloc.o)
 .debug_frame   0x00001c40       0x38 c:/program files (x86)/atmel/atmel toolchain/arm gcc/native/4.8.1443/arm-gnu-toolchain/bin/../lib/gcc/arm-none-eabi/4.8.4/../../../../arm-none-eabi/lib/armv7-m\libc.a(lib_a-mallocr.o)
 .debug_frame   0x00001c78       0x2c c:/program files (x86)/atmel/atmel toolchain/arm gcc/native/4.8.1443/arm-gnu-toolchain/bin/../lib/gcc/arm-none-eabi/4.8.4/../../../../arm-none-eabi/lib/armv7-m\libc.a(lib_a-memchr-stub.o)
 .debug_frame   0x00001ca4       0x2c c:/program files (x86)/atmel/atmel toolchain/arm gcc/native/4.8.1443/arm-gnu-toolchain/bin/../lib/gcc/arm-none-eabi/4.8.4/../../../../arm-none-eabi/lib/armv7-m\libc.a(lib_a-memmove.o)
 .debug_frame   0x00001cd0       0x30 c:/program files (x86)/atmel/atmel toolchain/arm gcc/native/4.8.1443/arm-gnu-toolchain/bin/../lib/gcc/arm-none-eabi/4.8.4/../../../../arm-none-eabi/lib/armv7-m\libc.a(lib_a-mlock.o)
 .debug_frame   0x00001d00       0x38 c:/program files (x86)/atmel/atmel toolchain/arm gcc/native/4.8.1443/arm-gnu-toolchain/bin/../lib/gcc/arm-none-eabi/4.8.4/../../../../arm-none-eabi/lib/armv7-m\libc.a(lib_a-reallocr.o)
 .debug_frame   0x00001d38       0x2c c:/program files (x86)/atmel/atmel toolchain/arm gcc/native/4.8.1443/arm-gnu-toolchain/bin/../lib/gcc/arm-none-eabi/4.8.4/../../../../arm-none-eabi/lib/armv7-m\libc.a(lib_a-sbrkr.o)
 .debug_frame   0x00001d64       0x80 c:/program files (x86)/atmel/atmel toolchain/arm gcc/native/4.8.1443/arm-gnu-toolchain/bin/../lib/gcc/arm-none-eabi/4.8.4/../../../../arm-none-eabi/lib/armv7-m\libc.a(lib_a-stdio.o)
 .debug_frame   0x00001de4       0x20 c:/program files (x86)/atmel/atmel toolchain/arm gcc/native/4.8.1443/arm-gnu-toolchain/bin/../lib/gcc/arm-none-eabi/4.8.4/../../../../arm-none-eabi/lib/armv7-m\libc.a(lib_a-strlen.o)
 .debug_frame   0x00001e04       0x40 c:/program files (x86)/atmel/atmel toolchain/arm gcc/native/4.8.1443/arm-gnu-toolchain/bin/../lib/gcc/arm-none-eabi/4.8.4/../../../../arm-none-eabi/lib/armv7-m\libc.a(lib_a-wbuf.o)
 .debug_frame   0x00001e44       0x58 c:/program files (x86)/atmel/atmel toolchain/arm gcc/native/4.8.1443/arm-gnu-toolchain/bin/../lib/gcc/arm-none-eabi/4.8.4/../../../../arm-none-eabi/lib/armv7-m\libc.a(lib_a-wcrtomb.o)
 .debug_frame   0x00001e9c       0x44 c:/program files (x86)/atmel/atmel toolchain/arm gcc/native/4.8.1443/arm-gnu-toolchain/bin/../lib/gcc/arm-none-eabi/4.8.4/../../../../arm-none-eabi/lib/armv7-m\libc.a(lib_a-wctomb_r.o)
 .debug_frame   0x00001ee0       0x2c c:/program files (x86)/atmel/atmel toolchain/arm gcc/native/4.8.1443/arm-gnu-toolchain/bin/../lib/gcc/arm-none-eabi/4.8.4/../../../../arm-none-eabi/lib/armv7-m\libc.a(lib_a-writer.o)
 .debug_frame   0x00001f0c       0x30 c:/program files (x86)/atmel/atmel toolchain/arm gcc/native/4.8.1443/arm-gnu-toolchain/bin/../lib/gcc/arm-none-eabi/4.8.4/../../../../arm-none-eabi/lib/armv7-m\libc.a(lib_a-__atexit.o)
 .debug_frame   0x00001f3c       0x2c c:/program files (x86)/atmel/atmel toolchain/arm gcc/native/4.8.1443/arm-gnu-toolchain/bin/../lib/gcc/arm-none-eabi/4.8.4/../../../../arm-none-eabi/lib/armv7-m\libc.a(lib_a-closer.o)
 .debug_frame   0x00001f68       0x3c c:/program files (x86)/atmel/atmel toolchain/arm gcc/native/4.8.1443/arm-gnu-toolchain/bin/../lib/gcc/arm-none-eabi/4.8.4/../../../../arm-none-eabi/lib/armv7-m\libc.a(lib_a-fclose.o)
 .debug_frame   0x00001fa4       0x2c c:/program files (x86)/atmel/atmel toolchain/arm gcc/native/4.8.1443/arm-gnu-toolchain/bin/../lib/gcc/arm-none-eabi/4.8.4/../../../../arm-none-eabi/lib/armv7-m\libc.a(lib_a-fstatr.o)
 .debug_frame   0x00001fd0       0x2c c:/program files (x86)/atmel/atmel toolchain/arm gcc/native/4.8.1443/arm-gnu-toolchain/bin/../lib/gcc/arm-none-eabi/4.8.4/../../../../arm-none-eabi/lib/armv7-m\libc.a(lib_a-isattyr.o)
 .debug_frame   0x00001ffc       0x2c c:/program files (x86)/atmel/atmel toolchain/arm gcc/native/4.8.1443/arm-gnu-toolchain/bin/../lib/gcc/arm-none-eabi/4.8.4/../../../../arm-none-eabi/lib/armv7-m\libc.a(lib_a-lseekr.o)
 .debug_frame   0x00002028       0x2c c:/program files (x86)/atmel/atmel toolchain/arm gcc/native/4.8.1443/arm-gnu-toolchain/bin/../lib/gcc/arm-none-eabi/4.8.4/../../../../arm-none-eabi/lib/armv7-m\libc.a(lib_a-readr.o)
 .debug_frame   0x00002054       0x48 c:/program files (x86)/atmel/atmel toolchain/arm gcc/native/4.8.1443/arm-gnu-toolchain/bin/../lib/gcc/arm-none-eabi/4.8.4/../../../../arm-none-eabi/lib/armv7-m\libc.a(lib_a-reent.o)
 .debug_frame   0x0000209c       0x58 c:/program files (x86)/atmel/atmel toolchain/arm gcc/native/4.8.1443/arm-gnu-toolchain/bin/../lib/gcc/arm-none-eabi/4.8.4/armv7-m\libgcc.a(bpabi.o)