Archive member included because of file (symbol)

c:/program files (x86)/atmel/atmel toolchain/arm gcc/native/4.8.1443/arm-gnu-toolchain/bin/../lib/gcc/arm-none-eabi/4.8.4/../../../../arm-none-eabi/lib/armv7-m\libc.a(lib_a-atof.o)
                              src/console/SerialUART.o (atof)
c:/program files (x86)/atmel/atmel toolchain/arm gcc/native/4.8.1443/arm-gnu-toolchain/bin/../lib/gcc/arm-none-eabi/4.8.4/../../../../arm-none-eabi/lib/armv7-m\libc.a(lib_a-exit.o)
                              c:/program files (x86)/atmel/atmel toolchain/arm gcc/native/4.8.1443/arm-gnu-toolchain/bin/../lib/gcc/arm-none-eabi/4.8.4/../../../../arm-none-eabi/lib/armv7-m/crt0.o (exit)
c:/program files (x86)/atmel/atmel toolchain/arm gcc/native/4.8.1443/arm-gnu-toolchain/bin/../lib/gcc/arm-none-eabi/4.8.4/../../../../arm-none-eabi/lib/armv7-m\libc.a(lib_a-impure.o)
                              c:/program files (x86)/atmel/atmel toolchain/arm gcc/native/4.8.1443/arm-gnu-toolchain/bin/../lib/gcc/arm-none-eabi/4.8.4/../../../../arm-none-eabi/lib/armv7-m\libc.a(lib_a-exit.o) (_global_impure_ptr)
c:/program files (x86)/atmel/atmel toolchain/arm gcc/native/4.8.1443/arm-gnu-toolchain/bin/../lib/gcc/arm-none-eabi/4.8.4/../../../../arm-none-eabi/lib/armv7-m\libc.a(lib_a-init.o)
                              c:/program files (x86)/atmel/atmel toolchain/arm gcc/native/4.8.1443/arm-gnu-toolchain/bin/../lib/gcc/arm-none-eabi/4.8.4/../../../../arm-none-eabi/lib/armv7-m/crt0.o (__libc_init_array)
c:/program files (x86)/atmel/atmel toolchain/arm gcc/native/4.8.1443/arm-gnu-toolchain/bin/../lib/gcc/arm-none-eabi/4.8.4/../../../../arm-none-eabi/lib/armv7-m\libc.a(lib_a-iprintf.o)
                              src/console/SerialUART.o (iprintf)
c:/program files (x86)/atmel/atmel toolchain/arm gcc/native/4.8.1443/arm-gnu-toolchain/bin/../lib/gcc/arm-none-eabi/4.8.4/../../../../arm-none-eabi/lib/armv7-m\libc.a(lib_a-iscanf.o)
                              src/console/SerialUART.o (iscanf)
c:/program files (x86)/atmel/atmel toolchain/arm gcc/native/4.8.1443/arm-gnu-toolchain/bin/../lib/gcc/arm-none-eabi/4.8.4/../../../../arm-none-eabi/lib/armv7-m\libc.a(lib_a-memset.o)
                              c:/program files (x86)/atmel/atmel toolchain/arm gcc/native/4.8.1443/arm-gnu-toolchain/bin/../lib/gcc/arm-none-eabi/4.8.4/../../../../arm-none-eabi/lib/armv7-m/crt0.o (memset)
c:/program files (x86)/atmel/atmel toolchain/arm gcc/native/4.8.1443/arm-gnu-toolchain/bin/../lib/gcc/arm-none-eabi/4.8.4/../../../../arm-none-eabi/lib/armv7-m\libc.a(lib_a-setbuf.o)
                              src/ASF/thirdparty/wireless/addons/sio2host/uart/sio2host.o (setbuf)
c:/program files (x86)/atmel/atmel toolchain/arm gcc/native/4.8.1443/arm-gnu-toolchain/bin/../lib/gcc/arm-none-eabi/4.8.4/../../../../arm-none-eabi/lib/armv7-m\libc.a(lib_a-setvbuf.o)
                              c:/program files (x86)/atmel/atmel toolchain/arm gcc/native/4.8.1443/arm-gnu-toolchain/bin/../lib/gcc/arm-none-eabi/4.8.4/../../../../arm-none-eabi/lib/armv7-m\libc.a(lib_a-setbuf.o) (setvbuf)
c:/program files (x86)/atmel/atmel toolchain/arm gcc/native/4.8.1443/arm-gnu-toolchain/bin/../lib/gcc/arm-none-eabi/4.8.4/../../../../arm-none-eabi/lib/armv7-m\libc.a(lib_a-strtod.o)
                              c:/program files (x86)/atmel/atmel toolchain/arm gcc/native/4.8.1443/arm-gnu-toolchain/bin/../lib/gcc/arm-none-eabi/4.8.4/../../../../arm-none-eabi/lib/armv7-m\libc.a(lib_a-atof.o) (strtod)
c:/program files (x86)/atmel/atmel toolchain/arm gcc/native/4.8.1443/arm-gnu-toolchain/bin/../lib/gcc/arm-none-eabi/4.8.4/../../../../arm-none-eabi/lib/armv7-m\libc.a(lib_a-vfiprintf.o)
                              c:/program files (x86)/atmel/atmel toolchain/arm gcc/native/4.8.1443/arm-gnu-toolchain/bin/../lib/gcc/arm-none-eabi/4.8.4/../../../../arm-none-eabi/lib/armv7-m\libc.a(lib_a-iprintf.o) (_vfiprintf_r)
c:/program files (x86)/atmel/atmel toolchain/arm gcc/native/4.8.1443/arm-gnu-toolchain/bin/../lib/gcc/arm-none-eabi/4.8.4/../../../../arm-none-eabi/lib/armv7-m\libc.a(lib_a-vfiscanf.o)
                              c:/program files (x86)/atmel/atmel toolchain/arm gcc/native/4.8.1443/arm-gnu-toolchain/bin/../lib/gcc/arm-none-eabi/4.8.4/../../../../arm-none-eabi/lib/armv7-m\libc.a(lib_a-iscanf.o) (__svfiscanf_r)
c:/program files (x86)/atmel/atmel toolchain/arm gcc/native/4.8.1443/arm-gnu-toolchain/bin/../lib/gcc/arm-none-eabi/4.8.4/../../../../arm-none-eabi/lib/armv7-m\libc.a(lib_a-wsetup.o)
                              c:/program files (x86)/atmel/atmel toolchain/arm gcc/native/4.8.1443/arm-gnu-toolchain/bin/../lib/gcc/arm-none-eabi/4.8.4/../../../../arm-none-eabi/lib/armv7-m\libc.a(lib_a-vfiprintf.o) (__swsetup_r)
c:/program files (x86)/atmel/atmel toolchain/arm gcc/native/4.8.1443/arm-gnu-toolchain/bin/../lib/gcc/arm-none-eabi/4.8.4/../../../../arm-none-eabi/lib/armv7-m\libc.a(lib_a-__call_atexit.o)
[...]
Memory Configuration

Name             Origin             Length             Attributes
rom              0x00080000         0x00080000         xr
sram0            0x20000000         0x00010000         xrw
sram1            0x20080000         0x00008000         xrw
ram              0x20070000         0x00018000         xrw
*default*        0x00000000         0xffffffff

Linker script and memory map

LOAD c:/program files (x86)/atmel/atmel toolchain/arm gcc/native/4.8.1443/arm-gnu-toolchain/bin/../lib/gcc/arm-none-eabi/4.8.4/armv7-m/crti.o
LOAD c:/program files (x86)/atmel/atmel toolchain/arm gcc/native/4.8.1443/arm-gnu-toolchain/bin/../lib/gcc/arm-none-eabi/4.8.4/armv7-m/crtbegin.o
LOAD c:/program files (x86)/atmel/atmel toolchain/arm gcc/native/4.8.1443/arm-gnu-toolchain/bin/../lib/gcc/arm-none-eabi/4.8.4/../../../../arm-none-eabi/lib/armv7-m/crt0.o
LOAD src/ASF/common/utils/stdio/read.o
LOAD src/ASF/sam/drivers/usart/usart.o
LOAD src/ASF/thirdparty/wireless/addons/sio2host/uart/sio2host.o
LOAD src/console/SerialUART.o
LOAD src/console/ConsoleFunctions.o
LOAD src/RaspDue.o
LOAD src/ASF/common/utils/stdio/write.o
LOAD src/ASF/common/services/serial/usart_serial.o
LOAD src/ASF/sam/drivers/uart/uart.o
LOAD src/ASF/common/services/clock/sam3x/sysclk.o
LOAD src/ASF/common/utils/interrupt/interrupt_sam_nvic.o
LOAD src/ASF/sam/boards/arduino_due_x/init.o
LOAD src/ASF/sam/drivers/pio/pio.o
LOAD src/ASF/sam/drivers/pio/pio_handler.o
LOAD src/ASF/sam/drivers/pmc/pmc.o
LOAD src/ASF/sam/drivers/pmc/sleep.o
LOAD src/ASF/sam/utils/cmsis/sam3x/source/templates/exceptions.o
LOAD src/ASF/sam/utils/cmsis/sam3x/source/templates/gcc/startup_sam3x.o
LOAD src/ASF/sam/utils/cmsis/sam3x/source/templates/system_sam3x.o
LOAD src/ASF/sam/utils/syscalls/gcc/syscalls.o
LOAD src/main.o
START GROUP
LOAD ../src/ASF/thirdparty/CMSIS/Lib/GCC\libarm_cortexM3l_math.a
LOAD c:/program files (x86)/atmel/atmel toolchain/arm gcc/native/4.8.1443/arm-gnu-toolchain/bin/../lib/gcc/arm-none-eabi/4.8.4/../../../../arm-none-eabi/lib/armv7-m\libm.a
END GROUP
START GROUP
LOAD c:/program files (x86)/atmel/atmel toolchain/arm gcc/native/4.8.1443/arm-gnu-toolchain/bin/../lib/gcc/arm-none-eabi/4.8.4/armv7-m\libgcc.a
LOAD c:/program files (x86)/atmel/atmel toolchain/arm gcc/native/4.8.1443/arm-gnu-toolchain/bin/../lib/gcc/arm-none-eabi/4.8.4/../../../../arm-none-eabi/lib/armv7-m\libc.a
END GROUP
LOAD c:/program files (x86)/atmel/atmel toolchain/arm gcc/native/4.8.1443/arm-gnu-toolchain/bin/../lib/gcc/arm-none-eabi/4.8.4/armv7-m/crtend.o
LOAD c:/program files (x86)/atmel/atmel toolchain/arm gcc/native/4.8.1443/arm-gnu-toolchain/bin/../lib/gcc/arm-none-eabi/4.8.4/armv7-m/crtn.o
                0x00002000                __stack_size__ = DEFINED (__stack_size__)?__stack_size__:0x2000
                0x20087ffc                __ram_end__ = ((ORIGIN (ram) + 0x18000) - 0x4)

.text           0x00080000     0x3e70
                0x00080000                . = ALIGN (0x4)
                0x00080000                _sfixed = .
 *(.vectors .vectors.*)
 .vectors       0x00080000       0xf4 src/ASF/sam/utils/cmsis/sam3x/source/templates/gcc/startup_sam3x.o
                0x00080000                exception_table
 *(.text .text.* .gnu.linkonce.t.*)
 .text          0x000800f4       0x54 c:/program files (x86)/atmel/atmel toolchain/arm gcc/native/4.8.1443/arm-gnu-toolchain/bin/../lib/gcc/arm-none-eabi/4.8.4/armv7-m/crtbegin.o
 .text._read    0x00080148       0x40 src/ASF/common/utils/stdio/read.o
                0x00080148                _read
 .text.usart_write
                0x00080188       0x14 src/ASF/sam/drivers/usart/usart.o
                0x00080188                usart_write
 .text.usart_read
                0x0008019c       0x18 src/ASF/sam/drivers/usart/usart.o
                0x0008019c                usart_read
 .text.USART0_Handler
                0x000801b4       0x6c src/ASF/thirdparty/wireless/addons/sio2host/uart/sio2host.o
                0x000801b4                USART0_Handler
 .text.usart_serial_getchar
                0x00080220       0xa8 src/console/ConsoleFunctions.o
 .text.usart_serial_putchar
                0x000802c8       0xa8 src/console/ConsoleFunctions.o
 .text.configureConsole
                0x00080370       0x94 src/console/ConsoleFunctions.o
                0x00080370                configureConsole
 .text.initCommunication_pins
                0x00080404       0x64 src/RaspDue.o
                0x00080404                initCommunication_pins
 .text.startCOM
                0x00080468        0xc src/RaspDue.o
                0x00080468                startCOM
 .text.camera_detection
                0x00080474       0xc4 src/RaspDue.o
                0x00080474                camera_detection
 .text._write   0x00080538       0x54 src/ASF/common/utils/stdio/write.o
                0x00080538                _write
 .text.usart_serial_read_packet
                0x0008058c       0xc4 src/ASF/common/services/serial/usart_serial.o
                0x0008058c                usart_serial_read_packet
 .text.uart_init
                0x00080650       0x38 src/ASF/sam/drivers/uart/uart.o
                0x00080650                uart_init
 .text.uart_write
                0x00080688       0x10 src/ASF/sam/drivers/uart/uart.o
                0x00080688                uart_write
 .text.uart_read
                0x00080698       0x14 src/ASF/sam/drivers/uart/uart.o
                0x00080698                uart_read
 .text.sysclk_init
                0x000806ac       0x64 src/ASF/common/services/clock/sam3x/sysclk.o
                0x000806ac                sysclk_init
 .text.board_init
                0x00080710       0x80 src/ASF/sam/boards/arduino_due_x/init.o
                0x00080710                board_init
 .text.pio_set_peripheral
                0x00080790       0x40 src/ASF/sam/drivers/pio/pio.o
                0x00080790                pio_set_peripheral
 .text.pio_set_input
                0x000807d0       0x34 src/ASF/sam/drivers/pio/pio.o
                0x000807d0                pio_set_input
 .text.pio_set_output
                0x00080804       0x28 src/ASF/sam/drivers/pio/pio.o
                0x00080804                pio_set_output
 .text.pio_get_interrupt_status
                0x0008082c        0x4 src/ASF/sam/drivers/pio/pio.o
                0x0008082c                pio_get_interrupt_status
 .text.pio_get_interrupt_mask
                0x00080830        0x4 src/ASF/sam/drivers/pio/pio.o
                0x00080830                pio_get_interrupt_mask
 .text.pio_configure_pin
                0x00080834       0xd4 src/ASF/sam/drivers/pio/pio.o
                0x00080834                pio_configure_pin
 .text.pio_configure_pin_group
                0x00080908       0xa0 src/ASF/sam/drivers/pio/pio.o
                0x00080908                pio_configure_pin_group
 .text.pio_handler_process
                0x000809a8       0x58 src/ASF/sam/drivers/pio/pio_handler.o
                0x000809a8                pio_handler_process
 .text.PIOA_Handler
                0x00080a00       0x14 src/ASF/sam/drivers/pio/pio_handler.o
                0x00080a00                PIOA_Handler
 .text.PIOB_Handler
                0x00080a14       0x14 src/ASF/sam/drivers/pio/pio_handler.o
                0x00080a14                PIOB_Handler
 .text.PIOC_Handler
                0x00080a28       0x14 src/ASF/sam/drivers/pio/pio_handler.o
                0x00080a28                PIOC_Handler
 .text.PIOD_Handler
                0x00080a3c       0x14 src/ASF/sam/drivers/pio/pio_handler.o
                0x00080a3c                PIOD_Handler
 .text.pmc_switch_mck_to_pllack
                0x00080a50       0x64 src/ASF/sam/drivers/pmc/pmc.o
                0x00080a50                pmc_switch_mck_to_pllack
 .text.pmc_switch_mainck_to_xtal
                0x00080ab4       0x54 src/ASF/sam/drivers/pmc/pmc.o
                0x00080ab4                pmc_switch_mainck_to_xtal
 .text.pmc_osc_is_ready_mainck
                0x00080b08       0x10 src/ASF/sam/drivers/pmc/pmc.o
                0x00080b08                pmc_osc_is_ready_mainck
 .text.pmc_disable_pllack
                0x00080b18       0x10 src/ASF/sam/drivers/pmc/pmc.o
                0x00080b18                pmc_disable_pllack
 .text.pmc_is_locked_pllack
                0x00080b28       0x10 src/ASF/sam/drivers/pmc/pmc.o
                0x00080b28                pmc_is_locked_pllack
 .text.pmc_enable_periph_clk
                0x00080b38       0x58 src/ASF/sam/drivers/pmc/pmc.o
                0x00080b38                pmc_enable_periph_clk
 .text.Dummy_Handler
                0x00080b90        0x4 src/ASF/sam/utils/cmsis/sam3x/source/templates/exceptions.o
                0x00080b90                DACC_Handler
                0x00080b90                DebugMon_Handler
                0x00080b90                DMAC_Handler
                0x00080b90                TRNG_Handler
                0x00080b90                HardFault_Handler
                0x00080b90                TC2_Handler
                0x00080b90                SysTick_Handler
                0x00080b90                USART3_Handler
                0x00080b90                TWI1_Handler
                0x00080b90                PendSV_Handler
                0x00080b90                NMI_Handler
                0x00080b90                TC7_Handler
                0x00080b90                ADC_Handler
                0x00080b90                SMC_Handler
                0x00080b90                RTT_Handler
                0x00080b90                EFC1_Handler
                0x00080b90                RTC_Handler
                0x00080b90                UsageFault_Handler
                0x00080b90                TC6_Handler
                0x00080b90                WDT_Handler
                0x00080b90                CAN0_Handler
                0x00080b90                TC4_Handler
                0x00080b90                TC1_Handler
                0x00080b90                HSMCI_Handler
                0x00080b90                TC3_Handler
                0x00080b90                Dummy_Handler
                0x00080b90                TWI0_Handler
                0x00080b90                USART1_Handler
                0x00080b90                SSC_Handler
                0x00080b90                EFC0_Handler
                0x00080b90                PMC_Handler
                0x00080b90                PWM_Handler
                0x00080b90                CAN1_Handler
                0x00080b90                MemManage_Handler
                0x00080b90                SUPC_Handler
                0x00080b90                SVC_Handler
                0x00080b90                TC8_Handler
                0x00080b90                USART2_Handler
                0x00080b90                EMAC_Handler
                0x00080b90                UART_Handler
                0x00080b90                BusFault_Handler
                0x00080b90                RSTC_Handler
                0x00080b90                TC0_Handler
                0x00080b90                TC5_Handler
                0x00080b90                UOTGHS_Handler
                0x00080b90                SPI0_Handler
 .text.Reset_Handler
                0x00080b94       0xb0 src/ASF/sam/utils/cmsis/sam3x/source/templates/gcc/startup_sam3x.o
                0x00080b94                Reset_Handler
 .text.SystemCoreClockUpdate
                0x00080c44      0x11c src/ASF/sam/utils/cmsis/sam3x/source/templates/system_sam3x.o
                0x00080c44                SystemCoreClockUpdate
 .text._sbrk    0x00080d60       0x34 src/ASF/sam/utils/syscalls/gcc/syscalls.o
                0x00080d60                _sbrk
 .text._close   0x00080d94        0x8 src/ASF/sam/utils/syscalls/gcc/syscalls.o
                0x00080d94                _close
 .text._fstat   0x00080d9c        0xc src/ASF/sam/utils/syscalls/gcc/syscalls.o
                0x00080d9c                _fstat
 .text._isatty  0x00080da8        0x4 src/ASF/sam/utils/syscalls/gcc/syscalls.o
                0x00080da8                _isatty
 .text._lseek   0x00080dac        0x4 src/ASF/sam/utils/syscalls/gcc/syscalls.o
                0x00080dac                _lseek
 .text.main     0x00080db0       0x4c src/main.o
                0x00080db0                main
 .text.__libc_init_array
                0x00080dfc       0x50 c:/program files (x86)/atmel/atmel toolchain/arm gcc/native/4.8.1443/arm-gnu-toolchain/bin/../lib/gcc/arm-none-eabi/4.8.4/../../../../arm-none-eabi/lib/armv7-m\libc.a(lib_a-init.o)
                0x00080dfc                __libc_init_array
 .text.iprintf  0x00080e4c       0x28 c:/program files (x86)/atmel/atmel toolchain/arm gcc/native/4.8.1443/arm-gnu-toolchain/bin/../lib/gcc/arm-none-eabi/4.8.4/../../../../arm-none-eabi/lib/armv7-m\libc.a(lib_a-iprintf.o)
                0x00080e4c                iprintf
 .text.memset   0x00080e74       0x94 c:/program files (x86)/atmel/atmel toolchain/arm gcc/native/4.8.1443/arm-gnu-toolchain/bin/../lib/gcc/arm-none-eabi/4.8.4/../../../../arm-none-eabi/lib/armv7-m\libc.a(lib_a-memset.o)
                0x00080e74                memset
 .text.setbuf   0x00080f08       0x10 c:/program files (x86)/atmel/atmel toolchain/arm gcc/native/4.8.1443/arm-gnu-toolchain/bin/../lib/gcc/arm-none-eabi/4.8.4/../../../../arm-none-eabi/lib/armv7-m\libc.a(lib_a-setbuf.o)
                0x00080f08                setbuf
 .text.setvbuf  0x00080f18      0x100 c:/program files (x86)/atmel/atmel toolchain/arm gcc/native/4.8.1443/arm-gnu-toolchain/bin/../lib/gcc/arm-none-eabi/4.8.4/../../../../arm-none-eabi/lib/armv7-m\libc.a(lib_a-setvbuf.o)
                0x00080f18                setvbuf
 .text.__sprint_r.part.0
                0x00081018       0x78 c:/program files (x86)/atmel/atmel toolchain/arm gcc/native/4.8.1443/arm-gnu-toolchain/bin/../lib/gcc/arm-none-eabi/4.8.4/../../../../arm-none-eabi/lib/armv7-m\libc.a(lib_a-vfiprintf.o)
 .text._vfiprintf_r
                0x00081090      0xc54 c:/program files (x86)/atmel/atmel toolchain/arm gcc/native/4.8.1443/arm-gnu-toolchain/bin/../lib/gcc/arm-none-eabi/4.8.4/../../../../arm-none-eabi/lib/armv7-m\libc.a(lib_a-vfiprintf.o)
                0x00081090                _vfiprintf_r
 .text.__sbprintf
                0x00081ce4       0x7c c:/program files (x86)/atmel/atmel toolchain/arm gcc/native/4.8.1443/arm-gnu-toolchain/bin/../lib/gcc/arm-none-eabi/4.8.4/../../../../arm-none-eabi/lib/armv7-m\libc.a(lib_a-vfiprintf.o)
 .text.__swsetup_r
                0x00081d60       0xc4 c:/program files (x86)/atmel/atmel toolchain/arm gcc/native/4.8.1443/arm-gnu-toolchain/bin/../lib/gcc/arm-none-eabi/4.8.4/../../../../arm-none-eabi/lib/armv7-m\libc.a(lib_a-wsetup.o)
                0x00081d60                __swsetup_r
 .text.startup.register_fini
                0x00081e24       0x14 c:/program files (x86)/atmel/atmel toolchain/arm gcc/native/4.8.1443/arm-gnu-toolchain/bin/../lib/gcc/arm-none-eabi/4.8.4/../../../../arm-none-eabi/lib/armv7-m\libc.a(lib_a-__call_atexit.o)
 .text.atexit   0x00081e38        0xc c:/program files (x86)/atmel/atmel toolchain/arm gcc/native/4.8.1443/arm-gnu-toolchain/bin/../lib/gcc/arm-none-eabi/4.8.4/../../../../arm-none-eabi/lib/armv7-m\libc.a(lib_a-atexit.o)
                0x00081e38                atexit
 .text.__sflush_r
                0x00081e44      0x148 c:/program files (x86)/atmel/atmel toolchain/arm gcc/native/4.8.1443/arm-gnu-toolchain/bin/../lib/gcc/arm-none-eabi/4.8.4/../../../../arm-none-eabi/lib/armv7-m\libc.a(lib_a-fflush.o)
                0x00081e44                __sflush_r
 .text._fflush_r
                0x00081f8c       0x2c c:/program files (x86)/atmel/atmel toolchain/arm gcc/native/4.8.1443/arm-gnu-toolchain/bin/../lib/gcc/arm-none-eabi/4.8.4/../../../../arm-none-eabi/lib/armv7-m\libc.a(lib_a-fflush.o)
                0x00081f8c                _fflush_r
 .text._cleanup_r
                0x00081fb8        0xc c:/program files (x86)/atmel/atmel toolchain/arm gcc/native/4.8.1443/arm-gnu-toolchain/bin/../lib/gcc/arm-none-eabi/4.8.4/../../../../arm-none-eabi/lib/armv7-m\libc.a(lib_a-findfp.o)
                0x00081fb8                _cleanup_r
 .text.__sinit  0x00081fc4       0xf4 c:/program files (x86)/atmel/atmel toolchain/arm gcc/native/4.8.1443/arm-gnu-toolchain/bin/../lib/gcc/arm-none-eabi/4.8.4/../../../../arm-none-eabi/lib/armv7-m\libc.a(lib_a-findfp.o)
                0x00081fc4                __sinit
 .text.__sfp_lock_acquire
                0x000820b8        0x4 c:/program files (x86)/atmel/atmel toolchain/arm gcc/native/4.8.1443/arm-gnu-toolchain/bin/../lib/gcc/arm-none-eabi/4.8.4/../../../../arm-none-eabi/lib/armv7-m\libc.a(lib_a-findfp.o)
                0x000820b8                __sfp_lock_acquire
 .text.__sfp_lock_release
                0x000820bc        0x4 c:/program files (x86)/atmel/atmel toolchain/arm gcc/native/4.8.1443/arm-gnu-toolchain/bin/../lib/gcc/arm-none-eabi/4.8.4/../../../../arm-none-eabi/lib/armv7-m\libc.a(lib_a-findfp.o)
                0x000820bc                __sfp_lock_release
 .text.__libc_fini_array
                0x000820c0       0x30 c:/program files (x86)/atmel/atmel toolchain/arm gcc/native/4.8.1443/arm-gnu-toolchain/bin/../lib/gcc/arm-none-eabi/4.8.4/../../../../arm-none-eabi/lib/armv7-m\libc.a(lib_a-fini.o)
                0x000820c0                __libc_fini_array
 .text._fputwc_r
                0x000820f0       0xc0 c:/program files (x86)/atmel/atmel toolchain/arm gcc/native/4.8.1443/arm-gnu-toolchain/bin/../lib/gcc/arm-none-eabi/4.8.4/../../../../arm-none-eabi/lib/armv7-m\libc.a(lib_a-fputwc.o)
                0x000820f0                _fputwc_r
 .text._malloc_trim_r
                0x000821b0       0x9c c:/program files (x86)/atmel/atmel toolchain/arm gcc/native/4.8.1443/arm-gnu-toolchain/bin/../lib/gcc/arm-none-eabi/4.8.4/../../../../arm-none-eabi/lib/armv7-m\libc.a(lib_a-freer.o)
                0x000821b0                _malloc_trim_r
 .text._free_r  0x0008224c      0x198 c:/program files (x86)/atmel/atmel toolchain/arm gcc/native/4.8.1443/arm-gnu-toolchain/bin/../lib/gcc/arm-none-eabi/4.8.4/../../../../arm-none-eabi/lib/armv7-m\libc.a(lib_a-freer.o)
                0x0008224c                _free_r
 .text.__sfvwrite_r
                0x000823e4      0x318 c:/program files (x86)/atmel/atmel toolchain/arm gcc/native/4.8.1443/arm-gnu-toolchain/bin/../lib/gcc/arm-none-eabi/4.8.4/../../../../arm-none-eabi/lib/armv7-m\libc.a(lib_a-fvwrite.o)
                0x000823e4                __sfvwrite_r
 .text._fwalk   0x000826fc       0x48 c:/program files (x86)/atmel/atmel toolchain/arm gcc/native/4.8.1443/arm-gnu-toolchain/bin/../lib/gcc/arm-none-eabi/4.8.4/../../../../arm-none-eabi/lib/armv7-m\libc.a(lib_a-fwalk.o)
                0x000826fc                _fwalk
 .text.__locale_charset
                0x00082744        0x8 c:/program files (x86)/atmel/atmel toolchain/arm gcc/native/4.8.1443/arm-gnu-toolchain/bin/../lib/gcc/arm-none-eabi/4.8.4/../../../../arm-none-eabi/lib/armv7-m\libc.a(lib_a-locale.o)
                0x00082744                __locale_charset
 .text.__locale_mb_cur_max
                0x0008274c        0xc c:/program files (x86)/atmel/atmel toolchain/arm gcc/native/4.8.1443/arm-gnu-toolchain/bin/../lib/gcc/arm-none-eabi/4.8.4/../../../../arm-none-eabi/lib/armv7-m\libc.a(lib_a-locale.o)
                0x0008274c                __locale_mb_cur_max
 .text.__smakebuf_r
                0x00082758       0xe0 c:/program files (x86)/atmel/atmel toolchain/arm gcc/native/4.8.1443/arm-gnu-toolchain/bin/../lib/gcc/arm-none-eabi/4.8.4/../../../../arm-none-eabi/lib/armv7-m\libc.a(lib_a-makebuf.o)
                0x00082758                __smakebuf_r
 .text.malloc   0x00082838       0x10 c:/program files (x86)/atmel/atmel toolchain/arm gcc/native/4.8.1443/arm-gnu-toolchain/bin/../lib/gcc/arm-none-eabi/4.8.4/../../../../arm-none-eabi/lib/armv7-m\libc.a(lib_a-malloc.o)
                0x00082838                malloc
 .text._malloc_r
                0x00082848      0x538 c:/program files (x86)/atmel/atmel toolchain/arm gcc/native/4.8.1443/arm-gnu-toolchain/bin/../lib/gcc/arm-none-eabi/4.8.4/../../../../arm-none-eabi/lib/armv7-m\libc.a(lib_a-mallocr.o)
                0x00082848                _malloc_r
 .text.memchr   0x00082d80       0x94 c:/program files (x86)/atmel/atmel toolchain/arm gcc/native/4.8.1443/arm-gnu-toolchain/bin/../lib/gcc/arm-none-eabi/4.8.4/../../../../arm-none-eabi/lib/armv7-m\libc.a(lib_a-memchr-stub.o)
                0x00082d80                memchr
 .text          0x00082e14       0xec c:/program files (x86)/atmel/atmel toolchain/arm gcc/native/4.8.1443/arm-gnu-toolchain/bin/../lib/gcc/arm-none-eabi/4.8.4/../../../../arm-none-eabi/lib/armv7-m\libc.a(lib_a-memcpy.o)
                0x00082e14                memcpy
 .text.memmove  0x00082f00       0xcc c:/program files (x86)/atmel/atmel toolchain/arm gcc/native/4.8.1443/arm-gnu-toolchain/bin/../lib/gcc/arm-none-eabi/4.8.4/../../../../arm-none-eabi/lib/armv7-m\libc.a(lib_a-memmove.o)
                0x00082f00                memmove
 .text.__malloc_lock
                0x00082fcc        0x4 c:/program files (x86)/atmel/atmel toolchain/arm gcc/native/4.8.1443/arm-gnu-toolchain/bin/../lib/gcc/arm-none-eabi/4.8.4/../../../../arm-none-eabi/lib/armv7-m\libc.a(lib_a-mlock.o)
                0x00082fcc                __malloc_lock
 .text.__malloc_unlock
                0x00082fd0        0x4 c:/program files (x86)/atmel/atmel toolchain/arm gcc/native/4.8.1443/arm-gnu-toolchain/bin/../lib/gcc/arm-none-eabi/4.8.4/../../../../arm-none-eabi/lib/armv7-m\libc.a(lib_a-mlock.o)
                0x00082fd0                __malloc_unlock
 .text._realloc_r
                0x00082fd4      0x3c0 c:/program files (x86)/atmel/atmel toolchain/arm gcc/native/4.8.1443/arm-gnu-toolchain/bin/../lib/gcc/arm-none-eabi/4.8.4/../../../../arm-none-eabi/lib/armv7-m\libc.a(lib_a-reallocr.o)
                0x00082fd4                _realloc_r
 .text._sbrk_r  0x00083394       0x24 c:/program files (x86)/atmel/atmel toolchain/arm gcc/native/4.8.1443/arm-gnu-toolchain/bin/../lib/gcc/arm-none-eabi/4.8.4/../../../../arm-none-eabi/lib/armv7-m\libc.a(lib_a-sbrkr.o)
                0x00083394                _sbrk_r
 .text.__sread  0x000833b8       0x24 c:/program files (x86)/atmel/atmel toolchain/arm gcc/native/4.8.1443/arm-gnu-toolchain/bin/../lib/gcc/arm-none-eabi/4.8.4/../../../../arm-none-eabi/lib/armv7-m\libc.a(lib_a-stdio.o)
                0x000833b8                __sread
 .text.__swrite
                0x000833dc       0x38 c:/program files (x86)/atmel/atmel toolchain/arm gcc/native/4.8.1443/arm-gnu-toolchain/bin/../lib/gcc/arm-none-eabi/4.8.4/../../../../arm-none-eabi/lib/armv7-m\libc.a(lib_a-stdio.o)
                0x000833dc                __swrite
 .text.__sseek  0x00083414       0x20 c:/program files (x86)/atmel/atmel toolchain/arm gcc/native/4.8.1443/arm-gnu-toolchain/bin/../lib/gcc/arm-none-eabi/4.8.4/../../../../arm-none-eabi/lib/armv7-m\libc.a(lib_a-stdio.o)
                0x00083414                __sseek
 .text.__sclose
                0x00083434        0x8 c:/program files (x86)/atmel/atmel toolchain/arm gcc/native/4.8.1443/arm-gnu-toolchain/bin/../lib/gcc/arm-none-eabi/4.8.4/../../../../arm-none-eabi/lib/armv7-m\libc.a(lib_a-stdio.o)
                0x00083434                __sclose
 .text.strlen   0x0008343c       0x60 c:/program files (x86)/atmel/atmel toolchain/arm gcc/native/4.8.1443/arm-gnu-toolchain/bin/../lib/gcc/arm-none-eabi/4.8.4/../../../../arm-none-eabi/lib/armv7-m\libc.a(lib_a-strlen.o)
                0x0008343c                strlen
 .text.__swbuf_r
                0x0008349c       0xa8 c:/program files (x86)/atmel/atmel toolchain/arm gcc/native/4.8.1443/arm-gnu-toolchain/bin/../lib/gcc/arm-none-eabi/4.8.4/../../../../arm-none-eabi/lib/armv7-m\libc.a(lib_a-wbuf.o)
                0x0008349c                __swbuf_r
 .text._wcrtomb_r
                0x00083544       0x50 c:/program files (x86)/atmel/atmel toolchain/arm gcc/native/4.8.1443/arm-gnu-toolchain/bin/../lib/gcc/arm-none-eabi/4.8.4/../../../../arm-none-eabi/lib/armv7-m\libc.a(lib_a-wcrtomb.o)
                0x00083544                _wcrtomb_r
 .text.__ascii_wctomb
                0x00083594       0x1c c:/program files (x86)/atmel/atmel toolchain/arm gcc/native/4.8.1443/arm-gnu-toolchain/bin/../lib/gcc/arm-none-eabi/4.8.4/../../../../arm-none-eabi/lib/armv7-m\libc.a(lib_a-wctomb_r.o)
                0x00083594                __ascii_wctomb
 .text._write_r
                0x000835b0       0x28 c:/program files (x86)/atmel/atmel toolchain/arm gcc/native/4.8.1443/arm-gnu-toolchain/bin/../lib/gcc/arm-none-eabi/4.8.4/../../../../arm-none-eabi/lib/armv7-m\libc.a(lib_a-writer.o)
                0x000835b0                _write_r
 .text.__register_exitproc
                0x000835d8       0xa8 c:/program files (x86)/atmel/atmel toolchain/arm gcc/native/4.8.1443/arm-gnu-toolchain/bin/../lib/gcc/arm-none-eabi/4.8.4/../../../../arm-none-eabi/lib/armv7-m\libc.a(lib_a-__atexit.o)
                0x000835d8                __register_exitproc
 .text._close_r
                0x00083680       0x24 c:/program files (x86)/atmel/atmel toolchain/arm gcc/native/4.8.1443/arm-gnu-toolchain/bin/../lib/gcc/arm-none-eabi/4.8.4/../../../../arm-none-eabi/lib/armv7-m\libc.a(lib_a-closer.o)
                0x00083680                _close_r
 .text._fclose_r
                0x000836a4       0x80 c:/program files (x86)/atmel/atmel toolchain/arm gcc/native/4.8.1443/arm-gnu-toolchain/bin/../lib/gcc/arm-none-eabi/4.8.4/../../../../arm-none-eabi/lib/armv7-m\libc.a(lib_a-fclose.o)
                0x000836a4                _fclose_r
 .text.fclose   0x00083724       0x10 c:/program files (x86)/atmel/atmel toolchain/arm gcc/native/4.8.1443/arm-gnu-toolchain/bin/../lib/gcc/arm-none-eabi/4.8.4/../../../../arm-none-eabi/lib/armv7-m\libc.a(lib_a-fclose.o)
                0x00083724                fclose
 .text._fstat_r
                0x00083734       0x28 c:/program files (x86)/atmel/atmel toolchain/arm gcc/native/4.8.1443/arm-gnu-toolchain/bin/../lib/gcc/arm-none-eabi/4.8.4/../../../../arm-none-eabi/lib/armv7-m\libc.a(lib_a-fstatr.o)
                0x00083734                _fstat_r
 .text._isatty_r
                0x0008375c       0x24 c:/program files (x86)/atmel/atmel toolchain/arm gcc/native/4.8.1443/arm-gnu-toolchain/bin/../lib/gcc/arm-none-eabi/4.8.4/../../../../arm-none-eabi/lib/armv7-m\libc.a(lib_a-isattyr.o)
                0x0008375c                _isatty_r
 .text._lseek_r
                0x00083780       0x28 c:/program files (x86)/atmel/atmel toolchain/arm gcc/native/4.8.1443/arm-gnu-toolchain/bin/../lib/gcc/arm-none-eabi/4.8.4/../../../../arm-none-eabi/lib/armv7-m\libc.a(lib_a-lseekr.o)
                0x00083780                _lseek_r
 .text._read_r  0x000837a8       0x28 c:/program files (x86)/atmel/atmel toolchain/arm gcc/native/4.8.1443/arm-gnu-toolchain/bin/../lib/gcc/arm-none-eabi/4.8.4/../../../../arm-none-eabi/lib/armv7-m\libc.a(lib_a-readr.o)
                0x000837a8                _read_r
 .text          0x000837d0       0x2c c:/program files (x86)/atmel/atmel toolchain/arm gcc/native/4.8.1443/arm-gnu-toolchain/bin/../lib/gcc/arm-none-eabi/4.8.4/armv7-m\libgcc.a(_aeabi_uldivmod.o)
                0x000837d0                __aeabi_uldivmod
 .text          0x000837fc       0x60 c:/program files (x86)/atmel/atmel toolchain/arm gcc/native/4.8.1443/arm-gnu-toolchain/bin/../lib/gcc/arm-none-eabi/4.8.4/armv7-m\libgcc.a(bpabi.o)
                0x000837fc                __gnu_ldivmod_helper
                0x0008382c                __gnu_uldivmod_helper
 .text          0x0008385c        0x4 c:/program files (x86)/atmel/atmel toolchain/arm gcc/native/4.8.1443/arm-gnu-toolchain/bin/../lib/gcc/arm-none-eabi/4.8.4/armv7-m\libgcc.a(_dvmd_tls.o)
                0x0008385c                __aeabi_idiv0
                0x0008385c                __aeabi_ldiv0
 .text          0x00083860      0x2a0 c:/program files (x86)/atmel/atmel toolchain/arm gcc/native/4.8.1443/arm-gnu-toolchain/bin/../lib/gcc/arm-none-eabi/4.8.4/armv7-m\libgcc.a(_divdi3.o)
                0x00083860                __divdi3
 .text          0x00083b00      0x290 c:/program files (x86)/atmel/atmel toolchain/arm gcc/native/4.8.1443/arm-gnu-toolchain/bin/../lib/gcc/arm-none-eabi/4.8.4/armv7-m\libgcc.a(_udivdi3.o)
                0x00083b00                __udivdi3
 *(.glue_7t)
 .glue_7t       0x00000000        0x0 linker stubs
 *(.glue_7)
 .glue_7        0x00000000        0x0 linker stubs
 *(.rodata .rodata* .gnu.linkonce.r.*)
 .rodata.str1.4
                0x00083d90       0x1f src/console/ConsoleFunctions.o
                                 0x20 (size before relaxing)
 *fill*         0x00083daf        0x1 
 .rodata.str1.4
                0x00083db0       0x43 src/RaspDue.o
                                 0x44 (size before relaxing)
 *fill*         0x00083df3        0x1 
 .rodata.str1.4
                0x00083df4        0x2 c:/program files (x86)/atmel/atmel toolchain/arm gcc/native/4.8.1443/arm-gnu-toolchain/bin/../lib/gcc/arm-none-eabi/4.8.4/../../../../arm-none-eabi/lib/armv7-m\libc.a(lib_a-impure.o)
                                  0x4 (size before relaxing)
 *fill*         0x00083df6        0x2 
 .rodata._global_impure_ptr
                0x00083df8        0x4 c:/program files (x86)/atmel/atmel toolchain/arm gcc/native/4.8.1443/arm-gnu-toolchain/bin/../lib/gcc/arm-none-eabi/4.8.4/../../../../arm-none-eabi/lib/armv7-m\libc.a(lib_a-impure.o)
                0x00083df8                _global_impure_ptr
 .rodata.str1.4
                0x00083dfc       0x30 c:/program files (x86)/atmel/atmel toolchain/arm gcc/native/4.8.1443/arm-gnu-toolchain/bin/../lib/gcc/arm-none-eabi/4.8.4/../../../../arm-none-eabi/lib/armv7-m\libc.a(lib_a-vfiprintf.o)
 .rodata.zeroes.6721
                0x00083e2c       0x10 c:/program files (x86)/atmel/atmel toolchain/arm gcc/native/4.8.1443/arm-gnu-toolchain/bin/../lib/gcc/arm-none-eabi/4.8.4/../../../../arm-none-eabi/lib/armv7-m\libc.a(lib_a-vfiprintf.o)
 .rodata.blanks.6720
                0x00083e3c       0x10 c:/program files (x86)/atmel/atmel toolchain/arm gcc/native/4.8.1443/arm-gnu-toolchain/bin/../lib/gcc/arm-none-eabi/4.8.4/../../../../arm-none-eabi/lib/armv7-m\libc.a(lib_a-vfiprintf.o)
 *(.ARM.extab* .gnu.linkonce.armextab.*)
                0x00083e4c                . = ALIGN (0x4)
 *(.init)
 .init          0x00083e4c        0x4 c:/program files (x86)/atmel/atmel toolchain/arm gcc/native/4.8.1443/arm-gnu-toolchain/bin/../lib/gcc/arm-none-eabi/4.8.4/armv7-m/crti.o
                0x00083e4c                _init
 .init          0x00083e50        0x8 c:/program files (x86)/atmel/atmel toolchain/arm gcc/native/4.8.1443/arm-gnu-toolchain/bin/../lib/gcc/arm-none-eabi/4.8.4/armv7-m/crtn.o
                0x00083e58                . = ALIGN (0x4)
                0x00083e58                __preinit_array_start = .
 *(.preinit_array)
                0x00083e58                __preinit_array_end = .
                0x00083e58                . = ALIGN (0x4)
                0x00083e58                __init_array_start = .
 *(SORT(.init_array.*))
 .init_array.00000
                0x00083e58        0x4 c:/program files (x86)/atmel/atmel toolchain/arm gcc/native/4.8.1443/arm-gnu-toolchain/bin/../lib/gcc/arm-none-eabi/4.8.4/../../../../arm-none-eabi/lib/armv7-m\libc.a(lib_a-__call_atexit.o)
 *(.init_array)
 .init_array    0x00083e5c        0x4 c:/program files (x86)/atmel/atmel toolchain/arm gcc/native/4.8.1443/arm-gnu-toolchain/bin/../lib/gcc/arm-none-eabi/4.8.4/armv7-m/crtbegin.o
                0x00083e60                __init_array_end = .
                0x00083e60                . = ALIGN (0x4)
 *crtbegin.o(.ctors)
 *(EXCLUDE_FILE(*crtend.o) .ctors)
 *(SORT(.ctors.*))
 *crtend.o(.ctors)
                0x00083e60                . = ALIGN (0x4)
 *(.fini)
 .fini          0x00083e60        0x4 c:/program files (x86)/atmel/atmel toolchain/arm gcc/native/4.8.1443/arm-gnu-toolchain/bin/../lib/gcc/arm-none-eabi/4.8.4/armv7-m/crti.o
                0x00083e60                _fini
 .fini          0x00083e64        0x8 c:/program files (x86)/atmel/atmel toolchain/arm gcc/native/4.8.1443/arm-gnu-toolchain/bin/../lib/gcc/arm-none-eabi/4.8.4/armv7-m/crtn.o
                0x00083e6c                . = ALIGN (0x4)
                0x00083e6c                __fini_array_start = .
 *(.fini_array)
 .fini_array    0x00083e6c        0x4 c:/program files (x86)/atmel/atmel toolchain/arm gcc/native/4.8.1443/arm-gnu-toolchain/bin/../lib/gcc/arm-none-eabi/4.8.4/armv7-m/crtbegin.o
 *(SORT(.fini_array.*))
                0x00083e70                __fini_array_end = .
 *crtbegin.o(.dtors)
 *(EXCLUDE_FILE(*crtend.o) .dtors)
 *(SORT(.dtors.*))
 *crtend.o(.dtors)
                0x00083e70                . = ALIGN (0x4)
                0x00083e70                _efixed = .
                0x00083e70                PROVIDE (__exidx_start, .)

.vfp11_veneer   0x00083e70        0x0
 .vfp11_veneer  0x00000000        0x0 linker stubs

.v4_bx          0x00083e70        0x0
 .v4_bx         0x00000000        0x0 linker stubs

.iplt           0x00083e70        0x0
 .iplt          0x00000000        0x0 c:/program files (x86)/atmel/atmel toolchain/arm gcc/native/4.8.1443/arm-gnu-toolchain/bin/../lib/gcc/arm-none-eabi/4.8.4/armv7-m/crtbegin.o

.ARM.exidx      0x00083e70        0x8
 *(.ARM.exidx* .gnu.linkonce.armexidx.*)
 .ARM.exidx     0x00083e70        0x8 c:/program files (x86)/atmel/atmel toolchain/arm gcc/native/4.8.1443/arm-gnu-toolchain/bin/../lib/gcc/arm-none-eabi/4.8.4/armv7-m\libgcc.a(_divdi3.o)
 .ARM.exidx     0x00083e78        0x0 c:/program files (x86)/atmel/atmel toolchain/arm gcc/native/4.8.1443/arm-gnu-toolchain/bin/../lib/gcc/arm-none-eabi/4.8.4/armv7-m\libgcc.a(_udivdi3.o)
                                  0x8 (size before relaxing)
                0x00083e78                PROVIDE (__exidx_end, .)

.eh_frame       0x00083e78        0x0
 .eh_frame      0x00083e78        0x0 c:/program files (x86)/atmel/atmel toolchain/arm gcc/native/4.8.1443/arm-gnu-toolchain/bin/../lib/gcc/arm-none-eabi/4.8.4/armv7-m/crtbegin.o

.rel.dyn        0x00083e78        0x0
 .rel.iplt      0x00000000        0x0 c:/program files (x86)/atmel/atmel toolchain/arm gcc/native/4.8.1443/arm-gnu-toolchain/bin/../lib/gcc/arm-none-eabi/4.8.4/armv7-m/crtbegin.o

.jcr            0x00083e78        0x0
 .jcr           0x00083e78        0x0 c:/program files (x86)/atmel/atmel toolchain/arm gcc/native/4.8.1443/arm-gnu-toolchain/bin/../lib/gcc/arm-none-eabi/4.8.4/armv7-m/crtbegin.o

.igot.plt       0x00083e78        0x0
 .igot.plt      0x00000000        0x0 c:/program files (x86)/atmel/atmel toolchain/arm gcc/native/4.8.1443/arm-gnu-toolchain/bin/../lib/gcc/arm-none-eabi/4.8.4/armv7-m/crtbegin.o
                0x00083e78                . = ALIGN (0x4)
                0x00083e78                _etext = .

.relocate       0x20070000      0x99c load address 0x00083e78
                0x20070000                . = ALIGN (0x4)
                0x20070000                _srelocate = .
 *(.ramfunc .ramfunc.*)
 .ramfunc       0x20070000      0x12c src/ASF/sam/utils/cmsis/sam3x/source/templates/system_sam3x.o
                0x20070000                SystemInit
                0x200700a4                system_init_flash
 *(.data .data.*)
 .data.g_interrupt_enabled
                0x2007012c        0x1 src/ASF/common/utils/interrupt/interrupt_sam_nvic.o
                0x2007012c                g_interrupt_enabled
 *fill*         0x2007012d        0x3 
 .data.SystemCoreClock
                0x20070130        0x4 src/ASF/sam/utils/cmsis/sam3x/source/templates/system_sam3x.o
                0x20070130                SystemCoreClock
 *fill*         0x20070134        0x4 
 .data.impure_data
                0x20070138      0x428 c:/program files (x86)/atmel/atmel toolchain/arm gcc/native/4.8.1443/arm-gnu-toolchain/bin/../lib/gcc/arm-none-eabi/4.8.4/../../../../arm-none-eabi/lib/armv7-m\libc.a(lib_a-impure.o)
 .data._impure_ptr
                0x20070560        0x4 c:/program files (x86)/atmel/atmel toolchain/arm gcc/native/4.8.1443/arm-gnu-toolchain/bin/../lib/gcc/arm-none-eabi/4.8.4/../../../../arm-none-eabi/lib/armv7-m\libc.a(lib_a-impure.o)
                0x20070560                _impure_ptr
 .data.lc_ctype_charset
                0x20070564       0x20 c:/program files (x86)/atmel/atmel toolchain/arm gcc/native/4.8.1443/arm-gnu-toolchain/bin/../lib/gcc/arm-none-eabi/4.8.4/../../../../arm-none-eabi/lib/armv7-m\libc.a(lib_a-locale.o)
 .data.__mb_cur_max
                0x20070584        0x4 c:/program files (x86)/atmel/atmel toolchain/arm gcc/native/4.8.1443/arm-gnu-toolchain/bin/../lib/gcc/arm-none-eabi/4.8.4/../../../../arm-none-eabi/lib/armv7-m\libc.a(lib_a-locale.o)
                0x20070584                __mb_cur_max
 .data.__malloc_av_
                0x20070588      0x408 c:/program files (x86)/atmel/atmel toolchain/arm gcc/native/4.8.1443/arm-gnu-toolchain/bin/../lib/gcc/arm-none-eabi/4.8.4/../../../../arm-none-eabi/lib/armv7-m\libc.a(lib_a-mallocr.o)
                0x20070588                __malloc_av_
 .data.__malloc_trim_threshold
                0x20070990        0x4 c:/program files (x86)/atmel/atmel toolchain/arm gcc/native/4.8.1443/arm-gnu-toolchain/bin/../lib/gcc/arm-none-eabi/4.8.4/../../../../arm-none-eabi/lib/armv7-m\libc.a(lib_a-mallocr.o)
                0x20070990                __malloc_trim_threshold
 .data.__malloc_sbrk_base
                0x20070994        0x4 c:/program files (x86)/atmel/atmel toolchain/arm gcc/native/4.8.1443/arm-gnu-toolchain/bin/../lib/gcc/arm-none-eabi/4.8.4/../../../../arm-none-eabi/lib/armv7-m\libc.a(lib_a-mallocr.o)
                0x20070994                __malloc_sbrk_base
 .data.__wctomb
                0x20070998        0x4 c:/program files (x86)/atmel/atmel toolchain/arm gcc/native/4.8.1443/arm-gnu-toolchain/bin/../lib/gcc/arm-none-eabi/4.8.4/../../../../arm-none-eabi/lib/armv7-m\libc.a(lib_a-wctomb_r.o)
                0x20070998                __wctomb
                0x2007099c                . = ALIGN (0x4)
                0x2007099c                _erelocate = .

.bss            0x2007099c      0x174 load address 0x00084814
                0x2007099c                . = ALIGN (0x4)
                0x2007099c                _sbss = .
                0x2007099c                _szero = .
 *(.bss .bss.*)
 .bss           0x2007099c       0x1c c:/program files (x86)/atmel/atmel toolchain/arm gcc/native/4.8.1443/arm-gnu-toolchain/bin/../lib/gcc/arm-none-eabi/4.8.4/armv7-m/crtbegin.o
 .bss.serial_rx_buf
                0x200709b8       0x9c src/ASF/thirdparty/wireless/addons/sio2host/uart/sio2host.o
 .bss.serial_rx_buf_tail
                0x20070a54        0x1 src/ASF/thirdparty/wireless/addons/sio2host/uart/sio2host.o
 .bss.serial_rx_count
                0x20070a55        0x1 src/ASF/thirdparty/wireless/addons/sio2host/uart/sio2host.o
 *fill*         0x20070a56        0x2 
 .bss.gs_interrupt_sources
                0x20070a58       0x70 src/ASF/sam/drivers/pio/pio_handler.o
 .bss.heap.5098
                0x20070ac8        0x4 src/ASF/sam/utils/syscalls/gcc/syscalls.o
 .bss.__malloc_max_total_mem
                0x20070acc        0x4 c:/program files (x86)/atmel/atmel toolchain/arm gcc/native/4.8.1443/arm-gnu-toolchain/bin/../lib/gcc/arm-none-eabi/4.8.4/../../../../arm-none-eabi/lib/armv7-m\libc.a(lib_a-mallocr.o)
                0x20070acc                __malloc_max_total_mem
 .bss.__malloc_max_sbrked_mem
                0x20070ad0        0x4 c:/program files (x86)/atmel/atmel toolchain/arm gcc/native/4.8.1443/arm-gnu-toolchain/bin/../lib/gcc/arm-none-eabi/4.8.4/../../../../arm-none-eabi/lib/armv7-m\libc.a(lib_a-mallocr.o)
                0x20070ad0                __malloc_max_sbrked_mem
 .bss.__malloc_top_pad
                0x20070ad4        0x4 c:/program files (x86)/atmel/atmel toolchain/arm gcc/native/4.8.1443/arm-gnu-toolchain/bin/../lib/gcc/arm-none-eabi/4.8.4/../../../../arm-none-eabi/lib/armv7-m\libc.a(lib_a-mallocr.o)
                0x20070ad4                __malloc_top_pad
 .bss.__malloc_current_mallinfo
                0x20070ad8       0x28 c:/program files (x86)/atmel/atmel toolchain/arm gcc/native/4.8.1443/arm-gnu-toolchain/bin/../lib/gcc/arm-none-eabi/4.8.4/../../../../arm-none-eabi/lib/armv7-m\libc.a(lib_a-mallocr.o)
                0x20070ad8                __malloc_current_mallinfo
 *(COMMON)
 COMMON         0x20070b00        0x4 src/ASF/common/utils/stdio/read.o
                0x20070b00                ptr_get
 COMMON         0x20070b04        0x8 src/ASF/common/utils/stdio/write.o
                0x20070b04                ptr_put
                0x20070b08                stdio_base
 COMMON         0x20070b0c        0x4 c:/program files (x86)/atmel/atmel toolchain/arm gcc/native/4.8.1443/arm-gnu-toolchain/bin/../lib/gcc/arm-none-eabi/4.8.4/../../../../arm-none-eabi/lib/armv7-m\libc.a(lib_a-reent.o)
                0x20070b0c                errno
                0x20070b10                . = ALIGN (0x4)
                0x20070b10                _ebss = .
                0x20070b10                _ezero = .

.stack          0x20070b10     0x2000 load address 0x00084988
                0x20070b10                . = ALIGN (0x8)
                0x20070b10                _sstack = .
                0x20072b10                . = (. + __stack_size__)
 *fill*         0x20070b10     0x2000 
                0x20072b10                . = ALIGN (0x8)
                0x20072b10                _estack = .
                0x20072b10                . = ALIGN (0x4)
                0x20072b10                _end = .
OUTPUT(test_RaspDue.elf elf32-littlearm)

.ARM.attributes
                0x00000000       0x29
 .ARM.attributes
                0x00000000       0x1d c:/program files (x86)/atmel/atmel toolchain/arm gcc/native/4.8.1443/arm-gnu-toolchain/bin/../lib/gcc/arm-none-eabi/4.8.4/armv7-m/crti.o
 .ARM.attributes
                0x0000001d       0x2d c:/program files (x86)/atmel/atmel toolchain/arm gcc/native/4.8.1443/arm-gnu-toolchain/bin/../lib/gcc/arm-none-eabi/4.8.4/armv7-m/crtbegin.o
 .ARM.attributes
                0x0000004a       0x33 src/ASF/common/utils/stdio/read.o
 .ARM.attributes
                0x0000007d       0x33 src/ASF/sam/drivers/usart/usart.o
 .ARM.attributes
                0x000000b0       0x33 src/ASF/thirdparty/wireless/addons/sio2host/uart/sio2host.o
 .ARM.attributes
                0x000000e3       0x33 src/console/ConsoleFunctions.o
 .ARM.attributes
                0x00000116       0x33 src/RaspDue.o
 .ARM.attributes
                0x00000149       0x33 src/ASF/common/utils/stdio/write.o
 .ARM.attributes
                0x0000017c       0x33 src/ASF/common/services/serial/usart_serial.o
 .ARM.attributes
                0x000001af       0x33 src/ASF/sam/drivers/uart/uart.o
 .ARM.attributes
                0x000001e2       0x33 src/ASF/common/services/clock/sam3x/sysclk.o
 .ARM.attributes
                0x00000215       0x33 src/ASF/common/utils/interrupt/interrupt_sam_nvic.o
 .ARM.attributes
                0x00000248       0x33 src/ASF/sam/boards/arduino_due_x/init.o
 .ARM.attributes
                0x0000027b       0x33 src/ASF/sam/drivers/pio/pio.o
 .ARM.attributes
                0x000002ae       0x33 src/ASF/sam/drivers/pio/pio_handler.o
 .ARM.attributes
                0x000002e1       0x33 src/ASF/sam/drivers/pmc/pmc.o
 .ARM.attributes
                0x00000314       0x33 src/ASF/sam/utils/cmsis/sam3x/source/templates/exceptions.o
 .ARM.attributes
                0x00000347       0x33 src/ASF/sam/utils/cmsis/sam3x/source/templates/gcc/startup_sam3x.o
 .ARM.attributes
                0x0000037a       0x33 src/ASF/sam/utils/cmsis/sam3x/source/templates/system_sam3x.o
 .ARM.attributes
                0x000003ad       0x33 src/ASF/sam/utils/syscalls/gcc/syscalls.o
 .ARM.attributes
                0x000003e0       0x33 src/main.o
 .ARM.attributes
                0x00000413       0x2d c:/program files (x86)/atmel/atmel toolchain/arm gcc/native/4.8.1443/arm-gnu-toolchain/bin/../lib/gcc/arm-none-eabi/4.8.4/../../../../arm-none-eabi/lib/armv7-m\libc.a(lib_a-impure.o)
 .ARM.attributes
                0x00000440       0x2d c:/program files (x86)/atmel/atmel toolchain/arm gcc/native/4.8.1443/arm-gnu-toolchain/bin/../lib/gcc/arm-none-eabi/4.8.4/../../../../arm-none-eabi/lib/armv7-m\libc.a(lib_a-init.o)
 .ARM.attributes
                0x0000046d       0x2d c:/program files (x86)/atmel/atmel toolchain/arm gcc/native/4.8.1443/arm-gnu-toolchain/bin/../lib/gcc/arm-none-eabi/4.8.4/../../../../arm-none-eabi/lib/armv7-m\libc.a(lib_a-iprintf.o)
 .ARM.attributes
                0x0000049a       0x2d c:/program files (x86)/atmel/atmel toolchain/arm gcc/native/4.8.1443/arm-gnu-toolchain/bin/../lib/gcc/arm-none-eabi/4.8.4/../../../../arm-none-eabi/lib/armv7-m\libc.a(lib_a-memset.o)
 .ARM.attributes
                0x000004c7       0x2d c:/program files (x86)/atmel/atmel toolchain/arm gcc/native/4.8.1443/arm-gnu-toolchain/bin/../lib/gcc/arm-none-eabi/4.8.4/../../../../arm-none-eabi/lib/armv7-m\libc.a(lib_a-setbuf.o)
 .ARM.attributes
                0x000004f4       0x2d c:/program files (x86)/atmel/atmel toolchain/arm gcc/native/4.8.1443/arm-gnu-toolchain/bin/../lib/gcc/arm-none-eabi/4.8.4/../../../../arm-none-eabi/lib/armv7-m\libc.a(lib_a-setvbuf.o)
 .ARM.attributes
                0x00000521       0x2d c:/program files (x86)/atmel/atmel toolchain/arm gcc/native/4.8.1443/arm-gnu-toolchain/bin/../lib/gcc/arm-none-eabi/4.8.4/../../../../arm-none-eabi/lib/armv7-m\libc.a(lib_a-vfiprintf.o)
 .ARM.attributes
                0x0000054e       0x2d c:/program files (x86)/atmel/atmel toolchain/arm gcc/native/4.8.1443/arm-gnu-toolchain/bin/../lib/gcc/arm-none-eabi/4.8.4/../../../../arm-none-eabi/lib/armv7-m\libc.a(lib_a-wsetup.o)
 .ARM.attributes
                0x0000057b       0x2d c:/program files (x86)/atmel/atmel toolchain/arm gcc/native/4.8.1443/arm-gnu-toolchain/bin/../lib/gcc/arm-none-eabi/4.8.4/../../../../arm-none-eabi/lib/armv7-m\libc.a(lib_a-__call_atexit.o)
 .ARM.attributes
                0x000005a8       0x2d c:/program files (x86)/atmel/atmel toolchain/arm gcc/native/4.8.1443/arm-gnu-toolchain/bin/../lib/gcc/arm-none-eabi/4.8.4/../../../../arm-none-eabi/lib/armv7-m\libc.a(lib_a-atexit.o)
 .ARM.attributes
                0x000005d5       0x2d c:/program files (x86)/atmel/atmel toolchain/arm gcc/native/4.8.1443/arm-gnu-toolchain/bin/../lib/gcc/arm-none-eabi/4.8.4/../../../../arm-none-eabi/lib/armv7-m\libc.a(lib_a-fflush.o)
 .ARM.attributes
                0x00000602       0x2d c:/program files (x86)/atmel/atmel toolchain/arm gcc/native/4.8.1443/arm-gnu-toolchain/bin/../lib/gcc/arm-none-eabi/4.8.4/../../../../arm-none-eabi/lib/armv7-m\libc.a(lib_a-findfp.o)
 .ARM.attributes
                0x0000062f       0x2d c:/program files (x86)/atmel/atmel toolchain/arm gcc/native/4.8.1443/arm-gnu-toolchain/bin/../lib/gcc/arm-none-eabi/4.8.4/../../../../arm-none-eabi/lib/armv7-m\libc.a(lib_a-fini.o)
 .ARM.attributes
                0x0000065c       0x2d c:/program files (x86)/atmel/atmel toolchain/arm gcc/native/4.8.1443/arm-gnu-toolchain/bin/../lib/gcc/arm-none-eabi/4.8.4/../../../../arm-none-eabi/lib/armv7-m\libc.a(lib_a-fputwc.o)
 .ARM.attributes
                0x00000689       0x2d c:/program files (x86)/atmel/atmel toolchain/arm gcc/native/4.8.1443/arm-gnu-toolchain/bin/../lib/gcc/arm-none-eabi/4.8.4/../../../../arm-none-eabi/lib/armv7-m\libc.a(lib_a-freer.o)
 .ARM.attributes
                0x000006b6       0x2d c:/program files (x86)/atmel/atmel toolchain/arm gcc/native/4.8.1443/arm-gnu-toolchain/bin/../lib/gcc/arm-none-eabi/4.8.4/../../../../arm-none-eabi/lib/armv7-m\libc.a(lib_a-fvwrite.o)
 .ARM.attributes
                0x000006e3       0x2d c:/program files (x86)/atmel/atmel toolchain/arm gcc/native/4.8.1443/arm-gnu-toolchain/bin/../lib/gcc/arm-none-eabi/4.8.4/../../../../arm-none-eabi/lib/armv7-m\libc.a(lib_a-fwalk.o)
 .ARM.attributes
                0x00000710       0x2d c:/program files (x86)/atmel/atmel toolchain/arm gcc/native/4.8.1443/arm-gnu-toolchain/bin/../lib/gcc/arm-none-eabi/4.8.4/../../../../arm-none-eabi/lib/armv7-m\libc.a(lib_a-locale.o)
 .ARM.attributes
                0x0000073d       0x2d c:/program files (x86)/atmel/atmel toolchain/arm gcc/native/4.8.1443/arm-gnu-toolchain/bin/../lib/gcc/arm-none-eabi/4.8.4/../../../../arm-none-eabi/lib/armv7-m\libc.a(lib_a-makebuf.o)
 .ARM.attributes
                0x0000076a       0x2d c:/program files (x86)/atmel/atmel toolchain/arm gcc/native/4.8.1443/arm-gnu-toolchain/bin/../lib/gcc/arm-none-eabi/4.8.4/../../../../arm-none-eabi/lib/armv7-m\libc.a(lib_a-malloc.o)
 .ARM.attributes
                0x00000797       0x2d c:/program files (x86)/atmel/atmel toolchain/arm gcc/native/4.8.1443/arm-gnu-toolchain/bin/../lib/gcc/arm-none-eabi/4.8.4/../../../../arm-none-eabi/lib/armv7-m\libc.a(lib_a-mallocr.o)
 .ARM.attributes
                0x000007c4       0x2d c:/program files (x86)/atmel/atmel toolchain/arm gcc/native/4.8.1443/arm-gnu-toolchain/bin/../lib/gcc/arm-none-eabi/4.8.4/../../../../arm-none-eabi/lib/armv7-m\libc.a(lib_a-memchr-stub.o)
 .ARM.attributes
                0x000007f1       0x1b c:/program files (x86)/atmel/atmel toolchain/arm gcc/native/4.8.1443/arm-gnu-toolchain/bin/../lib/gcc/arm-none-eabi/4.8.4/../../../../arm-none-eabi/lib/armv7-m\libc.a(lib_a-memcpy.o)
 .ARM.attributes
                0x0000080c       0x2d c:/program files (x86)/atmel/atmel toolchain/arm gcc/native/4.8.1443/arm-gnu-toolchain/bin/../lib/gcc/arm-none-eabi/4.8.4/../../../../arm-none-eabi/lib/armv7-m\libc.a(lib_a-memmove.o)
 .ARM.attributes
                0x00000839       0x2d c:/program files (x86)/atmel/atmel toolchain/arm gcc/native/4.8.1443/arm-gnu-toolchain/bin/../lib/gcc/arm-none-eabi/4.8.4/../../../../arm-none-eabi/lib/armv7-m\libc.a(lib_a-mlock.o)
 .ARM.attributes
                0x00000866       0x2d c:/program files (x86)/atmel/atmel toolchain/arm gcc/native/4.8.1443/arm-gnu-toolchain/bin/../lib/gcc/arm-none-eabi/4.8.4/../../../../arm-none-eabi/lib/armv7-m\libc.a(lib_a-reallocr.o)
 .ARM.attributes
                0x00000893       0x2d c:/program files (x86)/atmel/atmel toolchain/arm gcc/native/4.8.1443/arm-gnu-toolchain/bin/../lib/gcc/arm-none-eabi/4.8.4/../../../../arm-none-eabi/lib/armv7-m\libc.a(lib_a-sbrkr.o)
 .ARM.attributes
                0x000008c0       0x2d c:/program files (x86)/atmel/atmel toolchain/arm gcc/native/4.8.1443/arm-gnu-toolchain/bin/../lib/gcc/arm-none-eabi/4.8.4/../../../../arm-none-eabi/lib/armv7-m\libc.a(lib_a-stdio.o)
 .ARM.attributes
                0x000008ed       0x2d c:/program files (x86)/atmel/atmel toolchain/arm gcc/native/4.8.1443/arm-gnu-toolchain/bin/../lib/gcc/arm-none-eabi/4.8.4/../../../../arm-none-eabi/lib/armv7-m\libc.a(lib_a-strlen.o)
 .ARM.attributes
                0x0000091a       0x2d c:/program files (x86)/atmel/atmel toolchain/arm gcc/native/4.8.1443/arm-gnu-toolchain/bin/../lib/gcc/arm-none-eabi/4.8.4/../../../../arm-none-eabi/lib/armv7-m\libc.a(lib_a-wbuf.o)
 .ARM.attributes
                0x00000947       0x2d c:/program files (x86)/atmel/atmel toolchain/arm gcc/native/4.8.1443/arm-gnu-toolchain/bin/../lib/gcc/arm-none-eabi/4.8.4/../../../../arm-none-eabi/lib/armv7-m\libc.a(lib_a-wcrtomb.o)
 .ARM.attributes
                0x00000974       0x2d c:/program files (x86)/atmel/atmel toolchain/arm gcc/native/4.8.1443/arm-gnu-toolchain/bin/../lib/gcc/arm-none-eabi/4.8.4/../../../../arm-none-eabi/lib/armv7-m\libc.a(lib_a-wctomb_r.o)
 .ARM.attributes
                0x000009a1       0x2d c:/program files (x86)/atmel/atmel toolchain/arm gcc/native/4.8.1443/arm-gnu-toolchain/bin/../lib/gcc/arm-none-eabi/4.8.4/../../../../arm-none-eabi/lib/armv7-m\libc.a(lib_a-writer.o)
 .ARM.attributes
                0x000009ce       0x2d c:/program files (x86)/atmel/atmel toolchain/arm gcc/native/4.8.1443/arm-gnu-toolchain/bin/../lib/gcc/arm-none-eabi/4.8.4/../../../../arm-none-eabi/lib/armv7-m\libc.a(lib_a-__atexit.o)
 .ARM.attributes
                0x000009fb       0x2d c:/program files (x86)/atmel/atmel toolchain/arm gcc/native/4.8.1443/arm-gnu-toolchain/bin/../lib/gcc/arm-none-eabi/4.8.4/../../../../arm-none-eabi/lib/armv7-m\libc.a(lib_a-closer.o)
 .ARM.attributes
                0x00000a28       0x2d c:/program files (x86)/atmel/atmel toolchain/arm gcc/native/4.8.1443/arm-gnu-toolchain/bin/../lib/gcc/arm-none-eabi/4.8.4/../../../../arm-none-eabi/lib/armv7-m\libc.a(lib_a-fclose.o)
 .ARM.attributes
                0x00000a55       0x2d c:/program files (x86)/atmel/atmel toolchain/arm gcc/native/4.8.1443/arm-gnu-toolchain/bin/../lib/gcc/arm-none-eabi/4.8.4/../../../../arm-none-eabi/lib/armv7-m\libc.a(lib_a-fstatr.o)
 .ARM.attributes
                0x00000a82       0x2d c:/program files (x86)/atmel/atmel toolchain/arm gcc/native/4.8.1443/arm-gnu-toolchain/bin/../lib/gcc/arm-none-eabi/4.8.4/../../../../arm-none-eabi/lib/armv7-m\libc.a(lib_a-isattyr.o)
 .ARM.attributes
                0x00000aaf       0x2d c:/program files (x86)/atmel/atmel toolchain/arm gcc/native/4.8.1443/arm-gnu-toolchain/bin/../lib/gcc/arm-none-eabi/4.8.4/../../../../arm-none-eabi/lib/armv7-m\libc.a(lib_a-lseekr.o)
 .ARM.attributes
                0x00000adc       0x2d c:/program files (x86)/atmel/atmel toolchain/arm gcc/native/4.8.1443/arm-gnu-toolchain/bin/../lib/gcc/arm-none-eabi/4.8.4/../../../../arm-none-eabi/lib/armv7-m\libc.a(lib_a-readr.o)
 .ARM.attributes
                0x00000b09       0x2d c:/program files (x86)/atmel/atmel toolchain/arm gcc/native/4.8.1443/arm-gnu-toolchain/bin/../lib/gcc/arm-none-eabi/4.8.4/../../../../arm-none-eabi/lib/armv7-m\libc.a(lib_a-reent.o)
 .ARM.attributes
                0x00000b36       0x1d c:/program files (x86)/atmel/atmel toolchain/arm gcc/native/4.8.1443/arm-gnu-toolchain/bin/../lib/gcc/arm-none-eabi/4.8.4/armv7-m\libgcc.a(_aeabi_uldivmod.o)
 .ARM.attributes
                0x00000b53       0x2d c:/program files (x86)/atmel/atmel toolchain/arm gcc/native/4.8.1443/arm-gnu-toolchain/bin/../lib/gcc/arm-none-eabi/4.8.4/armv7-m\libgcc.a(bpabi.o)
 .ARM.attributes
                0x00000b80       0x1d c:/program files (x86)/atmel/atmel toolchain/arm gcc/native/4.8.1443/arm-gnu-toolchain/bin/../lib/gcc/arm-none-eabi/4.8.4/armv7-m\libgcc.a(_dvmd_tls.o)
 .ARM.attributes
                0x00000b9d       0x2d c:/program files (x86)/atmel/atmel toolchain/arm gcc/native/4.8.1443/arm-gnu-toolchain/bin/../lib/gcc/arm-none-eabi/4.8.4/armv7-m\libgcc.a(_divdi3.o)
 .ARM.attributes
                0x00000bca       0x2d c:/program files (x86)/atmel/atmel toolchain/arm gcc/native/4.8.1443/arm-gnu-toolchain/bin/../lib/gcc/arm-none-eabi/4.8.4/armv7-m\libgcc.a(_udivdi3.o)
 .ARM.attributes
                0x00000bf7       0x1d c:/program files (x86)/atmel/atmel toolchain/arm gcc/native/4.8.1443/arm-gnu-toolchain/bin/../lib/gcc/arm-none-eabi/4.8.4/armv7-m/crtn.o

.comment        0x00000000       0x5b
 .comment       0x00000000       0x5b src/ASF/common/utils/stdio/read.o
                                 0x5c (size before relaxing)
 .comment       0x00000000       0x5c src/ASF/sam/drivers/usart/usart.o
 .comment       0x00000000       0x5c src/ASF/thirdparty/wireless/addons/sio2host/uart/sio2host.o
 .comment       0x00000000       0x5c src/console/ConsoleFunctions.o
 .comment       0x00000000       0x5c src/RaspDue.o
 .comment       0x00000000       0x5c src/ASF/common/utils/stdio/write.o
 .comment       0x00000000       0x5c src/ASF/common/services/serial/usart_serial.o
 .comment       0x00000000       0x5c src/ASF/sam/drivers/uart/uart.o
 .comment       0x00000000       0x5c src/ASF/common/services/clock/sam3x/sysclk.o
 .comment       0x00000000       0x5c src/ASF/common/utils/interrupt/interrupt_sam_nvic.o
 .comment       0x00000000       0x5c src/ASF/sam/boards/arduino_due_x/init.o
 .comment       0x00000000       0x5c src/ASF/sam/drivers/pio/pio.o
 .comment       0x00000000       0x5c src/ASF/sam/drivers/pio/pio_handler.o
 .comment       0x00000000       0x5c src/ASF/sam/drivers/pmc/pmc.o
 .comment       0x00000000       0x5c src/ASF/sam/utils/cmsis/sam3x/source/templates/exceptions.o
 .comment       0x00000000       0x5c src/ASF/sam/utils/cmsis/sam3x/source/templates/gcc/startup_sam3x.o
 .comment       0x00000000       0x5c src/ASF/sam/utils/cmsis/sam3x/source/templates/system_sam3x.o
 .comment       0x00000000       0x5c src/ASF/sam/utils/syscalls/gcc/syscalls.o
 .comment       0x00000000       0x5c src/main.o

.debug_info     0x00000000     0xd108
 .debug_info    0x00000000      0x1bb src/ASF/common/utils/stdio/read.o
 .debug_info    0x000001bb     0x1bfa src/ASF/sam/drivers/usart/usart.o
 .debug_info    0x00001db5     0x187b src/ASF/thirdparty/wireless/addons/sio2host/uart/sio2host.o
 .debug_info    0x00003630     0x12c6 src/console/ConsoleFunctions.o
 .debug_info    0x000048f6     0x1981 src/RaspDue.o
 .debug_info    0x00006277      0x1c0 src/ASF/common/utils/stdio/write.o
 .debug_info    0x00006437      0x7c5 src/ASF/common/services/serial/usart_serial.o
 .debug_info    0x00006bfc      0x889 src/ASF/sam/drivers/uart/uart.o
 .debug_info    0x00007485      0x796 src/ASF/common/services/clock/sam3x/sysclk.o
 .debug_info    0x00007c1b      0x1e8 src/ASF/common/utils/interrupt/interrupt_sam_nvic.o
 .debug_info    0x00007e03      0x75a src/ASF/sam/boards/arduino_due_x/init.o
 .debug_info    0x0000855d     0x1385 src/ASF/sam/drivers/pio/pio.o
 .debug_info    0x000098e2      0xe52 src/ASF/sam/drivers/pio/pio_handler.o
 .debug_info    0x0000a734     0x1080 src/ASF/sam/drivers/pmc/pmc.o
 .debug_info    0x0000b7b4      0x124 src/ASF/sam/utils/cmsis/sam3x/source/templates/exceptions.o
 .debug_info    0x0000b8d8      0x3bd src/ASF/sam/utils/cmsis/sam3x/source/templates/gcc/startup_sam3x.o
 .debug_info    0x0000bc95      0x4c6 src/ASF/sam/utils/cmsis/sam3x/source/templates/system_sam3x.o
 .debug_info    0x0000c15b      0x43f src/ASF/sam/utils/syscalls/gcc/syscalls.o
 .debug_info    0x0000c59a      0xb6e src/main.o

.debug_abbrev   0x00000000     0x2457
 .debug_abbrev  0x00000000      0x101 src/ASF/common/utils/stdio/read.o
 .debug_abbrev  0x00000101      0x2dc src/ASF/sam/drivers/usart/usart.o
 .debug_abbrev  0x000003dd      0x3cb src/ASF/thirdparty/wireless/addons/sio2host/uart/sio2host.o
 .debug_abbrev  0x000007a8      0x330 src/console/ConsoleFunctions.o
 .debug_abbrev  0x00000ad8      0x2ea src/RaspDue.o
 .debug_abbrev  0x00000dc2       0xf5 src/ASF/common/utils/stdio/write.o
 .debug_abbrev  0x00000eb7      0x1a8 src/ASF/common/services/serial/usart_serial.o
 .debug_abbrev  0x0000105f      0x1bd src/ASF/sam/drivers/uart/uart.o
 .debug_abbrev  0x0000121c      0x227 src/ASF/common/services/clock/sam3x/sysclk.o
 .debug_abbrev  0x00001443       0xef src/ASF/common/utils/interrupt/interrupt_sam_nvic.o
 .debug_abbrev  0x00001532      0x16f src/ASF/sam/boards/arduino_due_x/init.o
 .debug_abbrev  0x000016a1      0x2d5 src/ASF/sam/drivers/pio/pio.o
 .debug_abbrev  0x00001976      0x257 src/ASF/sam/drivers/pio/pio_handler.o
 .debug_abbrev  0x00001bcd      0x268 src/ASF/sam/drivers/pmc/pmc.o
 .debug_abbrev  0x00001e35       0x8c src/ASF/sam/utils/cmsis/sam3x/source/templates/exceptions.o
 .debug_abbrev  0x00001ec1      0x118 src/ASF/sam/utils/cmsis/sam3x/source/templates/gcc/startup_sam3x.o
 .debug_abbrev  0x00001fd9      0x115 src/ASF/sam/utils/cmsis/sam3x/source/templates/system_sam3x.o
 .debug_abbrev  0x000020ee      0x14e src/ASF/sam/utils/syscalls/gcc/syscalls.o
 .debug_abbrev  0x0000223c      0x21b src/main.o

.debug_loc      0x00000000     0x42a4
 .debug_loc     0x00000000       0xc5 src/ASF/common/utils/stdio/read.o
 .debug_loc     0x000000c5     0x128d src/ASF/sam/drivers/usart/usart.o
 .debug_loc     0x00001352      0x4cd src/ASF/thirdparty/wireless/addons/sio2host/uart/sio2host.o
 .debug_loc     0x0000181f      0x28b src/console/ConsoleFunctions.o
 .debug_loc     0x00001aaa      0x209 src/RaspDue.o
 .debug_loc     0x00001cb3      0x161 src/ASF/common/utils/stdio/write.o
 .debug_loc     0x00001e14      0x2d1 src/ASF/common/services/serial/usart_serial.o
 .debug_loc     0x000020e5      0x236 src/ASF/sam/drivers/uart/uart.o
 .debug_loc     0x0000231b      0x12d src/ASF/common/services/clock/sam3x/sysclk.o
 .debug_loc     0x00002448       0x1e src/ASF/common/utils/interrupt/interrupt_sam_nvic.o
 .debug_loc     0x00002466       0x20 src/ASF/sam/boards/arduino_due_x/init.o
 .debug_loc     0x00002486      0xa83 src/ASF/sam/drivers/pio/pio.o
 .debug_loc     0x00002f09      0x53d src/ASF/sam/drivers/pio/pio_handler.o
 .debug_loc     0x00003446      0xc95 src/ASF/sam/drivers/pmc/pmc.o
 .debug_loc     0x000040db       0x7e src/ASF/sam/utils/cmsis/sam3x/source/templates/gcc/startup_sam3x.o
 .debug_loc     0x00004159      0x12b src/ASF/sam/utils/syscalls/gcc/syscalls.o
 .debug_loc     0x00004284       0x20 src/main.o

.debug_aranges  0x00000000      0x9d0
 .debug_aranges
                0x00000000       0x20 src/ASF/common/utils/stdio/read.o
 .debug_aranges
                0x00000020      0x2a8 src/ASF/sam/drivers/usart/usart.o
 .debug_aranges
                0x000002c8       0x60 src/ASF/thirdparty/wireless/addons/sio2host/uart/sio2host.o
 .debug_aranges
                0x00000328       0x30 src/console/ConsoleFunctions.o
 .debug_aranges
                0x00000358       0x30 src/RaspDue.o
 .debug_aranges
                0x00000388       0x20 src/ASF/common/utils/stdio/write.o
 .debug_aranges
                0x000003a8       0x28 src/ASF/common/services/serial/usart_serial.o
 .debug_aranges
                0x000003d0       0xe8 src/ASF/sam/drivers/uart/uart.o
 .debug_aranges
                0x000004b8       0x40 src/ASF/common/services/clock/sam3x/sysclk.o
 .debug_aranges
                0x000004f8       0x28 src/ASF/common/utils/interrupt/interrupt_sam_nvic.o
 .debug_aranges
                0x00000520       0x20 src/ASF/sam/boards/arduino_due_x/init.o
 .debug_aranges
                0x00000540      0x148 src/ASF/sam/drivers/pio/pio.o
 .debug_aranges
                0x00000688       0x58 src/ASF/sam/drivers/pio/pio_handler.o
 .debug_aranges
                0x000006e0      0x200 src/ASF/sam/drivers/pmc/pmc.o
 .debug_aranges
                0x000008e0       0x20 src/ASF/sam/utils/cmsis/sam3x/source/templates/exceptions.o
 .debug_aranges
                0x00000900       0x20 src/ASF/sam/utils/cmsis/sam3x/source/templates/gcc/startup_sam3x.o
 .debug_aranges
                0x00000920       0x30 src/ASF/sam/utils/cmsis/sam3x/source/templates/system_sam3x.o
 .debug_aranges
                0x00000950       0x60 src/ASF/sam/utils/syscalls/gcc/syscalls.o
 .debug_aranges
                0x000009b0       0x20 src/main.o

.debug_ranges   0x00000000      0x8e8
 .debug_ranges  0x00000000       0x10 src/ASF/common/utils/stdio/read.o
 .debug_ranges  0x00000010      0x298 src/ASF/sam/drivers/usart/usart.o
 .debug_ranges  0x000002a8       0x50 src/ASF/thirdparty/wireless/addons/sio2host/uart/sio2host.o
 .debug_ranges  0x000002f8       0x20 src/console/ConsoleFunctions.o
 .debug_ranges  0x00000318       0x50 src/RaspDue.o
 .debug_ranges  0x00000368       0x10 src/ASF/common/utils/stdio/write.o
 .debug_ranges  0x00000378       0x30 src/ASF/common/services/serial/usart_serial.o
 .debug_ranges  0x000003a8       0xd8 src/ASF/sam/drivers/uart/uart.o
 .debug_ranges  0x00000480       0x30 src/ASF/common/services/clock/sam3x/sysclk.o
 .debug_ranges  0x000004b0       0x18 src/ASF/common/utils/interrupt/interrupt_sam_nvic.o
 .debug_ranges  0x000004c8       0x10 src/ASF/sam/boards/arduino_due_x/init.o
 .debug_ranges  0x000004d8      0x138 src/ASF/sam/drivers/pio/pio.o
 .debug_ranges  0x00000610       0x48 src/ASF/sam/drivers/pio/pio_handler.o
 .debug_ranges  0x00000658      0x1f0 src/ASF/sam/drivers/pmc/pmc.o
 .debug_ranges  0x00000848       0x10 src/ASF/sam/utils/cmsis/sam3x/source/templates/exceptions.o
 .debug_ranges  0x00000858       0x10 src/ASF/sam/utils/cmsis/sam3x/source/templates/gcc/startup_sam3x.o
 .debug_ranges  0x00000868       0x20 src/ASF/sam/utils/cmsis/sam3x/source/templates/system_sam3x.o
 .debug_ranges  0x00000888       0x50 src/ASF/sam/utils/syscalls/gcc/syscalls.o
 .debug_ranges  0x000008d8       0x10 src/main.o

.debug_macro    0x00000000    0x18184
 .debug_macro   0x00000000      0x4a7 src/ASF/common/utils/stdio/read.o
 .debug_macro   0x000004a7      0x874 src/ASF/common/utils/stdio/read.o
 .debug_macro   0x00000d1b      0x166 src/ASF/common/utils/stdio/read.o
 .debug_macro   0x00000e81      0x4d1 src/ASF/common/utils/stdio/read.o
 .debug_macro   0x00001352       0x76 src/ASF/common/utils/stdio/read.o
 .debug_macro   0x000013c8       0x16 src/ASF/common/utils/stdio/read.o
 .debug_macro   0x000013de      0x6e4 src/ASF/common/utils/stdio/read.o
 .debug_macro   0x00001ac2       0x16 src/ASF/common/utils/stdio/read.o
 .debug_macro   0x00001ad8       0x44 src/ASF/common/utils/stdio/read.o
 .debug_macro   0x00001b1c      0x209 src/ASF/common/utils/stdio/read.o
 .debug_macro   0x00001d25       0x20 src/ASF/common/utils/stdio/read.o
 .debug_macro   0x00001d45       0x3a src/ASF/common/utils/stdio/read.o
 .debug_macro   0x00001d7f       0x18 src/ASF/common/utils/stdio/read.o
 .debug_macro   0x00001d97      0xb09 src/ASF/common/utils/stdio/read.o
 .debug_macro   0x000028a0      0xab6 src/ASF/common/utils/stdio/read.o
 .debug_macro   0x00003356      0x569 src/ASF/common/utils/stdio/read.o
 .debug_macro   0x000038bf      0x2b5 src/ASF/common/utils/stdio/read.o
 .debug_macro   0x00003b74      0x31a src/ASF/common/utils/stdio/read.o
 .debug_macro   0x00003e8e      0x74f src/ASF/common/utils/stdio/read.o
 .debug_macro   0x000045dd       0x82 src/ASF/common/utils/stdio/read.o
 .debug_macro   0x0000465f      0x57b src/ASF/common/utils/stdio/read.o
 .debug_macro   0x00004bda       0x1c src/ASF/common/utils/stdio/read.o
 .debug_macro   0x00004bf6      0x6b7 src/ASF/common/utils/stdio/read.o
 .debug_macro   0x000052ad      0x52d src/ASF/common/utils/stdio/read.o
 .debug_macro   0x000057da       0xbe src/ASF/common/utils/stdio/read.o
 .debug_macro   0x00005898     0x2342 src/ASF/common/utils/stdio/read.o
 .debug_macro   0x00007bda      0x85d src/ASF/common/utils/stdio/read.o
 .debug_macro   0x00008437      0xdc9 src/ASF/common/utils/stdio/read.o
 .debug_macro   0x00009200       0x7c src/ASF/common/utils/stdio/read.o
 .debug_macro   0x0000927c      0x263 src/ASF/common/utils/stdio/read.o
 .debug_macro   0x000094df       0x58 src/ASF/common/utils/stdio/read.o
 .debug_macro   0x00009537      0x9a7 src/ASF/common/utils/stdio/read.o
 .debug_macro   0x00009ede      0x248 src/ASF/common/utils/stdio/read.o
 .debug_macro   0x0000a126      0x4df src/ASF/common/utils/stdio/read.o
 .debug_macro   0x0000a605      0x6b3 src/ASF/common/utils/stdio/read.o
 .debug_macro   0x0000acb8      0x59f src/ASF/common/utils/stdio/read.o
 .debug_macro   0x0000b257       0x46 src/ASF/common/utils/stdio/read.o
 .debug_macro   0x0000b29d      0x34d src/ASF/common/utils/stdio/read.o
 .debug_macro   0x0000b5ea      0x28c src/ASF/common/utils/stdio/read.o
 .debug_macro   0x0000b876     0x14d7 src/ASF/common/utils/stdio/read.o
 .debug_macro   0x0000cd4d      0x7ba src/ASF/common/utils/stdio/read.o
 .debug_macro   0x0000d507       0x76 src/ASF/common/utils/stdio/read.o
 .debug_macro   0x0000d57d       0x82 src/ASF/common/utils/stdio/read.o
 .debug_macro   0x0000d5ff       0x76 src/ASF/common/utils/stdio/read.o
 .debug_macro   0x0000d675       0x4c src/ASF/common/utils/stdio/read.o
 .debug_macro   0x0000d6c1      0x105 src/ASF/common/utils/stdio/read.o
 .debug_macro   0x0000d7c6      0x105 src/ASF/common/utils/stdio/read.o
 .debug_macro   0x0000d8cb      0x105 src/ASF/common/utils/stdio/read.o
 .debug_macro   0x0000d9d0       0x88 src/ASF/common/utils/stdio/read.o
 .debug_macro   0x0000da58       0x88 src/ASF/common/utils/stdio/read.o
 .debug_macro   0x0000dae0      0x3b4 src/ASF/common/utils/stdio/read.o
 .debug_macro   0x0000de94       0xb8 src/ASF/common/utils/stdio/read.o
 .debug_macro   0x0000df4c       0xb8 src/ASF/common/utils/stdio/read.o
 .debug_macro   0x0000e004       0xb8 src/ASF/common/utils/stdio/read.o
 .debug_macro   0x0000e0bc       0xb8 src/ASF/common/utils/stdio/read.o
 .debug_macro   0x0000e174      0x2b8 src/ASF/common/utils/stdio/read.o
 .debug_macro   0x0000e42c      0x125 src/ASF/common/utils/stdio/read.o
 .debug_macro   0x0000e551      0x225 src/ASF/common/utils/stdio/read.o
 .debug_macro   0x0000e776      0x225 src/ASF/common/utils/stdio/read.o
 .debug_macro   0x0000e99b       0x2e src/ASF/common/utils/stdio/read.o
 .debug_macro   0x0000e9c9       0xac src/ASF/common/utils/stdio/read.o
 .debug_macro   0x0000ea75      0x14d src/ASF/common/utils/stdio/read.o
 .debug_macro   0x0000ebc2       0x7c src/ASF/common/utils/stdio/read.o
 .debug_macro   0x0000ec3e      0x205 src/ASF/common/utils/stdio/read.o
 .debug_macro   0x0000ee43       0x64 src/ASF/common/utils/stdio/read.o
 .debug_macro   0x0000eea7       0xa6 src/ASF/common/utils/stdio/read.o
 .debug_macro   0x0000ef4d       0x7c src/ASF/common/utils/stdio/read.o
 .debug_macro   0x0000efc9       0x16 src/ASF/common/utils/stdio/read.o
 .debug_macro   0x0000efdf       0x22 src/ASF/common/utils/stdio/read.o
 .debug_macro   0x0000f001       0x22 src/ASF/common/utils/stdio/read.o
 .debug_macro   0x0000f023      0x115 src/ASF/common/utils/stdio/read.o
 .debug_macro   0x0000f138      0x115 src/ASF/common/utils/stdio/read.o
 .debug_macro   0x0000f24d      0x115 src/ASF/common/utils/stdio/read.o
 .debug_macro   0x0000f362      0x115 src/ASF/common/utils/stdio/read.o
 .debug_macro   0x0000f477       0x1c src/ASF/common/utils/stdio/read.o
 .debug_macro   0x0000f493       0x2e src/ASF/common/utils/stdio/read.o
 .debug_macro   0x0000f4c1       0x22 src/ASF/common/utils/stdio/read.o
 .debug_macro   0x0000f4e3       0x1c src/ASF/common/utils/stdio/read.o
 .debug_macro   0x0000f4ff       0x58 src/ASF/common/utils/stdio/read.o
 .debug_macro   0x0000f557       0x10 src/ASF/common/utils/stdio/read.o
 .debug_macro   0x0000f567      0x273 src/ASF/common/utils/stdio/read.o
 .debug_macro   0x0000f7da      0xd43 src/ASF/common/utils/stdio/read.o
 .debug_macro   0x0001051d      0x131 src/ASF/common/utils/stdio/read.o
 .debug_macro   0x0001064e       0x58 src/ASF/common/utils/stdio/read.o
 .debug_macro   0x000106a6       0x35 src/ASF/common/utils/stdio/read.o
 .debug_macro   0x000106db       0xa3 src/ASF/common/utils/stdio/read.o
 .debug_macro   0x0001077e       0x16 src/ASF/common/utils/stdio/read.o
 .debug_macro   0x00010794       0x35 src/ASF/common/utils/stdio/read.o
 .debug_macro   0x000107c9       0x10 src/ASF/common/utils/stdio/read.o
 .debug_macro   0x000107d9       0x52 src/ASF/common/utils/stdio/read.o
 .debug_macro   0x0001082b       0x16 src/ASF/common/utils/stdio/read.o
 .debug_macro   0x00010841       0x43 src/ASF/common/utils/stdio/read.o
 .debug_macro   0x00010884      0x180 src/ASF/common/utils/stdio/read.o
 .debug_macro   0x00010a04       0x10 src/ASF/common/utils/stdio/read.o
 .debug_macro   0x00010a14       0x22 src/ASF/common/utils/stdio/read.o
 .debug_macro   0x00010a36       0xbd src/ASF/common/utils/stdio/read.o
 .debug_macro   0x00010af3       0x16 src/ASF/common/utils/stdio/read.o
 .debug_macro   0x00010b09      0x16c src/ASF/common/utils/stdio/read.o
 .debug_macro   0x00010c75       0x22 src/ASF/common/utils/stdio/read.o
 .debug_macro   0x00010c97       0x16 src/ASF/common/utils/stdio/read.o
 .debug_macro   0x00010cad       0x16 src/ASF/common/utils/stdio/read.o
 .debug_macro   0x00010cc3       0x29 src/ASF/common/utils/stdio/read.o
 .debug_macro   0x00010cec       0x6e src/ASF/common/utils/stdio/read.o
 .debug_macro   0x00010d5a       0x45 src/ASF/common/utils/stdio/read.o
 .debug_macro   0x00010d9f      0x3c3 src/ASF/common/utils/stdio/read.o
 .debug_macro   0x00011162      0x4f2 src/ASF/sam/drivers/usart/usart.o
 .debug_macro   0x00011654       0x28 src/ASF/sam/drivers/usart/usart.o
 .debug_macro   0x0001167c      0x5d6 src/ASF/thirdparty/wireless/addons/sio2host/uart/sio2host.o
 .debug_macro   0x00011c52       0x94 src/ASF/thirdparty/wireless/addons/sio2host/uart/sio2host.o
 .debug_macro   0x00011ce6       0x40 src/ASF/thirdparty/wireless/addons/sio2host/uart/sio2host.o
 .debug_macro   0x00011d26      0x248 src/ASF/thirdparty/wireless/addons/sio2host/uart/sio2host.o
 .debug_macro   0x00011f6e      0x790 src/ASF/thirdparty/wireless/addons/sio2host/uart/sio2host.o
 .debug_macro   0x000126fe       0x34 src/ASF/thirdparty/wireless/addons/sio2host/uart/sio2host.o
 .debug_macro   0x00012732       0x5e src/ASF/thirdparty/wireless/addons/sio2host/uart/sio2host.o
 .debug_macro   0x00012790       0x64 src/ASF/thirdparty/wireless/addons/sio2host/uart/sio2host.o
 .debug_macro   0x000127f4       0x5f src/ASF/thirdparty/wireless/addons/sio2host/uart/sio2host.o
 .debug_macro   0x00012853       0x90 src/ASF/thirdparty/wireless/addons/sio2host/uart/sio2host.o
 .debug_macro   0x000128e3       0x6a src/ASF/thirdparty/wireless/addons/sio2host/uart/sio2host.o
 .debug_macro   0x0001294d       0x34 src/ASF/thirdparty/wireless/addons/sio2host/uart/sio2host.o
 .debug_macro   0x00012981       0x1c src/ASF/thirdparty/wireless/addons/sio2host/uart/sio2host.o
 .debug_macro   0x0001299d       0x2e src/ASF/thirdparty/wireless/addons/sio2host/uart/sio2host.o
 .debug_macro   0x000129cb       0x1c src/ASF/thirdparty/wireless/addons/sio2host/uart/sio2host.o
 .debug_macro   0x000129e7       0x40 src/ASF/thirdparty/wireless/addons/sio2host/uart/sio2host.o
 .debug_macro   0x00012a27      0x5c4 src/console/ConsoleFunctions.o
 .debug_macro   0x00012feb       0x97 src/console/ConsoleFunctions.o
 .debug_macro   0x00013082       0xef src/console/ConsoleFunctions.o
 .debug_macro   0x00013171       0x4a src/console/ConsoleFunctions.o
 .debug_macro   0x000131bb      0x20f src/console/ConsoleFunctions.o
 .debug_macro   0x000133ca       0x70 src/console/ConsoleFunctions.o
 .debug_macro   0x0001343a       0x16 src/console/ConsoleFunctions.o
 .debug_macro   0x00013450      0x5d6 src/RaspDue.o
 .debug_macro   0x00013a26       0x52 src/RaspDue.o
 .debug_macro   0x00013a78      0x4a7 src/ASF/common/utils/stdio/write.o
 .debug_macro   0x00013f1f      0x55a src/ASF/common/services/serial/usart_serial.o
 .debug_macro   0x00014479      0x4b6 src/ASF/sam/drivers/uart/uart.o
 .debug_macro   0x0001492f       0x16 src/ASF/sam/drivers/uart/uart.o
 .debug_macro   0x00014945      0x527 src/ASF/common/services/clock/sam3x/sysclk.o
 .debug_macro   0x00014e6c      0x242 src/ASF/common/services/clock/sam3x/sysclk.o
 .debug_macro   0x000150ae      0x4b1 src/ASF/common/utils/interrupt/interrupt_sam_nvic.o
 .debug_macro   0x0001555f       0x3f src/ASF/common/utils/interrupt/interrupt_sam_nvic.o
 .debug_macro   0x0001559e      0x566 src/ASF/sam/boards/arduino_due_x/init.o
 .debug_macro   0x00015b04      0x4c2 src/ASF/sam/drivers/pio/pio.o
 .debug_macro   0x00015fc6       0x8e src/ASF/sam/drivers/pio/pio.o
 .debug_macro   0x00016054      0x4c6 src/ASF/sam/drivers/pio/pio_handler.o
 .debug_macro   0x0001651a      0x4bc src/ASF/sam/drivers/pmc/pmc.o
 .debug_macro   0x000169d6       0x58 src/ASF/sam/drivers/pmc/pmc.o
 .debug_macro   0x00016a2e      0x4bb src/ASF/sam/utils/cmsis/sam3x/source/templates/exceptions.o
 .debug_macro   0x00016ee9      0x4c9 src/ASF/sam/utils/cmsis/sam3x/source/templates/gcc/startup_sam3x.o
 .debug_macro   0x000173b2      0x4c9 src/ASF/sam/utils/cmsis/sam3x/source/templates/system_sam3x.o
 .debug_macro   0x0001787b       0x26 src/ASF/sam/utils/cmsis/sam3x/source/templates/system_sam3x.o
 .debug_macro   0x000178a1      0x129 src/ASF/sam/utils/syscalls/gcc/syscalls.o
 .debug_macro   0x000179ca       0x52 src/ASF/sam/utils/syscalls/gcc/syscalls.o
 .debug_macro   0x00017a1c       0x16 src/ASF/sam/utils/syscalls/gcc/syscalls.o
 .debug_macro   0x00017a32       0x10 src/ASF/sam/utils/syscalls/gcc/syscalls.o
 .debug_macro   0x00017a42       0x41 src/ASF/sam/utils/syscalls/gcc/syscalls.o
 .debug_macro   0x00017a83      0x120 src/ASF/sam/utils/syscalls/gcc/syscalls.o
 .debug_macro   0x00017ba3      0x5e1 src/main.o

.debug_line     0x00000000     0xefce
 .debug_line    0x00000000      0xad9 src/ASF/common/utils/stdio/read.o
 .debug_line    0x00000ad9     0x11aa src/ASF/sam/drivers/usart/usart.o
 .debug_line    0x00001c83      0xff5 src/ASF/thirdparty/wireless/addons/sio2host/uart/sio2host.o
 .debug_line    0x00002c78      0xf0a src/console/ConsoleFunctions.o
 .debug_line    0x00003b82      0xed3 src/RaspDue.o
 .debug_line    0x00004a55      0xacf src/ASF/common/utils/stdio/write.o
 .debug_line    0x00005524      0xd1b src/ASF/common/services/serial/usart_serial.o
 .debug_line    0x0000623f      0xc8f src/ASF/sam/drivers/uart/uart.o
 .debug_line    0x00006ece      0xc48 src/ASF/common/services/clock/sam3x/sysclk.o
 .debug_line    0x00007b16      0xaf2 src/ASF/common/utils/interrupt/interrupt_sam_nvic.o
 .debug_line    0x00008608      0xcdf src/ASF/sam/boards/arduino_due_x/init.o
 .debug_line    0x000092e7      0xe42 src/ASF/sam/drivers/pio/pio.o
 .debug_line    0x0000a129      0xb8d src/ASF/sam/drivers/pio/pio_handler.o
 .debug_line    0x0000acb6     0x1045 src/ASF/sam/drivers/pmc/pmc.o
 .debug_line    0x0000bcfb      0xab5 src/ASF/sam/utils/cmsis/sam3x/source/templates/exceptions.o
 .debug_line    0x0000c7b0      0xb05 src/ASF/sam/utils/cmsis/sam3x/source/templates/gcc/startup_sam3x.o
 .debug_line    0x0000d2b5      0xb22 src/ASF/sam/utils/cmsis/sam3x/source/templates/system_sam3x.o
 .debug_line    0x0000ddd7      0x39b src/ASF/sam/utils/syscalls/gcc/syscalls.o
 .debug_line    0x0000e172      0xe5c src/main.o

.debug_str      0x00000000    0x60761
 .debug_str     0x00000000    0x5889b src/ASF/common/utils/stdio/read.o
                              0x58b8d (size before relaxing)
 .debug_str     0x0005889b      0xc86 src/ASF/sam/drivers/usart/usart.o
                              0x59804 (size before relaxing)
 .debug_str     0x00059521     0x50db src/ASF/thirdparty/wireless/addons/sio2host/uart/sio2host.o
                              0x5df35 (size before relaxing)
 .debug_str     0x0005e5fc       0x98 src/console/ConsoleFunctions.o
                              0x5d8ff (size before relaxing)
 .debug_str     0x0005e694      0x47e src/RaspDue.o
                              0x5d940 (size before relaxing)
 .debug_str     0x0005eb12       0x26 src/ASF/common/utils/stdio/write.o
                              0x58b8f (size before relaxing)
 .debug_str     0x0005eb38       0x64 src/ASF/common/services/serial/usart_serial.o
                              0x5cb62 (size before relaxing)
 .debug_str     0x0005eb9c      0x203 src/ASF/sam/drivers/uart/uart.o
                              0x58f53 (size before relaxing)
 .debug_str     0x0005ed9f      0x24c src/ASF/common/services/clock/sam3x/sysclk.o
                              0x5c95d (size before relaxing)
 .debug_str     0x0005efeb       0x73 src/ASF/common/utils/interrupt/interrupt_sam_nvic.o
                              0x58bde (size before relaxing)
 .debug_str     0x0005f05e       0x74 src/ASF/sam/boards/arduino_due_x/init.o
                              0x5d117 (size before relaxing)
 .debug_str     0x0005f0d2      0x432 src/ASF/sam/drivers/pio/pio.o
                              0x59532 (size before relaxing)
 .debug_str     0x0005f504      0x1bf src/ASF/sam/drivers/pio/pio_handler.o
                              0x5957a (size before relaxing)
 .debug_str     0x0005f6c3      0x67e src/ASF/sam/drivers/pmc/pmc.o
                              0x595a8 (size before relaxing)
 .debug_str     0x0005fd41       0x4d src/ASF/sam/utils/cmsis/sam3x/source/templates/exceptions.o
                              0x58ba7 (size before relaxing)
 .debug_str     0x0005fd8e       0xb2 src/ASF/sam/utils/cmsis/sam3x/source/templates/gcc/startup_sam3x.o
                              0x58c7c (size before relaxing)
 .debug_str     0x0005fe40      0x1cd src/ASF/sam/utils/cmsis/sam3x/source/templates/system_sam3x.o
                              0x58e8f (size before relaxing)
 .debug_str     0x0006000d      0x741 src/ASF/sam/utils/syscalls/gcc/syscalls.o
                               0x4f21 (size before relaxing)
 .debug_str     0x0006074e       0x13 src/main.o
                              0x5d5ea (size before relaxing)

.debug_frame    0x00000000     0x1f0c
 .debug_frame   0x00000000       0x30 src/ASF/common/utils/stdio/read.o
 .debug_frame   0x00000030      0x5c8 src/ASF/sam/drivers/usart/usart.o
 .debug_frame   0x000005f8      0x10c src/ASF/thirdparty/wireless/addons/sio2host/uart/sio2host.o
 .debug_frame   0x00000704       0x68 src/console/ConsoleFunctions.o
 .debug_frame   0x0000076c       0x48 src/RaspDue.o
 .debug_frame   0x000007b4       0x30 src/ASF/common/utils/stdio/write.o
 .debug_frame   0x000007e4       0x60 src/ASF/common/services/serial/usart_serial.o
 .debug_frame   0x00000844      0x1b8 src/ASF/sam/drivers/uart/uart.o
 .debug_frame   0x000009fc       0x88 src/ASF/common/services/clock/sam3x/sysclk.o
 .debug_frame   0x00000a84       0x30 src/ASF/common/utils/interrupt/interrupt_sam_nvic.o
 .debug_frame   0x00000ab4       0x28 src/ASF/sam/boards/arduino_due_x/init.o
 .debug_frame   0x00000adc      0x2a8 src/ASF/sam/drivers/pio/pio.o
 .debug_frame   0x00000d84       0xf8 src/ASF/sam/drivers/pio/pio_handler.o
 .debug_frame   0x00000e7c      0x410 src/ASF/sam/drivers/pmc/pmc.o
 .debug_frame   0x0000128c       0x20 src/ASF/sam/utils/cmsis/sam3x/source/templates/exceptions.o
 .debug_frame   0x000012ac       0x28 src/ASF/sam/utils/cmsis/sam3x/source/templates/gcc/startup_sam3x.o
 .debug_frame   0x000012d4       0x40 src/ASF/sam/utils/cmsis/sam3x/source/templates/system_sam3x.o
 .debug_frame   0x00001314       0xa8 src/ASF/sam/utils/syscalls/gcc/syscalls.o
 .debug_frame   0x000013bc       0x28 src/main.o
 .debug_frame   0x000013e4       0x2c c:/program files (x86)/atmel/atmel toolchain/arm gcc/native/4.8.1443/arm-gnu-toolchain/bin/../lib/gcc/arm-none-eabi/4.8.4/../../../../arm-none-eabi/lib/armv7-m\libc.a(lib_a-init.o)
 .debug_frame   0x00001410       0x5c c:/program files (x86)/atmel/atmel toolchain/arm gcc/native/4.8.1443/arm-gnu-toolchain/bin/../lib/gcc/arm-none-eabi/4.8.4/../../../../arm-none-eabi/lib/armv7-m\libc.a(lib_a-iprintf.o)
 .debug_frame   0x0000146c       0x2c c:/program files (x86)/atmel/atmel toolchain/arm gcc/native/4.8.1443/arm-gnu-toolchain/bin/../lib/gcc/arm-none-eabi/4.8.4/../../../../arm-none-eabi/lib/armv7-m\libc.a(lib_a-memset.o)
 .debug_frame   0x00001498       0x20 c:/program files (x86)/atmel/atmel toolchain/arm gcc/native/4.8.1443/arm-gnu-toolchain/bin/../lib/gcc/arm-none-eabi/4.8.4/../../../../arm-none-eabi/lib/armv7-m\libc.a(lib_a-setbuf.o)
 .debug_frame   0x000014b8       0x30 c:/program files (x86)/atmel/atmel toolchain/arm gcc/native/4.8.1443/arm-gnu-toolchain/bin/../lib/gcc/arm-none-eabi/4.8.4/../../../../arm-none-eabi/lib/armv7-m\libc.a(lib_a-setvbuf.o)
 .debug_frame   0x000014e8       0xb8 c:/program files (x86)/atmel/atmel toolchain/arm gcc/native/4.8.1443/arm-gnu-toolchain/bin/../lib/gcc/arm-none-eabi/4.8.4/../../../../arm-none-eabi/lib/armv7-m\libc.a(lib_a-vfiprintf.o)
 .debug_frame   0x000015a0       0x2c c:/program files (x86)/atmel/atmel toolchain/arm gcc/native/4.8.1443/arm-gnu-toolchain/bin/../lib/gcc/arm-none-eabi/4.8.4/../../../../arm-none-eabi/lib/armv7-m\libc.a(lib_a-wsetup.o)
 .debug_frame   0x000015cc       0x48 c:/program files (x86)/atmel/atmel toolchain/arm gcc/native/4.8.1443/arm-gnu-toolchain/bin/../lib/gcc/arm-none-eabi/4.8.4/../../../../arm-none-eabi/lib/armv7-m\libc.a(lib_a-__call_atexit.o)
 .debug_frame   0x00001614       0x20 c:/program files (x86)/atmel/atmel toolchain/arm gcc/native/4.8.1443/arm-gnu-toolchain/bin/../lib/gcc/arm-none-eabi/4.8.4/../../../../arm-none-eabi/lib/armv7-m\libc.a(lib_a-atexit.o)
 .debug_frame   0x00001634       0x5c c:/program files (x86)/atmel/atmel toolchain/arm gcc/native/4.8.1443/arm-gnu-toolchain/bin/../lib/gcc/arm-none-eabi/4.8.4/../../../../arm-none-eabi/lib/armv7-m\libc.a(lib_a-fflush.o)
 .debug_frame   0x00001690      0x110 c:/program files (x86)/atmel/atmel toolchain/arm gcc/native/4.8.1443/arm-gnu-toolchain/bin/../lib/gcc/arm-none-eabi/4.8.4/../../../../arm-none-eabi/lib/armv7-m\libc.a(lib_a-findfp.o)
 .debug_frame   0x000017a0       0x2c c:/program files (x86)/atmel/atmel toolchain/arm gcc/native/4.8.1443/arm-gnu-toolchain/bin/../lib/gcc/arm-none-eabi/4.8.4/../../../../arm-none-eabi/lib/armv7-m\libc.a(lib_a-fini.o)
 .debug_frame   0x000017cc       0x50 c:/program files (x86)/atmel/atmel toolchain/arm gcc/native/4.8.1443/arm-gnu-toolchain/bin/../lib/gcc/arm-none-eabi/4.8.4/../../../../arm-none-eabi/lib/armv7-m\libc.a(lib_a-fputwc.o)
 .debug_frame   0x0000181c       0x50 c:/program files (x86)/atmel/atmel toolchain/arm gcc/native/4.8.1443/arm-gnu-toolchain/bin/../lib/gcc/arm-none-eabi/4.8.4/../../../../arm-none-eabi/lib/armv7-m\libc.a(lib_a-freer.o)
 .debug_frame   0x0000186c       0x38 c:/program files (x86)/atmel/atmel toolchain/arm gcc/native/4.8.1443/arm-gnu-toolchain/bin/../lib/gcc/arm-none-eabi/4.8.4/../../../../arm-none-eabi/lib/armv7-m\libc.a(lib_a-fvwrite.o)
 .debug_frame   0x000018a4       0x54 c:/program files (x86)/atmel/atmel toolchain/arm gcc/native/4.8.1443/arm-gnu-toolchain/bin/../lib/gcc/arm-none-eabi/4.8.4/../../../../arm-none-eabi/lib/armv7-m\libc.a(lib_a-fwalk.o)
 .debug_frame   0x000018f8       0x98 c:/program files (x86)/atmel/atmel toolchain/arm gcc/native/4.8.1443/arm-gnu-toolchain/bin/../lib/gcc/arm-none-eabi/4.8.4/../../../../arm-none-eabi/lib/armv7-m\libc.a(lib_a-locale.o)
 .debug_frame   0x00001990       0x30 c:/program files (x86)/atmel/atmel toolchain/arm gcc/native/4.8.1443/arm-gnu-toolchain/bin/../lib/gcc/arm-none-eabi/4.8.4/../../../../arm-none-eabi/lib/armv7-m\libc.a(lib_a-makebuf.o)
 .debug_frame   0x000019c0       0x30 c:/program files (x86)/atmel/atmel toolchain/arm gcc/native/4.8.1443/arm-gnu-toolchain/bin/../lib/gcc/arm-none-eabi/4.8.4/../../../../arm-none-eabi/lib/armv7-m\libc.a(lib_a-malloc.o)
 .debug_frame   0x000019f0       0x38 c:/program files (x86)/atmel/atmel toolchain/arm gcc/native/4.8.1443/arm-gnu-toolchain/bin/../lib/gcc/arm-none-eabi/4.8.4/../../../../arm-none-eabi/lib/armv7-m\libc.a(lib_a-mallocr.o)
 .debug_frame   0x00001a28       0x2c c:/program files (x86)/atmel/atmel toolchain/arm gcc/native/4.8.1443/arm-gnu-toolchain/bin/../lib/gcc/arm-none-eabi/4.8.4/../../../../arm-none-eabi/lib/armv7-m\libc.a(lib_a-memchr-stub.o)
 .debug_frame   0x00001a54       0x2c c:/program files (x86)/atmel/atmel toolchain/arm gcc/native/4.8.1443/arm-gnu-toolchain/bin/../lib/gcc/arm-none-eabi/4.8.4/../../../../arm-none-eabi/lib/armv7-m\libc.a(lib_a-memmove.o)
 .debug_frame   0x00001a80       0x30 c:/program files (x86)/atmel/atmel toolchain/arm gcc/native/4.8.1443/arm-gnu-toolchain/bin/../lib/gcc/arm-none-eabi/4.8.4/../../../../arm-none-eabi/lib/armv7-m\libc.a(lib_a-mlock.o)
 .debug_frame   0x00001ab0       0x38 c:/program files (x86)/atmel/atmel toolchain/arm gcc/native/4.8.1443/arm-gnu-toolchain/bin/../lib/gcc/arm-none-eabi/4.8.4/../../../../arm-none-eabi/lib/armv7-m\libc.a(lib_a-reallocr.o)
 .debug_frame   0x00001ae8       0x2c c:/program files (x86)/atmel/atmel toolchain/arm gcc/native/4.8.1443/arm-gnu-toolchain/bin/../lib/gcc/arm-none-eabi/4.8.4/../../../../arm-none-eabi/lib/armv7-m\libc.a(lib_a-sbrkr.o)
 .debug_frame   0x00001b14       0x80 c:/program files (x86)/atmel/atmel toolchain/arm gcc/native/4.8.1443/arm-gnu-toolchain/bin/../lib/gcc/arm-none-eabi/4.8.4/../../../../arm-none-eabi/lib/armv7-m\libc.a(lib_a-stdio.o)
 .debug_frame   0x00001b94       0x20 c:/program files (x86)/atmel/atmel toolchain/arm gcc/native/4.8.1443/arm-gnu-toolchain/bin/../lib/gcc/arm-none-eabi/4.8.4/../../../../arm-none-eabi/lib/armv7-m\libc.a(lib_a-strlen.o)
 .debug_frame   0x00001bb4       0x40 c:/program files (x86)/atmel/atmel toolchain/arm gcc/native/4.8.1443/arm-gnu-toolchain/bin/../lib/gcc/arm-none-eabi/4.8.4/../../../../arm-none-eabi/lib/armv7-m\libc.a(lib_a-wbuf.o)
 .debug_frame   0x00001bf4       0x58 c:/program files (x86)/atmel/atmel toolchain/arm gcc/native/4.8.1443/arm-gnu-toolchain/bin/../lib/gcc/arm-none-eabi/4.8.4/../../../../arm-none-eabi/lib/armv7-m\libc.a(lib_a-wcrtomb.o)
 .debug_frame   0x00001c4c       0x44 c:/program files (x86)/atmel/atmel toolchain/arm gcc/native/4.8.1443/arm-gnu-toolchain/bin/../lib/gcc/arm-none-eabi/4.8.4/../../../../arm-none-eabi/lib/armv7-m\libc.a(lib_a-wctomb_r.o)
 .debug_frame   0x00001c90       0x2c c:/program files (x86)/atmel/atmel toolchain/arm gcc/native/4.8.1443/arm-gnu-toolchain/bin/../lib/gcc/arm-none-eabi/4.8.4/../../../../arm-none-eabi/lib/armv7-m\libc.a(lib_a-writer.o)
 .debug_frame   0x00001cbc       0x30 c:/program files (x86)/atmel/atmel toolchain/arm gcc/native/4.8.1443/arm-gnu-toolchain/bin/../lib/gcc/arm-none-eabi/4.8.4/../../../../arm-none-eabi/lib/armv7-m\libc.a(lib_a-__atexit.o)
 .debug_frame   0x00001cec       0x2c c:/program files (x86)/atmel/atmel toolchain/arm gcc/native/4.8.1443/arm-gnu-toolchain/bin/../lib/gcc/arm-none-eabi/4.8.4/../../../../arm-none-eabi/lib/armv7-m\libc.a(lib_a-closer.o)
 .debug_frame   0x00001d18       0x3c c:/program files (x86)/atmel/atmel toolchain/arm gcc/native/4.8.1443/arm-gnu-toolchain/bin/../lib/gcc/arm-none-eabi/4.8.4/../../../../arm-none-eabi/lib/armv7-m\libc.a(lib_a-fclose.o)
 .debug_frame   0x00001d54       0x2c c:/program files (x86)/atmel/atmel toolchain/arm gcc/native/4.8.1443/arm-gnu-toolchain/bin/../lib/gcc/arm-none-eabi/4.8.4/../../../../arm-none-eabi/lib/armv7-m\libc.a(lib_a-fstatr.o)
 .debug_frame   0x00001d80       0x2c c:/program files (x86)/atmel/atmel toolchain/arm gcc/native/4.8.1443/arm-gnu-toolchain/bin/../lib/gcc/arm-none-eabi/4.8.4/../../../../arm-none-eabi/lib/armv7-m\libc.a(lib_a-isattyr.o)
 .debug_frame   0x00001dac       0x2c c:/program files (x86)/atmel/atmel toolchain/arm gcc/native/4.8.1443/arm-gnu-toolchain/bin/../lib/gcc/arm-none-eabi/4.8.4/../../../../arm-none-eabi/lib/armv7-m\libc.a(lib_a-lseekr.o)
 .debug_frame   0x00001dd8       0x2c c:/program files (x86)/atmel/atmel toolchain/arm gcc/native/4.8.1443/arm-gnu-toolchain/bin/../lib/gcc/arm-none-eabi/4.8.4/../../../../arm-none-eabi/lib/armv7-m\libc.a(lib_a-readr.o)
 .debug_frame   0x00001e04       0x48 c:/program files (x86)/atmel/atmel toolchain/arm gcc/native/4.8.1443/arm-gnu-toolchain/bin/../lib/gcc/arm-none-eabi/4.8.4/../../../../arm-none-eabi/lib/armv7-m\libc.a(lib_a-reent.o)
 .debug_frame   0x00001e4c       0x58 c:/program files (x86)/atmel/atmel toolchain/arm gcc/native/4.8.1443/arm-gnu-toolchain/bin/../lib/gcc/arm-none-eabi/4.8.4/armv7-m\libgcc.a(bpabi.o)
 .debug_frame   0x00001ea4       0x34 c:/program files (x86)/atmel/atmel toolchain/arm gcc/native/4.8.1443/arm-gnu-toolchain/bin/../lib/gcc/arm-none-eabi/4.8.4/armv7-m\libgcc.a(_divdi3.o)
 .debug_frame   0x00001ed8       0x34 c:/program files (x86)/atmel/atmel toolchain/arm gcc/native/4.8.1443/arm-gnu-toolchain/bin/../lib/gcc/arm-none-eabi/4.8.4/armv7-m\libgcc.a(_udivdi3.o)

Cross Reference Table

Symbol                                            File
ADC_Handler                                       src/ASF/sam/utils/cmsis/sam3x/source/templates/exceptions.o
                                                  src/ASF/sam/utils/cmsis/sam3x/source/templates/gcc/startup_sam3x.o
BusFault_Handler                                  src/ASF/sam/utils/cmsis/sam3x/source/templates/exceptions.o
                                                  src/ASF/sam/utils/cmsis/sam3x/source/templates/gcc/startup_sam3x.o
CAN0_Handler                                      src/ASF/sam/utils/cmsis/sam3x/source/templates/exceptions.o
                                                  src/ASF/sam/utils/cmsis/sam3x/source/templates/gcc/startup_sam3x.o
CAN1_Handler                                      src/ASF/sam/utils/cmsis/sam3x/source/templates/exceptions.o
                                                  src/ASF/sam/utils/cmsis/sam3x/source/templates/gcc/startup_sam3x.o
DACC_Handler                                      src/ASF/sam/utils/cmsis/sam3x/source/templates/exceptions.o
                                                  src/ASF/sam/utils/cmsis/sam3x/source/templates/gcc/startup_sam3x.o
DMAC_Handler                                      src/ASF/sam/utils/cmsis/sam3x/source/templates/exceptions.o
                                                  src/ASF/sam/utils/cmsis/sam3x/source/templates/gcc/startup_sam3x.o
DebugMon_Handler                                  src/ASF/sam/utils/cmsis/sam3x/source/templates/exceptions.o
                                                  src/ASF/sam/utils/cmsis/sam3x/source/templates/gcc/startup_sam3x.o
Dummy_Handler                                     src/ASF/sam/utils/cmsis/sam3x/source/templates/exceptions.o
EFC0_Handler                                      src/ASF/sam/utils/cmsis/sam3x/source/templates/exceptions.o
                                                  src/ASF/sam/utils/cmsis/sam3x/source/templates/gcc/startup_sam3x.o
EFC1_Handler                                      src/ASF/sam/utils/cmsis/sam3x/source/templates/exceptions.o
                                                  src/ASF/sam/utils/cmsis/sam3x/source/templates/gcc/startup_sam3x.o
EMAC_Handler                                      src/ASF/sam/utils/cmsis/sam3x/source/templates/exceptions.o
                                                  src/ASF/sam/utils/cmsis/sam3x/source/templates/gcc/startup_sam3x.o
HSMCI_Handler                                     src/ASF/sam/utils/cmsis/sam3x/source/templates/exceptions.o
                                                  src/ASF/sam/utils/cmsis/sam3x/source/templates/gcc/startup_sam3x.o
HardFault_Handler                                 src/ASF/sam/utils/cmsis/sam3x/source/templates/exceptions.o
                                                  src/ASF/sam/utils/cmsis/sam3x/source/templates/gcc/startup_sam3x.o
MemManage_Handler                                 src/ASF/sam/utils/cmsis/sam3x/source/templates/exceptions.o
                                                  src/ASF/sam/utils/cmsis/sam3x/source/templates/gcc/startup_sam3x.o
NMI_Handler                                       src/ASF/sam/utils/cmsis/sam3x/source/templates/exceptions.o
                                                  src/ASF/sam/utils/cmsis/sam3x/source/templates/gcc/startup_sam3x.o
PIOA_Handler                                      src/ASF/sam/drivers/pio/pio_handler.o
                                                  src/ASF/sam/utils/cmsis/sam3x/source/templates/gcc/startup_sam3x.o
PIOB_Handler                                      src/ASF/sam/drivers/pio/pio_handler.o